Component: ARM Compiler 5.06 update 5 (build 528) Tool: armlink [4d35e2]

==============================================================================

Section Cross References

    startup_stm32f10x_md.o(STACK) refers (Special) to heapauxi.o(.text) for __use_two_region_memory
    startup_stm32f10x_md.o(HEAP) refers (Special) to heapauxi.o(.text) for __use_two_region_memory
    startup_stm32f10x_md.o(RESET) refers (Special) to heapauxi.o(.text) for __use_two_region_memory
    startup_stm32f10x_md.o(RESET) refers to startup_stm32f10x_md.o(STACK) for __initial_sp
    startup_stm32f10x_md.o(RESET) refers to startup_stm32f10x_md.o(.text) for Reset_Handler
    startup_stm32f10x_md.o(RESET) refers to stm32f10x_it.o(i.NMI_Handler) for NMI_Handler
    startup_stm32f10x_md.o(RESET) refers to stm32f10x_it.o(i.HardFault_Handler) for HardFault_Handler
    startup_stm32f10x_md.o(RESET) refers to stm32f10x_it.o(i.MemManage_Handler) for MemManage_Handler
    startup_stm32f10x_md.o(RESET) refers to stm32f10x_it.o(i.BusFault_Handler) for BusFault_Handler
    startup_stm32f10x_md.o(RESET) refers to stm32f10x_it.o(i.UsageFault_Handler) for UsageFault_Handler
    startup_stm32f10x_md.o(RESET) refers to stm32f10x_it.o(i.SVC_Handler) for SVC_Handler
    startup_stm32f10x_md.o(RESET) refers to stm32f10x_it.o(i.DebugMon_Handler) for DebugMon_Handler
    startup_stm32f10x_md.o(RESET) refers to stm32f10x_it.o(i.PendSV_Handler) for PendSV_Handler
    startup_stm32f10x_md.o(RESET) refers to stm32f10x_it.o(i.SysTick_Handler) for SysTick_Handler
    startup_stm32f10x_md.o(RESET) refers to main.o(i.TIM2_IRQHandler) for TIM2_IRQHandler
    startup_stm32f10x_md.o(RESET) refers to serial.o(i.USART3_IRQHandler) for USART3_IRQHandler
    startup_stm32f10x_md.o(.text) refers (Special) to heapauxi.o(.text) for __use_two_region_memory
    startup_stm32f10x_md.o(.text) refers to system_stm32f10x.o(i.SystemInit) for SystemInit
    startup_stm32f10x_md.o(.text) refers to __main.o(!!!main) for __main
    startup_stm32f10x_md.o(.text) refers to startup_stm32f10x_md.o(HEAP) for Heap_Mem
    startup_stm32f10x_md.o(.text) refers to startup_stm32f10x_md.o(STACK) for Stack_Mem
    system_stm32f10x.o(i.SetSysClock) refers to system_stm32f10x.o(i.SetSysClockTo72) for SetSysClockTo72
    system_stm32f10x.o(i.SystemCoreClockUpdate) refers to system_stm32f10x.o(.data) for SystemCoreClock
    system_stm32f10x.o(i.SystemInit) refers to system_stm32f10x.o(i.SetSysClock) for SetSysClock
    stm32f10x_adc.o(i.ADC_DeInit) refers to stm32f10x_rcc.o(i.RCC_APB2PeriphResetCmd) for RCC_APB2PeriphResetCmd
    stm32f10x_bkp.o(i.BKP_DeInit) refers to stm32f10x_rcc.o(i.RCC_BackupResetCmd) for RCC_BackupResetCmd
    stm32f10x_can.o(i.CAN_DeInit) refers to stm32f10x_rcc.o(i.RCC_APB1PeriphResetCmd) for RCC_APB1PeriphResetCmd
    stm32f10x_can.o(i.CAN_GetITStatus) refers to stm32f10x_can.o(i.CheckITStatus) for CheckITStatus
    stm32f10x_cec.o(i.CEC_DeInit) refers to stm32f10x_rcc.o(i.RCC_APB1PeriphResetCmd) for RCC_APB1PeriphResetCmd
    stm32f10x_dac.o(i.DAC_DeInit) refers to stm32f10x_rcc.o(i.RCC_APB1PeriphResetCmd) for RCC_APB1PeriphResetCmd
    stm32f10x_flash.o(i.FLASH_EnableWriteProtection) refers to stm32f10x_flash.o(i.FLASH_WaitForLastOperation) for FLASH_WaitForLastOperation
    stm32f10x_flash.o(i.FLASH_EraseAllBank1Pages) refers to stm32f10x_flash.o(i.FLASH_WaitForLastBank1Operation) for FLASH_WaitForLastBank1Operation
    stm32f10x_flash.o(i.FLASH_EraseAllPages) refers to stm32f10x_flash.o(i.FLASH_WaitForLastOperation) for FLASH_WaitForLastOperation
    stm32f10x_flash.o(i.FLASH_EraseOptionBytes) refers to stm32f10x_flash.o(i.FLASH_GetReadOutProtectionStatus) for FLASH_GetReadOutProtectionStatus
    stm32f10x_flash.o(i.FLASH_EraseOptionBytes) refers to stm32f10x_flash.o(i.FLASH_WaitForLastOperation) for FLASH_WaitForLastOperation
    stm32f10x_flash.o(i.FLASH_ErasePage) refers to stm32f10x_flash.o(i.FLASH_WaitForLastOperation) for FLASH_WaitForLastOperation
    stm32f10x_flash.o(i.FLASH_ProgramHalfWord) refers to stm32f10x_flash.o(i.FLASH_WaitForLastOperation) for FLASH_WaitForLastOperation
    stm32f10x_flash.o(i.FLASH_ProgramOptionByteData) refers to stm32f10x_flash.o(i.FLASH_WaitForLastOperation) for FLASH_WaitForLastOperation
    stm32f10x_flash.o(i.FLASH_ProgramWord) refers to stm32f10x_flash.o(i.FLASH_WaitForLastOperation) for FLASH_WaitForLastOperation
    stm32f10x_flash.o(i.FLASH_ReadOutProtection) refers to stm32f10x_flash.o(i.FLASH_WaitForLastOperation) for FLASH_WaitForLastOperation
    stm32f10x_flash.o(i.FLASH_UserOptionByteConfig) refers to stm32f10x_flash.o(i.FLASH_WaitForLastOperation) for FLASH_WaitForLastOperation
    stm32f10x_flash.o(i.FLASH_WaitForLastBank1Operation) refers to stm32f10x_flash.o(i.FLASH_GetBank1Status) for FLASH_GetBank1Status
    stm32f10x_flash.o(i.FLASH_WaitForLastOperation) refers to stm32f10x_flash.o(i.FLASH_GetBank1Status) for FLASH_GetBank1Status
[...]
    __initial_sp                             0x20000ed0   Data           0  startup_stm32f10x_md.o(STACK)

    Global Symbols

    Symbol Name                              Value     Ov Type        Size  Object(Section)

    BuildAttributes$$THM_ISAv4$P$D$K$B$S$PE$A:L22UL41UL21$X:L11$S22US41US21$IEEE1$IW$USESV6$~STKCKD$USESV7$~SHL$OTIME$ROPI$IEEEX$EBA8$UX$STANDARDLIB$REQ8$PRES8$EABIv2 0x00000000   Number         0  anon$$obj.o ABSOLUTE
    __ARM_use_no_argv                        0x00000000   Number         0  main.o ABSOLUTE
    _printf_flags                            0x00000000   Number         0  printf_stubs.o ABSOLUTE
    _printf_return_value                     0x00000000   Number         0  printf_stubs.o ABSOLUTE
    _printf_sizespec                         0x00000000   Number         0  printf_stubs.o ABSOLUTE
    _printf_widthprec                        0x00000000   Number         0  printf_stubs.o ABSOLUTE
    __ARM_exceptions_init                     - Undefined Weak Reference
    __alloca_initialize                       - Undefined Weak Reference
    __arm_preinit_                            - Undefined Weak Reference
    __cpp_initialize__aeabi_                  - Undefined Weak Reference
    __cxa_finalize                            - Undefined Weak Reference
    __sigvec_lookup                           - Undefined Weak Reference
    _atexit_init                              - Undefined Weak Reference
    _call_atexit_fns                          - Undefined Weak Reference
    _clock_init                               - Undefined Weak Reference
    _fp_trap_init                             - Undefined Weak Reference
    _fp_trap_shutdown                         - Undefined Weak Reference
    _get_lc_collate                           - Undefined Weak Reference
    _get_lc_monetary                          - Undefined Weak Reference
    _get_lc_time                              - Undefined Weak Reference
    _getenv_init                              - Undefined Weak Reference
    _handle_redirection                       - Undefined Weak Reference
    _init_alloc                               - Undefined Weak Reference
    _init_user_alloc                          - Undefined Weak Reference
    _initio                                   - Undefined Weak Reference
    _printf_mbtowc                            - Undefined Weak Reference
    _printf_wc                                - Undefined Weak Reference
    _rand_init                                - Undefined Weak Reference
    _signal_finish                            - Undefined Weak Reference
    _signal_init                              - Undefined Weak Reference
    _terminate_alloc                          - Undefined Weak Reference
    _terminate_user_alloc                     - Undefined Weak Reference
    _terminateio                              - Undefined Weak Reference
    __Vectors_Size                           0x000000ec   Number         0  startup_stm32f10x_md.o ABSOLUTE
    __Vectors                                0x08000000   Data           4  startup_stm32f10x_md.o(RESET)
    __Vectors_End                            0x080000ec   Data           0  startup_stm32f10x_md.o(RESET)
    __main                                   0x080000ed   Thumb Code     8  __main.o(!!!main)
    __scatterload                            0x080000f5   Thumb Code     0  __scatter.o(!!!scatter)
    __scatterload_rt2                        0x080000f5   Thumb Code    44  __scatter.o(!!!scatter)
    __scatterload_rt2_thumb_only             0x080000f5   Thumb Code     0  __scatter.o(!!!scatter)
    __scatterload_null                       0x08000103   Thumb Code     0  __scatter.o(!!!scatter)
    __decompress                             0x08000129   Thumb Code    58  __dczerorl.o(!!dczerorl)
    __decompress0                            0x08000129   Thumb Code     0  __dczerorl.o(!!dczerorl)
    __scatterload_zeroinit                   0x08000165   Thumb Code    28  __scatter_zi.o(!!handler_zi)
    _printf_n                                0x08000181   Thumb Code     0  _printf_n.o(.ARM.Collect$$_printf_percent$$00000001)
    _printf_percent                          0x08000181   Thumb Code     0  _printf_percent.o(.ARM.Collect$$_printf_percent$$00000000)
    _printf_p                                0x08000187   Thumb Code     0  _printf_p.o(.ARM.Collect$$_printf_percent$$00000002)
    _printf_f                                0x0800018d   Thumb Code     0  _printf_f.o(.ARM.Collect$$_printf_percent$$00000003)
    _printf_e                                0x08000193   Thumb Code     0  _printf_e.o(.ARM.Collect$$_printf_percent$$00000004)
    _printf_g                                0x08000199   Thumb Code     0  _printf_g.o(.ARM.Collect$$_printf_percent$$00000005)
    _printf_a                                0x0800019f   Thumb Code     0  _printf_a.o(.ARM.Collect$$_printf_percent$$00000006)
    _printf_ll                               0x080001a5   Thumb Code     0  _printf_ll.o(.ARM.Collect$$_printf_percent$$00000007)
    _printf_i                                0x080001af   Thumb Code     0  _printf_i.o(.ARM.Collect$$_printf_percent$$00000008)
    _printf_d                                0x080001b5   Thumb Code     0  _printf_d.o(.ARM.Collect$$_printf_percent$$00000009)
    _printf_u                                0x080001bb   Thumb Code     0  _printf_u.o(.ARM.Collect$$_printf_percent$$0000000A)
    _printf_o                                0x080001c1   Thumb Code     0  _printf_o.o(.ARM.Collect$$_printf_percent$$0000000B)
    _printf_x                                0x080001c7   Thumb Code     0  _printf_x.o(.ARM.Collect$$_printf_percent$$0000000C)
    _printf_lli                              0x080001cd   Thumb Code     0  _printf_lli.o(.ARM.Collect$$_printf_percent$$0000000D)
    _printf_lld                              0x080001d3   Thumb Code     0  _printf_lld.o(.ARM.Collect$$_printf_percent$$0000000E)
    _printf_llu                              0x080001d9   Thumb Code     0  _printf_llu.o(.ARM.Collect$$_printf_percent$$0000000F)
    _printf_llo                              0x080001df   Thumb Code     0  _printf_llo.o(.ARM.Collect$$_printf_percent$$00000010)
    _printf_llx                              0x080001e5   Thumb Code     0  _printf_llx.o(.ARM.Collect$$_printf_percent$$00000011)
    _printf_l                                0x080001eb   Thumb Code     0  _printf_l.o(.ARM.Collect$$_printf_percent$$00000012)
    _printf_c                                0x080001f5   Thumb Code     0  _printf_c.o(.ARM.Collect$$_printf_percent$$00000013)
    _printf_s                                0x080001fb   Thumb Code     0  _printf_s.o(.ARM.Collect$$_printf_percent$$00000014)
    _printf_lc                               0x08000201   Thumb Code     0  _printf_lc.o(.ARM.Collect$$_printf_percent$$00000015)
    _printf_ls                               0x08000207   Thumb Code     0  _printf_ls.o(.ARM.Collect$$_printf_percent$$00000016)
    _printf_percent_end                      0x0800020d   Thumb Code     0  _printf_percent_end.o(.ARM.Collect$$_printf_percent$$00000017)
    __rt_lib_init                            0x08000211   Thumb Code     0  libinit.o(.ARM.Collect$$libinit$$00000000)
    __rt_lib_init_fp_1                       0x08000213   Thumb Code     0  libinit2.o(.ARM.Collect$$libinit$$00000002)
    __rt_lib_init_heap_1                     0x08000213   Thumb Code     0  libinit2.o(.ARM.Collect$$libinit$$0000000A)
    __rt_lib_init_lc_common                  0x08000213   Thumb Code     0  libinit2.o(.ARM.Collect$$libinit$$0000000F)
    __rt_lib_init_preinit_1                  0x08000213   Thumb Code     0  libinit2.o(.ARM.Collect$$libinit$$00000004)
    __rt_lib_init_rand_1                     0x08000213   Thumb Code     0  libinit2.o(.ARM.Collect$$libinit$$0000000E)
    __rt_lib_init_user_alloc_1               0x08000213   Thumb Code     0  libinit2.o(.ARM.Collect$$libinit$$0000000C)
    __rt_lib_init_lc_collate_1               0x08000219   Thumb Code     0  libinit2.o(.ARM.Collect$$libinit$$00000011)
    __rt_lib_init_lc_ctype_2                 0x08000219   Thumb Code     0  libinit2.o(.ARM.Collect$$libinit$$00000012)
    __rt_lib_init_lc_ctype_1                 0x08000225   Thumb Code     0  libinit2.o(.ARM.Collect$$libinit$$00000013)
    __rt_lib_init_lc_monetary_1              0x08000225   Thumb Code     0  libinit2.o(.ARM.Collect$$libinit$$00000015)
    __rt_lib_init_lc_numeric_2               0x08000225   Thumb Code     0  libinit2.o(.ARM.Collect$$libinit$$00000016)
    __rt_lib_init_alloca_1                   0x0800022f   Thumb Code     0  libinit2.o(.ARM.Collect$$libinit$$0000002E)
    __rt_lib_init_argv_1                     0x0800022f   Thumb Code     0  libinit2.o(.ARM.Collect$$libinit$$0000002C)
    __rt_lib_init_atexit_1                   0x0800022f   Thumb Code     0  libinit2.o(.ARM.Collect$$libinit$$0000001B)
    __rt_lib_init_clock_1                    0x0800022f   Thumb Code     0  libinit2.o(.ARM.Collect$$libinit$$00000021)
    __rt_lib_init_cpp_1                      0x0800022f   Thumb Code     0  libinit2.o(.ARM.Collect$$libinit$$00000032)
    __rt_lib_init_exceptions_1               0x0800022f   Thumb Code     0  libinit2.o(.ARM.Collect$$libinit$$00000030)
    __rt_lib_init_fp_trap_1                  0x0800022f   Thumb Code     0  libinit2.o(.ARM.Collect$$libinit$$0000001F)
    __rt_lib_init_getenv_1                   0x0800022f   Thumb Code     0  libinit2.o(.ARM.Collect$$libinit$$00000023)
    __rt_lib_init_lc_numeric_1               0x0800022f   Thumb Code     0  libinit2.o(.ARM.Collect$$libinit$$00000017)
    __rt_lib_init_lc_time_1                  0x0800022f   Thumb Code     0  libinit2.o(.ARM.Collect$$libinit$$00000019)
    __rt_lib_init_return                     0x0800022f   Thumb Code     0  libinit2.o(.ARM.Collect$$libinit$$00000033)
    __rt_lib_init_signal_1                   0x0800022f   Thumb Code     0  libinit2.o(.ARM.Collect$$libinit$$0000001D)
    __rt_lib_init_stdio_1                    0x0800022f   Thumb Code     0  libinit2.o(.ARM.Collect$$libinit$$00000025)
    __rt_lib_shutdown                        0x08000231   Thumb Code     0  libshutdown.o(.ARM.Collect$$libshutdown$$00000000)
    __rt_lib_shutdown_cpp_1                  0x08000233   Thumb Code     0  libshutdown2.o(.ARM.Collect$$libshutdown$$00000002)
    __rt_lib_shutdown_fp_trap_1              0x08000233   Thumb Code     0  libshutdown2.o(.ARM.Collect$$libshutdown$$00000007)
    __rt_lib_shutdown_heap_1                 0x08000233   Thumb Code     0  libshutdown2.o(.ARM.Collect$$libshutdown$$0000000F)
    __rt_lib_shutdown_return                 0x08000233   Thumb Code     0  libshutdown2.o(.ARM.Collect$$libshutdown$$00000010)
    __rt_lib_shutdown_signal_1               0x08000233   Thumb Code     0  libshutdown2.o(.ARM.Collect$$libshutdown$$0000000A)
    __rt_lib_shutdown_stdio_1                0x08000233   Thumb Code     0  libshutdown2.o(.ARM.Collect$$libshutdown$$00000004)
    __rt_lib_shutdown_user_alloc_1           0x08000233   Thumb Code     0  libshutdown2.o(.ARM.Collect$$libshutdown$$0000000C)
    __rt_entry                               0x08000235   Thumb Code     0  __rtentry.o(.ARM.Collect$$rtentry$$00000000)
    __rt_entry_presh_1                       0x08000235   Thumb Code     0  __rtentry2.o(.ARM.Collect$$rtentry$$00000002)
    __rt_entry_sh                            0x08000235   Thumb Code     0  __rtentry4.o(.ARM.Collect$$rtentry$$00000004)
    __rt_entry_li                            0x0800023b   Thumb Code     0  __rtentry2.o(.ARM.Collect$$rtentry$$0000000A)
    __rt_entry_postsh_1                      0x0800023b   Thumb Code     0  __rtentry2.o(.ARM.Collect$$rtentry$$00000009)
    __rt_entry_main                          0x0800023f   Thumb Code     0  __rtentry2.o(.ARM.Collect$$rtentry$$0000000D)
    __rt_entry_postli_1                      0x0800023f   Thumb Code     0  __rtentry2.o(.ARM.Collect$$rtentry$$0000000C)
    __rt_exit                                0x08000247   Thumb Code     0  rtexit.o(.ARM.Collect$$rtexit$$00000000)
    __rt_exit_ls                             0x08000249   Thumb Code     0  rtexit2.o(.ARM.Collect$$rtexit$$00000003)
    __rt_exit_prels_1                        0x08000249   Thumb Code     0  rtexit2.o(.ARM.Collect$$rtexit$$00000002)
    __rt_exit_exit                           0x0800024d   Thumb Code     0  rtexit2.o(.ARM.Collect$$rtexit$$00000004)
    Reset_Handler                            0x08000255   Thumb Code     8  startup_stm32f10x_md.o(.text)
    ADC1_2_IRQHandler                        0x0800026f   Thumb Code     0  startup_stm32f10x_md.o(.text)
    CAN1_RX1_IRQHandler                      0x0800026f   Thumb Code     0  startup_stm32f10x_md.o(.text)
    CAN1_SCE_IRQHandler                      0x0800026f   Thumb Code     0  startup_stm32f10x_md.o(.text)
    DMA1_Channel1_IRQHandler                 0x0800026f   Thumb Code     0  startup_stm32f10x_md.o(.text)
    DMA1_Channel2_IRQHandler                 0x0800026f   Thumb Code     0  startup_stm32f10x_md.o(.text)
    DMA1_Channel3_IRQHandler                 0x0800026f   Thumb Code     0  startup_stm32f10x_md.o(.text)
    DMA1_Channel4_IRQHandler                 0x0800026f   Thumb Code     0  startup_stm32f10x_md.o(.text)
    DMA1_Channel5_IRQHandler                 0x0800026f   Thumb Code     0  startup_stm32f10x_md.o(.text)
    DMA1_Channel6_IRQHandler                 0x0800026f   Thumb Code     0  startup_stm32f10x_md.o(.text)
    DMA1_Channel7_IRQHandler                 0x0800026f   Thumb Code     0  startup_stm32f10x_md.o(.text)
    EXTI0_IRQHandler                         0x0800026f   Thumb Code     0  startup_stm32f10x_md.o(.text)
    EXTI15_10_IRQHandler                     0x0800026f   Thumb Code     0  startup_stm32f10x_md.o(.text)
    EXTI1_IRQHandler                         0x0800026f   Thumb Code     0  startup_stm32f10x_md.o(.text)
    EXTI2_IRQHandler                         0x0800026f   Thumb Code     0  startup_stm32f10x_md.o(.text)
    EXTI3_IRQHandler                         0x0800026f   Thumb Code     0  startup_stm32f10x_md.o(.text)
    EXTI4_IRQHandler                         0x0800026f   Thumb Code     0  startup_stm32f10x_md.o(.text)
    EXTI9_5_IRQHandler                       0x0800026f   Thumb Code     0  startup_stm32f10x_md.o(.text)
    FLASH_IRQHandler                         0x0800026f   Thumb Code     0  startup_stm32f10x_md.o(.text)
    I2C1_ER_IRQHandler                       0x0800026f   Thumb Code     0  startup_stm32f10x_md.o(.text)
    I2C1_EV_IRQHandler                       0x0800026f   Thumb Code     0  startup_stm32f10x_md.o(.text)
    I2C2_ER_IRQHandler                       0x0800026f   Thumb Code     0  startup_stm32f10x_md.o(.text)
    I2C2_EV_IRQHandler                       0x0800026f   Thumb Code     0  startup_stm32f10x_md.o(.text)
    PVD_IRQHandler                           0x0800026f   Thumb Code     0  startup_stm32f10x_md.o(.text)
    RCC_IRQHandler                           0x0800026f   Thumb Code     0  startup_stm32f10x_md.o(.text)
    RTCAlarm_IRQHandler                      0x0800026f   Thumb Code     0  startup_stm32f10x_md.o(.text)
    RTC_IRQHandler                           0x0800026f   Thumb Code     0  startup_stm32f10x_md.o(.text)
    SPI1_IRQHandler                          0x0800026f   Thumb Code     0  startup_stm32f10x_md.o(.text)
    SPI2_IRQHandler                          0x0800026f   Thumb Code     0  startup_stm32f10x_md.o(.text)
    TAMPER_IRQHandler                        0x0800026f   Thumb Code     0  startup_stm32f10x_md.o(.text)
    TIM1_BRK_IRQHandler                      0x0800026f   Thumb Code     0  startup_stm32f10x_md.o(.text)
    TIM1_CC_IRQHandler                       0x0800026f   Thumb Code     0  startup_stm32f10x_md.o(.text)
    TIM1_TRG_COM_IRQHandler                  0x0800026f   Thumb Code     0  startup_stm32f10x_md.o(.text)
    TIM1_UP_IRQHandler                       0x0800026f   Thumb Code     0  startup_stm32f10x_md.o(.text)
    TIM3_IRQHandler                          0x0800026f   Thumb Code     0  startup_stm32f10x_md.o(.text)
    TIM4_IRQHandler                          0x0800026f   Thumb Code     0  startup_stm32f10x_md.o(.text)
    USART1_IRQHandler                        0x0800026f   Thumb Code     0  startup_stm32f10x_md.o(.text)
    USART2_IRQHandler                        0x0800026f   Thumb Code     0  startup_stm32f10x_md.o(.text)
    USBWakeUp_IRQHandler                     0x0800026f   Thumb Code     0  startup_stm32f10x_md.o(.text)
    USB_HP_CAN1_TX_IRQHandler                0x0800026f   Thumb Code     0  startup_stm32f10x_md.o(.text)
    USB_LP_CAN1_RX0_IRQHandler               0x0800026f   Thumb Code     0  startup_stm32f10x_md.o(.text)
    WWDG_IRQHandler                          0x0800026f   Thumb Code     0  startup_stm32f10x_md.o(.text)
    __user_initial_stackheap                 0x08000271   Thumb Code     0  startup_stm32f10x_md.o(.text)
    vsprintf                                 0x08000295   Thumb Code    32  vsprintf.o(.text)
    strcmp                                   0x080002b9   Thumb Code   128  strcmpv7m.o(.text)
    __use_two_region_memory                  0x08000339   Thumb Code     2  heapauxi.o(.text)
    __rt_heap_escrow$2region                 0x0800033b   Thumb Code     2  heapauxi.o(.text)
    __rt_heap_expand$2region                 0x0800033d   Thumb Code     2  heapauxi.o(.text)
    __read_errno                             0x0800033f   Thumb Code    10  _rserrno.o(.text)
    __set_errno                              0x08000349   Thumb Code    12  _rserrno.o(.text)
    _printf_pre_padding                      0x08000355   Thumb Code    44  _printf_pad.o(.text)
    _printf_post_padding                     0x08000381   Thumb Code    34  _printf_pad.o(.text)
    _printf_truncate_signed                  0x080003a3   Thumb Code    18  _printf_truncate.o(.text)
    _printf_truncate_unsigned                0x080003b5   Thumb Code    18  _printf_truncate.o(.text)
    _printf_str                              0x080003c7   Thumb Code    82  _printf_str.o(.text)
    _printf_int_dec                          0x08000419   Thumb Code   104  _printf_dec.o(.text)
    _printf_charcount                        0x08000491   Thumb Code    40  _printf_charcount.o(.text)
    _printf_char_common                      0x080004c3   Thumb Code    32  _printf_char_common.o(.text)
    _sputc                                   0x080004e9   Thumb Code    10  _sputc.o(.text)
    _printf_wctomb                           0x080004f5   Thumb Code   182  _printf_wctomb.o(.text)
    _printf_longlong_dec                     0x080005b1   Thumb Code   108  _printf_longlong_dec.o(.text)
    _printf_longlong_oct                     0x0800062d   Thumb Code    66  _printf_oct_int_ll.o(.text)
    _printf_int_oct                          0x0800066f   Thumb Code    24  _printf_oct_int_ll.o(.text)
    _printf_ll_oct                           0x08000687   Thumb Code    12  _printf_oct_int_ll.o(.text)
    _printf_longlong_hex                     0x0800069d   Thumb Code    86  _printf_hex_int_ll_ptr.o(.text)
    _printf_int_hex                          0x080006f3   Thumb Code    28  _printf_hex_int_ll_ptr.o(.text)
    _printf_ll_hex                           0x0800070f   Thumb Code    12  _printf_hex_int_ll_ptr.o(.text)
    _printf_hex_ptr                          0x0800071b   Thumb Code    18  _printf_hex_int_ll_ptr.o(.text)
    __printf                                 0x08000731   Thumb Code   388  __printf_flags_ss_wp.o(.text)
    __aeabi_errno_addr                       0x080008b9   Thumb Code     8  rt_errno_addr_intlibspace.o(.text)
    __errno$intlibspace                      0x080008b9   Thumb Code     0  rt_errno_addr_intlibspace.o(.text)
    __rt_errno_addr$intlibspace              0x080008b9   Thumb Code     0  rt_errno_addr_intlibspace.o(.text)
    _ll_udiv10                               0x080008c1   Thumb Code   138  lludiv10.o(.text)
    _printf_int_common                       0x0800094b   Thumb Code   178  _printf_intcommon.o(.text)
    __lib_sel_fp_printf                      0x080009fd   Thumb Code     2  _printf_fp_dec.o(.text)
    _printf_fp_dec_real                      0x08000baf   Thumb Code   620  _printf_fp_dec.o(.text)
    _printf_fp_hex_real                      0x08000e1d   Thumb Code   756  _printf_fp_hex.o(.text)
    _printf_cs_common                        0x08001119   Thumb Code    20  _printf_char.o(.text)
    _printf_char                             0x0800112d   Thumb Code    16  _printf_char.o(.text)
    _printf_string                           0x0800113d   Thumb Code     8  _printf_char.o(.text)
    _printf_lcs_common                       0x08001145   Thumb Code    20  _printf_wchar.o(.text)
    _printf_wchar                            0x08001159   Thumb Code    16  _printf_wchar.o(.text)
    _printf_wstring                          0x08001169   Thumb Code     8  _printf_wchar.o(.text)
    _wcrtomb                                 0x08001171   Thumb Code    64  _wcrtomb.o(.text)
    __user_libspace                          0x080011b1   Thumb Code     8  libspace.o(.text)
    __user_perproc_libspace                  0x080011b1   Thumb Code     0  libspace.o(.text)
    __user_perthread_libspace                0x080011b1   Thumb Code     0  libspace.o(.text)
    __user_setup_stackheap                   0x080011b9   Thumb Code    74  sys_stackheap_outer.o(.text)
    __rt_ctype_table                         0x08001205   Thumb Code    16  rt_ctype_table.o(.text)
    __rt_locale                              0x08001215   Thumb Code     8  rt_locale_intlibspace.o(.text)
    _printf_fp_infnan                        0x0800121d   Thumb Code   112  _printf_fp_infnan.o(.text)
    _btod_etento                             0x0800129d   Thumb Code   224  bigflt0.o(.text)
    exit                                     0x08001381   Thumb Code    18  exit.o(.text)
    _sys_exit                                0x08001395   Thumb Code     8  sys_exit.o(.text)
    __I$use$semihosting                      0x080013a1   Thumb Code     0  use_no_semi.o(.text)
    __use_no_semihosting_swi                 0x080013a1   Thumb Code     2  use_no_semi.o(.text)
    __semihosting_library_function           0x080013a3   Thumb Code     0  indicate_semi.o(.text)
    _btod_d2e                                0x080013a3   Thumb Code    62  btod.o(CL$$btod_d2e)
    _d2e_denorm_low                          0x080013e1   Thumb Code    70  btod.o(CL$$btod_d2e_denorm_low)
    _d2e_norm_op1                            0x08001427   Thumb Code    96  btod.o(CL$$btod_d2e_norm_op1)
    __btod_div_common                        0x08001487   Thumb Code   696  btod.o(CL$$btod_div_common)
    _e2e                                     0x080017bf   Thumb Code   220  btod.o(CL$$btod_e2e)
    _btod_ediv                               0x0800189b   Thumb Code    42  btod.o(CL$$btod_ediv)
    _btod_emul                               0x080018c5   Thumb Code    42  btod.o(CL$$btod_emul)
    __btod_mult_common                       0x080018ef   Thumb Code   580  btod.o(CL$$btod_mult_common)
    Boot_animation                           0x08001b35   Thumb Code    16  menu.o(i.Boot_animation)
    BusFault_Handler                         0x08001b51   Thumb Code     4  stm32f10x_it.o(i.BusFault_Handler)
    Control                                  0x08001b55   Thumb Code   214  pid.o(i.Control)
    DebugMon_Handler                         0x08001c69   Thumb Code     2  stm32f10x_it.o(i.DebugMon_Handler)
    Delay_us                                 0x08001c6b   Thumb Code    46  delay.o(i.Delay_us)
    Encoder_Get_L                            0x08001c99   Thumb Code    28  encoder.o(i.Encoder_Get_L)
    Encoder_Get_R                            0x08001cbd   Thumb Code    26  encoder.o(i.Encoder_Get_R)
    Encoder_Init                             0x08001ce1   Thumb Code   290  encoder.o(i.Encoder_Init)
    Encoder_Read                             0x08001e15   Thumb Code   206  encoder.o(i.Encoder_Read)
    Error_Calcaulate                         0x08001f01   Thumb Code   130  error.o(i.Error_Calcaulate)
    GPIO_Init                                0x08001f8d   Thumb Code   278  stm32f10x_gpio.o(i.GPIO_Init)
    GPIO_PinRemapConfig                      0x080020a5   Thumb Code   138  stm32f10x_gpio.o(i.GPIO_PinRemapConfig)
    GPIO_ReadInputDataBit                    0x08002135   Thumb Code    18  stm32f10x_gpio.o(i.GPIO_ReadInputDataBit)
    GPIO_ResetBits                           0x08002147   Thumb Code     4  stm32f10x_gpio.o(i.GPIO_ResetBits)
    GPIO_SetBits                             0x0800214b   Thumb Code     4  stm32f10x_gpio.o(i.GPIO_SetBits)
    GPIO_WriteBit                            0x0800214f   Thumb Code    10  stm32f10x_gpio.o(i.GPIO_WriteBit)
    HardFault_Handler                        0x08002159   Thumb Code     4  stm32f10x_it.o(i.HardFault_Handler)
    Homepage_1                               0x0800215d   Thumb Code    80  menu.o(i.Homepage_1)
    Homepage_2                               0x080021f5   Thumb Code    82  menu.o(i.Homepage_2)
    Homepage_3                               0x0800228d   Thumb Code    88  menu.o(i.Homepage_3)
    Homepage_4                               0x08002325   Thumb Code    76  menu.o(i.Homepage_4)
    Homepage_5                               0x080023b1   Thumb Code    20  menu.o(i.Homepage_5)
    Kalman_Init                              0x080023d1   Thumb Code    30  suanfa.o(i.Kalman_Init)
    Kalman_getAngle                          0x080023fd   Thumb Code   310  suanfa.o(i.Kalman_getAngle)
    Key_GetNum                               0x08002535   Thumb Code    24  key.o(i.Key_GetNum)
    Key_GetState                             0x08002551   Thumb Code    34  key.o(i.Key_GetState)
    Key_Init                                 0x08002579   Thumb Code    36  key.o(i.Key_Init)
    Key_Tick                                 0x080025a1   Thumb Code    62  key.o(i.Key_Tick)
    MPU6050_GetData                          0x080025f1   Thumb Code   620  mpu6050.o(i.MPU6050_GetData)
    MPU6050_Init                             0x08002889   Thumb Code    74  mpu6050.o(i.MPU6050_Init)
    MPU6050_ReadReg                          0x080028e1   Thumb Code    62  mpu6050.o(i.MPU6050_ReadReg)
    MPU6050_WriteReg                         0x0800291f   Thumb Code    46  mpu6050.o(i.MPU6050_WriteReg)
    MemManage_Handler                        0x0800294d   Thumb Code     4  stm32f10x_it.o(i.MemManage_Handler)
    Motor_Init                               0x08002951   Thumb Code    44  motor.o(i.Motor_Init)
    Motor_SetPWM_L                           0x08002981   Thumb Code    66  motor.o(i.Motor_SetPWM_L)
    Motor_SetPWM_R                           0x080029c9   Thumb Code    66  motor.o(i.Motor_SetPWM_R)
    MyI2C_Init                               0x08002a11   Thumb Code    62  myi2c.o(i.MyI2C_Init)
    MyI2C_R_SDA                              0x08002a59   Thumb Code    22  myi2c.o(i.MyI2C_R_SDA)
    MyI2C_ReceiveAck                         0x08002a75   Thumb Code    30  myi2c.o(i.MyI2C_ReceiveAck)
    MyI2C_ReceiveByte                        0x08002a93   Thumb Code    50  myi2c.o(i.MyI2C_ReceiveByte)
    MyI2C_SendAck                            0x08002ac5   Thumb Code    24  myi2c.o(i.MyI2C_SendAck)
    MyI2C_SendByte                           0x08002add   Thumb Code    50  myi2c.o(i.MyI2C_SendByte)
    MyI2C_Start                              0x08002b0f   Thumb Code    28  myi2c.o(i.MyI2C_Start)
    MyI2C_Stop                               0x08002b2b   Thumb Code    22  myi2c.o(i.MyI2C_Stop)
    MyI2C_W_SCL                              0x08002b41   Thumb Code    22  myi2c.o(i.MyI2C_W_SCL)
    MyI2C_W_SDA                              0x08002b5d   Thumb Code    22  myi2c.o(i.MyI2C_W_SDA)
    NMI_Handler                              0x08002b79   Thumb Code     2  stm32f10x_it.o(i.NMI_Handler)
    NVIC_Init                                0x08002b7d   Thumb Code   100  misc.o(i.NVIC_Init)
    NVIC_PriorityGroupConfig                 0x08002bed   Thumb Code    10  misc.o(i.NVIC_PriorityGroupConfig)
    OLED_Clear                               0x08002c01   Thumb Code    36  oled.o(i.OLED_Clear)
    OLED_ClearArea                           0x08002c29   Thumb Code   140  oled.o(i.OLED_ClearArea)
    OLED_GPIO_Init                           0x08002cb9   Thumb Code    92  oled.o(i.OLED_GPIO_Init)
    OLED_I2C_SendByte                        0x08002d19   Thumb Code    62  oled.o(i.OLED_I2C_SendByte)
    OLED_I2C_Start                           0x08002d57   Thumb Code    28  oled.o(i.OLED_I2C_Start)
    OLED_I2C_Stop                            0x08002d73   Thumb Code    22  oled.o(i.OLED_I2C_Stop)
    OLED_Init                                0x08002d89   Thumb Code   154  oled.o(i.OLED_Init)
    OLED_Pow                                 0x08002e23   Thumb Code    20  oled.o(i.OLED_Pow)
    OLED_Printf                              0x08002e37   Thumb Code    50  oled.o(i.OLED_Printf)
    OLED_SetCursor                           0x08002e69   Thumb Code    34  oled.o(i.OLED_SetCursor)
    OLED_ShowChar                            0x08002e8d   Thumb Code    74  oled.o(i.OLED_ShowChar)
    OLED_ShowImage                           0x08002ee1   Thumb Code   248  oled.o(i.OLED_ShowImage)
    OLED_ShowSignedNum                       0x08002fdd   Thumb Code   112  oled.o(i.OLED_ShowSignedNum)
    OLED_ShowString                          0x0800304d   Thumb Code   442  oled.o(i.OLED_ShowString)
    OLED_Update                              0x08003211   Thumb Code    36  oled.o(i.OLED_Update)
    OLED_W_SCL                               0x08003239   Thumb Code    18  oled.o(i.OLED_W_SCL)
    OLED_W_SDA                               0x08003251   Thumb Code    18  oled.o(i.OLED_W_SDA)
    OLED_WriteCommand                        0x08003269   Thumb Code    32  oled.o(i.OLED_WriteCommand)
    OLED_WriteData                           0x08003289   Thumb Code    46  oled.o(i.OLED_WriteData)
    PID_Control                              0x080032b9   Thumb Code   120  pid.o(i.PID_Control)
    PWM_Init                                 0x0800333d   Thumb Code   180  pwm.o(i.PWM_Init)
    PWM_SetCompare1                          0x080033f9   Thumb Code    14  pwm.o(i.PWM_SetCompare1)
    PWM_SetCompare4                          0x0800340d   Thumb Code    14  pwm.o(i.PWM_SetCompare4)
    PendSV_Handler                           0x08003421   Thumb Code     2  stm32f10x_it.o(i.PendSV_Handler)
    Place_Control                            0x08003425   Thumb Code    76  pid.o(i.Place_Control)
    RCC_APB1PeriphClockCmd                   0x08003475   Thumb Code    26  stm32f10x_rcc.o(i.RCC_APB1PeriphClockCmd)
    RCC_APB2PeriphClockCmd                   0x08003495   Thumb Code    26  stm32f10x_rcc.o(i.RCC_APB2PeriphClockCmd)
    RCC_GetClocksFreq                        0x080034b5   Thumb Code   192  stm32f10x_rcc.o(i.RCC_GetClocksFreq)
    Right_err                                0x08003589   Thumb Code    90  error.o(i.Right_err)
    SENSOR_GPIO_Config                       0x080035e9   Thumb Code    54  sensor.o(i.SENSOR_GPIO_Config)
    SVC_Handler                              0x08003629   Thumb Code     2  stm32f10x_it.o(i.SVC_Handler)
    Serial_Init                              0x0800362d   Thumb Code    98  serial.o(i.Serial_Init)
    Serial_Printf                            0x08003699   Thumb Code    36  serial.o(i.Serial_Printf)
    Serial_SendByte                          0x080036bd   Thumb Code    28  serial.o(i.Serial_SendByte)
    Serial_SendString                        0x080036dd   Thumb Code    26  serial.o(i.Serial_SendString)
    SysTick_Handler                          0x080037e1   Thumb Code     2  stm32f10x_it.o(i.SysTick_Handler)
    SystemInit                               0x080037e5   Thumb Code    78  system_stm32f10x.o(i.SystemInit)
    TIM2_IRQHandler                          0x08003a85   Thumb Code    38  main.o(i.TIM2_IRQHandler)
    TIM_ARRPreloadConfig                     0x08003ab1   Thumb Code    24  stm32f10x_tim.o(i.TIM_ARRPreloadConfig)
    TIM_ClearFlag                            0x08003ac9   Thumb Code     6  stm32f10x_tim.o(i.TIM_ClearFlag)
    TIM_ClearITPendingBit                    0x08003acf   Thumb Code     6  stm32f10x_tim.o(i.TIM_ClearITPendingBit)
    TIM_Cmd                                  0x08003ad5   Thumb Code    24  stm32f10x_tim.o(i.TIM_Cmd)
    TIM_CtrlPWMOutputs                       0x08003aed   Thumb Code    30  stm32f10x_tim.o(i.TIM_CtrlPWMOutputs)
    TIM_EncoderInterfaceConfig               0x08003b0b   Thumb Code    66  stm32f10x_tim.o(i.TIM_EncoderInterfaceConfig)
    TIM_GetCounter                           0x08003b4d   Thumb Code     6  stm32f10x_tim.o(i.TIM_GetCounter)
    TIM_GetITStatus                          0x08003b53   Thumb Code    34  stm32f10x_tim.o(i.TIM_GetITStatus)
    TIM_ICInit                               0x08003b75   Thumb Code   150  stm32f10x_tim.o(i.TIM_ICInit)
    TIM_ICStructInit                         0x08003c21   Thumb Code    18  stm32f10x_tim.o(i.TIM_ICStructInit)
    TIM_ITConfig                             0x08003c33   Thumb Code    18  stm32f10x_tim.o(i.TIM_ITConfig)
    TIM_InternalClockConfig                  0x08003c45   Thumb Code    12  stm32f10x_tim.o(i.TIM_InternalClockConfig)
    TIM_OC1Init                              0x08003c51   Thumb Code   132  stm32f10x_tim.o(i.TIM_OC1Init)
    TIM_OC1PreloadConfig                     0x08003ce9   Thumb Code    18  stm32f10x_tim.o(i.TIM_OC1PreloadConfig)
    TIM_OC4Init                              0x08003cfd   Thumb Code   114  stm32f10x_tim.o(i.TIM_OC4Init)
    TIM_OCStructInit                         0x08003d79   Thumb Code    20  stm32f10x_tim.o(i.TIM_OCStructInit)
    TIM_SetCompare1                          0x08003d8d   Thumb Code     4  stm32f10x_tim.o(i.TIM_SetCompare1)
    TIM_SetCompare4                          0x08003d91   Thumb Code     6  stm32f10x_tim.o(i.TIM_SetCompare4)
    TIM_SetCounter                           0x08003d97   Thumb Code     4  stm32f10x_tim.o(i.TIM_SetCounter)
    TIM_SetIC1Prescaler                      0x08003d9b   Thumb Code    18  stm32f10x_tim.o(i.TIM_SetIC1Prescaler)
    TIM_SetIC2Prescaler                      0x08003dad   Thumb Code    26  stm32f10x_tim.o(i.TIM_SetIC2Prescaler)
    TIM_SetIC3Prescaler                      0x08003dc7   Thumb Code    18  stm32f10x_tim.o(i.TIM_SetIC3Prescaler)
    TIM_SetIC4Prescaler                      0x08003dd9   Thumb Code    26  stm32f10x_tim.o(i.TIM_SetIC4Prescaler)
    TIM_TimeBaseInit                         0x08003df5   Thumb Code   122  stm32f10x_tim.o(i.TIM_TimeBaseInit)
    Timer_Init                               0x08003e99   Thumb Code   124  timer.o(i.Timer_Init)
    USART3_IRQHandler                        0x08003f15   Thumb Code    44  serial.o(i.USART3_IRQHandler)
    USART_ClearITPendingBit                  0x08003f4d   Thumb Code    30  stm32f10x_usart.o(i.USART_ClearITPendingBit)
    USART_Cmd                                0x08003f6b   Thumb Code    24  stm32f10x_usart.o(i.USART_Cmd)
    USART_GetFlagStatus                      0x08003f83   Thumb Code    26  stm32f10x_usart.o(i.USART_GetFlagStatus)
    USART_GetITStatus                        0x08003f9d   Thumb Code    84  stm32f10x_usart.o(i.USART_GetITStatus)
    USART_Init                               0x08003ff1   Thumb Code   210  stm32f10x_usart.o(i.USART_Init)
    USART_ReceiveData                        0x080040c9   Thumb Code    10  stm32f10x_usart.o(i.USART_ReceiveData)
    USART_SendData                           0x080040d3   Thumb Code     8  stm32f10x_usart.o(i.USART_SendData)
    UsageFault_Handler                       0x080040db   Thumb Code     4  stm32f10x_it.o(i.UsageFault_Handler)
    __ARM_fpclassify                         0x080040df   Thumb Code    40  fpclassify.o(i.__ARM_fpclassify)
    __ARM_fpclassifyf                        0x08004107   Thumb Code    38  fpclassifyf.o(i.__ARM_fpclassifyf)
    __mathlib_flt_infnan2                    0x0800412d   Thumb Code     4  funder.o(i.__mathlib_flt_infnan2)
    __mathlib_flt_underflow                  0x08004131   Thumb Code    10  funder.o(i.__mathlib_flt_underflow)
    _is_digit                                0x0800413b   Thumb Code    14  __printf_wp.o(i._is_digit)
    atan2f                                   0x08004149   Thumb Code   528  atan2f.o(i.atan2f)
    digital                                  0x080043a5   Thumb Code   108  sensor.o(i.digital)
    get_fused_error                          0x08004419   Thumb Code   180  error.o(i.get_fused_error)
    main                                     0x080044e9   Thumb Code   204  main.o(i.main)
    menu_operation                           0x080045f9   Thumb Code    82  menu.o(i.menu_operation)
    sqrtf                                    0x0800465d   Thumb Code    44  sqrtf.o(i.sqrtf)
    _get_lc_numeric                          0x08004689   Thumb Code    44  lc_numeric_c.o(locale$$code)
    _get_lc_ctype                            0x080046b5   Thumb Code    44  lc_ctype_c.o(locale$$code)
    __aeabi_ddiv                             0x080046e1   Thumb Code     0  ddiv.o(x$fpl$ddiv)
    _ddiv                                    0x080046e1   Thumb Code   552  ddiv.o(x$fpl$ddiv)
    __aeabi_d2iz                             0x08004991   Thumb Code     0  dfix.o(x$fpl$dfix)
    _dfix                                    0x08004991   Thumb Code    94  dfix.o(x$fpl$dfix)
    __aeabi_i2d                              0x080049ef   Thumb Code     0  dflt_clz.o(x$fpl$dflt)
    _dflt                                    0x080049ef   Thumb Code    46  dflt_clz.o(x$fpl$dflt)
    __fpl_dnaninf                            0x08004a1d   Thumb Code   156  dnaninf.o(x$fpl$dnaninf)
    __fpl_dretinf                            0x08004ab9   Thumb Code    12  dretinf.o(x$fpl$dretinf)
    __aeabi_f2d                              0x08004ac5   Thumb Code     0  f2d.o(x$fpl$f2d)
    _f2d                                     0x08004ac5   Thumb Code    86  f2d.o(x$fpl$f2d)
    __aeabi_fadd                             0x08004b1d   Thumb Code     0  faddsub_clz.o(x$fpl$fadd)
    _fadd                                    0x08004b1d   Thumb Code   196  faddsub_clz.o(x$fpl$fadd)
    __fpl_fcheck_NaN1                        0x08004be1   Thumb Code     6  fcheck1.o(x$fpl$fcheck1)
    __aeabi_fdiv                             0x08004bed   Thumb Code     0  fdiv.o(x$fpl$fdiv)
    _fdiv                                    0x08004bed   Thumb Code   384  fdiv.o(x$fpl$fdiv)
    __aeabi_f2iz                             0x08004d71   Thumb Code     0  ffix.o(x$fpl$ffix)
    _ffix                                    0x08004d71   Thumb Code    54  ffix.o(x$fpl$ffix)
    __aeabi_f2uiz                            0x08004da9   Thumb Code     0  ffixu.o(x$fpl$ffixu)
    _ffixu                                   0x08004da9   Thumb Code    62  ffixu.o(x$fpl$ffixu)
    __aeabi_i2f                              0x08004de9   Thumb Code     0  fflt_clz.o(x$fpl$fflt)
    _fflt                                    0x08004de9   Thumb Code    48  fflt_clz.o(x$fpl$fflt)
    __aeabi_fmul                             0x08004e19   Thumb Code     0  fmul.o(x$fpl$fmul)
    _fmul                                    0x08004e19   Thumb Code   258  fmul.o(x$fpl$fmul)
    __fpl_fnaninf                            0x08004f1b   Thumb Code   140  fnaninf.o(x$fpl$fnaninf)
    __fpl_fretinf                            0x08004fa7   Thumb Code    10  fretinf.o(x$fpl$fretinf)
    __aeabi_frsub                            0x08004fb1   Thumb Code     0  faddsub_clz.o(x$fpl$frsb)
    _frsb                                    0x08004fb1   Thumb Code    20  faddsub_clz.o(x$fpl$frsb)
    _fsqrt                                   0x08004fc5   Thumb Code   272  fsqrt.o(x$fpl$fsqrt)
    __aeabi_fsub                             0x080050d5   Thumb Code     0  faddsub_clz.o(x$fpl$fsub)
    _fsub                                    0x080050d5   Thumb Code   234  faddsub_clz.o(x$fpl$fsub)
    _printf_fp_dec                           0x080051bf   Thumb Code     4  printf1.o(x$fpl$printf1)
    _printf_fp_hex                           0x080051c3   Thumb Code     4  printf2.o(x$fpl$printf2)
    __fpl_return_NaN                         0x080051c7   Thumb Code   100  retnan.o(x$fpl$retnan)
    __ARM_scalbnf                            0x0800522b   Thumb Code    76  scalbnf.o(x$fpl$scalbnf)
    __fpl_cmpreturn                          0x08005277   Thumb Code    48  trapv.o(x$fpl$trapveneer)
    OLED_F8x16                               0x080052a6   Data        1520  oled_data.o(.constdata)
    __I$use$fp                               0x080052a6   Number         0  usenofp.o(x$fpl$usenofp)
    OLED_F6x8                                0x08005896   Data         570  oled_data.o(.constdata)
    OLED_CF16x16                             0x08005ad0   Data         259  oled_data.o(.constdata)
    Diode                                    0x08005bd3   Data          32  oled_data.o(.constdata)
    Region$$Table$$Base                      0x08005d18   Number         0  anon$$obj.o(Region$$Table)
    Region$$Table$$Limit                     0x08005d38   Number         0  anon$$obj.o(Region$$Table)
    __ctype                                  0x08005d61   Data           0  lc_ctype_c.o(locale$$data)
    pitch                                    0x20000014   Data           4  mpu6050.o(.data)
    roll                                     0x20000018   Data           4  mpu6050.o(.data)
    yaw                                      0x2000001c   Data           4  mpu6050.o(.data)
    AX                                       0x20000020   Data           2  mpu6050.o(.data)
    AY                                       0x20000022   Data           2  mpu6050.o(.data)
    AZ                                       0x20000024   Data           2  mpu6050.o(.data)
    GX                                       0x20000026   Data           2  mpu6050.o(.data)
    GY                                       0x20000028   Data           2  mpu6050.o(.data)
    GZ                                       0x2000002a   Data           2  mpu6050.o(.data)
    dt                                       0x2000002c   Data           4  mpu6050.o(.data)
    Speed_L                                  0x20000030   Data           4  encoder.o(.data)
    Speed_R                                  0x20000034   Data           4  encoder.o(.data)
    Speed_L_Temp                             0x20000038   Data           4  encoder.o(.data)
    Speed_R_Temp                             0x2000003c   Data           4  encoder.o(.data)
    Speed_Smooth                             0x20000040   Data           4  encoder.o(.data)
    Location                                 0x20000044   Data           4  encoder.o(.data)
    Real_Distance                            0x20000048   Data           4  encoder.o(.data)
    KeyNum                                   0x2000004c   Data           1  key.o(.data)
    Serial_RxData                            0x20000050   Data           1  serial.o(.data)
    Serial_RxFlag                            0x20000051   Data           1  serial.o(.data)
    data_ready                               0x20000052   Data           1  main.o(.data)
    i1                                       0x2000005c   Data           4  error.o(.data)
    i2                                       0x20000060   Data           4  error.o(.data)
    i3                                       0x20000064   Data           4  error.o(.data)
    i4                                       0x20000068   Data           4  error.o(.data)
    i5                                       0x2000006c   Data           4  error.o(.data)
    err                                      0x20000070   Data           4  error.o(.data)
    Place_Enable                             0x20000074   Data           1  pid.o(.data)
    PWM_Enable                               0x20000075   Data           1  pid.o(.data)
    Speed_Out_L                              0x20000078   Data           4  pid.o(.data)
    Speed_Out_R                              0x2000007c   Data           4  pid.o(.data)
    Place_Out                                0x20000080   Data           4  pid.o(.data)
    sensor_err                               0x20000084   Data           4  pid.o(.data)
    final_err                                0x20000088   Data           4  pid.o(.data)
    straight_err                             0x2000008c   Data           4  pid.o(.data)
    Basic_Speed                              0x20000090   Data           4  pid.o(.data)
    Turn_factor                              0x20000094   Data           4  pid.o(.data)
    Left_Speed                               0x20000098   Data           4  pid.o(.data)
    Right_Speed                              0x2000009c   Data           4  pid.o(.data)
    Speed_PID                                0x200000a0   Data          12  pid.o(.data)
    Place_PD                                 0x200000ac   Data           8  pid.o(.data)
    Key_Num                                  0x200000c0   Data           1  menu.o(.data)
    func_index                               0x200000c1   Data           1  menu.o(.data)
    Cursor                                   0x200000c2   Data           1  menu.o(.data)
    Key_Flag                                 0x200000c4   Data           4  menu.o(.data)
    current_operation_index                  0x200000c8   Data           4  menu.o(.data)
    table                                    0x200000cc   Data         800  menu.o(.data)
    Element_Flag                             0x200003ec   Data           1  element.o(.data)
    Ten_Flag                                 0x200003ed   Data           1  element.o(.data)
    Ring_Flag                                0x200003ee   Data           1  element.o(.data)
    Noline_Flag                              0x200003ef   Data           1  element.o(.data)
    Stop_Flag                                0x200003f0   Data           1  element.o(.data)
    K                                        0x200003f1   Data           1  element.o(.data)
    Speed_Choice                             0x200003f4   Data          12  element.o(.data)
    OLED_DisplayBuf                          0x20000400   Data        1024  oled.o(.bss)
    KalmanX                                  0x20000800   Data          36  mpu6050.o(.bss)
    KalmanY                                  0x20000824   Data          36  mpu6050.o(.bss)
    KalmanZ                                  0x20000848   Data          36  mpu6050.o(.bss)
    __libspace_start                         0x2000086c   Data          96  libspace.o(.bss)
    __temporary_stack_top$libspace           0x200008cc   Data           0  libspace.o(.bss)



==============================================================================

Memory Map of the image

  Image Entry point : 0x080000ed

  Load Region LR_IROM1 (Base: 0x08000000, Size: 0x00006264, Max: 0x00010000, ABSOLUTE, COMPRESSED[0x00005edc])

    Execution Region ER_IROM1 (Exec base: 0x08000000, Load base: 0x08000000, Size: 0x00005e64, Max: 0x00010000, ABSOLUTE)

    Exec Addr    Load Addr    Size         Type   Attr      Idx    E Section Name        Object

    0x08000000   0x08000000   0x000000ec   Data   RO            3    RESET               startup_stm32f10x_md.o
    0x080000ec   0x080000ec   0x00000008   Code   RO         4195  * !!!main             c_w.l(__main.o)
    0x080000f4   0x080000f4   0x00000034   Code   RO         4684    !!!scatter          c_w.l(__scatter.o)
    0x08000128   0x08000128   0x0000003a   Code   RO         4682    !!dczerorl          c_w.l(__dczerorl.o)
    0x08000162   0x08000162   0x00000002   PAD
    0x08000164   0x08000164   0x0000001c   Code   RO         4686    !!handler_zi        c_w.l(__scatter_zi.o)
    0x08000180   0x08000180   0x00000000   Code   RO         4371    .ARM.Collect$$_printf_percent$$00000000  c_w.l(_printf_percent.o)
    0x08000180   0x08000180   0x00000006   Code   RO         4360    .ARM.Collect$$_printf_percent$$00000001  c_w.l(_printf_n.o)
    0x08000186   0x08000186   0x00000006   Code   RO         4362    .ARM.Collect$$_printf_percent$$00000002  c_w.l(_printf_p.o)
    0x0800018c   0x0800018c   0x00000006   Code   RO         4367    .ARM.Collect$$_printf_percent$$00000003  c_w.l(_printf_f.o)
    0x08000192   0x08000192   0x00000006   Code   RO         4368    .ARM.Collect$$_printf_percent$$00000004  c_w.l(_printf_e.o)
    0x08000198   0x08000198   0x00000006   Code   RO         4369    .ARM.Collect$$_printf_percent$$00000005  c_w.l(_printf_g.o)
    0x0800019e   0x0800019e   0x00000006   Code   RO         4370    .ARM.Collect$$_printf_percent$$00000006  c_w.l(_printf_a.o)
    0x080001a4   0x080001a4   0x0000000a   Code   RO         4375    .ARM.Collect$$_printf_percent$$00000007  c_w.l(_printf_ll.o)
    0x080001ae   0x080001ae   0x00000006   Code   RO         4364    .ARM.Collect$$_printf_percent$$00000008  c_w.l(_printf_i.o)
    0x080001b4   0x080001b4   0x00000006   Code   RO         4365    .ARM.Collect$$_printf_percent$$00000009  c_w.l(_printf_d.o)
    0x080001ba   0x080001ba   0x00000006   Code   RO         4366    .ARM.Collect$$_printf_percent$$0000000A  c_w.l(_printf_u.o)
    0x080001c0   0x080001c0   0x00000006   Code   RO         4363    .ARM.Collect$$_printf_percent$$0000000B  c_w.l(_printf_o.o)
    0x080001c6   0x080001c6   0x00000006   Code   RO         4361    .ARM.Collect$$_printf_percent$$0000000C  c_w.l(_printf_x.o)
    0x080001cc   0x080001cc   0x00000006   Code   RO         4372    .ARM.Collect$$_printf_percent$$0000000D  c_w.l(_printf_lli.o)
    0x080001d2   0x080001d2   0x00000006   Code   RO         4373    .ARM.Collect$$_printf_percent$$0000000E  c_w.l(_printf_lld.o)
    0x080001d8   0x080001d8   0x00000006   Code   RO         4374    .ARM.Collect$$_printf_percent$$0000000F  c_w.l(_printf_llu.o)
    0x080001de   0x080001de   0x00000006   Code   RO         4379    .ARM.Collect$$_printf_percent$$00000010  c_w.l(_printf_llo.o)
    0x080001e4   0x080001e4   0x00000006   Code   RO         4380    .ARM.Collect$$_printf_percent$$00000011  c_w.l(_printf_llx.o)
    0x080001ea   0x080001ea   0x0000000a   Code   RO         4376    .ARM.Collect$$_printf_percent$$00000012  c_w.l(_printf_l.o)
    0x080001f4   0x080001f4   0x00000006   Code   RO         4358    .ARM.Collect$$_printf_percent$$00000013  c_w.l(_printf_c.o)
    0x080001fa   0x080001fa   0x00000006   Code   RO         4359    .ARM.Collect$$_printf_percent$$00000014  c_w.l(_printf_s.o)
    0x08000200   0x08000200   0x00000006   Code   RO         4377    .ARM.Collect$$_printf_percent$$00000015  c_w.l(_printf_lc.o)
    0x08000206   0x08000206   0x00000006   Code   RO         4378    .ARM.Collect$$_printf_percent$$00000016  c_w.l(_printf_ls.o)
    0x0800020c   0x0800020c   0x00000004   Code   RO         4482    .ARM.Collect$$_printf_percent$$00000017  c_w.l(_printf_percent_end.o)
    0x08000210   0x08000210   0x00000002   Code   RO         4542    .ARM.Collect$$libinit$$00000000  c_w.l(libinit.o)
    0x08000212   0x08000212   0x00000000   Code   RO         4555    .ARM.Collect$$libinit$$00000002  c_w.l(libinit2.o)
    0x08000212   0x08000212   0x00000000   Code   RO         4557    .ARM.Collect$$libinit$$00000004  c_w.l(libinit2.o)
    0x08000212   0x08000212   0x00000000   Code   RO         4560    .ARM.Collect$$libinit$$0000000A  c_w.l(libinit2.o)
    0x08000212   0x08000212   0x00000000   Code   RO         4562    .ARM.Collect$$libinit$$0000000C  c_w.l(libinit2.o)
    0x08000212   0x08000212   0x00000000   Code   RO         4564    .ARM.Collect$$libinit$$0000000E  c_w.l(libinit2.o)
    0x08000212   0x08000212   0x00000006   Code   RO         4565    .ARM.Collect$$libinit$$0000000F  c_w.l(libinit2.o)
    0x08000218   0x08000218   0x00000000   Code   RO         4567    .ARM.Collect$$libinit$$00000011  c_w.l(libinit2.o)
    0x08000218   0x08000218   0x0000000c   Code   RO         4568    .ARM.Collect$$libinit$$00000012  c_w.l(libinit2.o)
    0x08000224   0x08000224   0x00000000   Code   RO         4569    .ARM.Collect$$libinit$$00000013  c_w.l(libinit2.o)
    0x08000224   0x08000224   0x00000000   Code   RO         4571    .ARM.Collect$$libinit$$00000015  c_w.l(libinit2.o)
    0x08000224   0x08000224   0x0000000a   Code   RO         4572    .ARM.Collect$$libinit$$00000016  c_w.l(libinit2.o)
    0x0800022e   0x0800022e   0x00000000   Code   RO         4573    .ARM.Collect$$libinit$$00000017  c_w.l(libinit2.o)
    0x0800022e   0x0800022e   0x00000000   Code   RO         4575    .ARM.Collect$$libinit$$00000019  c_w.l(libinit2.o)
    0x0800022e   0x0800022e   0x00000000   Code   RO         4577    .ARM.Collect$$libinit$$0000001B  c_w.l(libinit2.o)
    0x0800022e   0x0800022e   0x00000000   Code   RO         4579    .ARM.Collect$$libinit$$0000001D  c_w.l(libinit2.o)
    0x0800022e   0x0800022e   0x00000000   Code   RO         4581    .ARM.Collect$$libinit$$0000001F  c_w.l(libinit2.o)
    0x0800022e   0x0800022e   0x00000000   Code   RO         4583    .ARM.Collect$$libinit$$00000021  c_w.l(libinit2.o)
    0x0800022e   0x0800022e   0x00000000   Code   RO         4585    .ARM.Collect$$libinit$$00000023  c_w.l(libinit2.o)
    0x0800022e   0x0800022e   0x00000000   Code   RO         4587    .ARM.Collect$$libinit$$00000025  c_w.l(libinit2.o)
    0x0800022e   0x0800022e   0x00000000   Code   RO         4591    .ARM.Collect$$libinit$$0000002C  c_w.l(libinit2.o)
    0x0800022e   0x0800022e   0x00000000   Code   RO         4593    .ARM.Collect$$libinit$$0000002E  c_w.l(libinit2.o)
    0x0800022e   0x0800022e   0x00000000   Code   RO         4595    .ARM.Collect$$libinit$$00000030  c_w.l(libinit2.o)
    0x0800022e   0x0800022e   0x00000000   Code   RO         4597    .ARM.Collect$$libinit$$00000032  c_w.l(libinit2.o)
    0x0800022e   0x0800022e   0x00000002   Code   RO         4598    .ARM.Collect$$libinit$$00000033  c_w.l(libinit2.o)
    0x08000230   0x08000230   0x00000002   Code   RO         4622    .ARM.Collect$$libshutdown$$00000000  c_w.l(libshutdown.o)
    0x08000232   0x08000232   0x00000000   Code   RO         4635    .ARM.Collect$$libshutdown$$00000002  c_w.l(libshutdown2.o)
    0x08000232   0x08000232   0x00000000   Code   RO         4637    .ARM.Collect$$libshutdown$$00000004  c_w.l(libshutdown2.o)
    0x08000232   0x08000232   0x00000000   Code   RO         4640    .ARM.Collect$$libshutdown$$00000007  c_w.l(libshutdown2.o)
    0x08000232   0x08000232   0x00000000   Code   RO         4643    .ARM.Collect$$libshutdown$$0000000A  c_w.l(libshutdown2.o)
    0x08000232   0x08000232   0x00000000   Code   RO         4645    .ARM.Collect$$libshutdown$$0000000C  c_w.l(libshutdown2.o)
    0x08000232   0x08000232   0x00000000   Code   RO         4648    .ARM.Collect$$libshutdown$$0000000F  c_w.l(libshutdown2.o)
    0x08000232   0x08000232   0x00000002   Code   RO         4649    .ARM.Collect$$libshutdown$$00000010  c_w.l(libshutdown2.o)
    0x08000234   0x08000234   0x00000000   Code   RO         4287    .ARM.Collect$$rtentry$$00000000  c_w.l(__rtentry.o)
    0x08000234   0x08000234   0x00000000   Code   RO         4448    .ARM.Collect$$rtentry$$00000002  c_w.l(__rtentry2.o)
    0x08000234   0x08000234   0x00000006   Code   RO         4460    .ARM.Collect$$rtentry$$00000004  c_w.l(__rtentry4.o)
    0x0800023a   0x0800023a   0x00000000   Code   RO         4450    .ARM.Collect$$rtentry$$00000009  c_w.l(__rtentry2.o)
    0x0800023a   0x0800023a   0x00000004   Code   RO         4451    .ARM.Collect$$rtentry$$0000000A  c_w.l(__rtentry2.o)
    0x0800023e   0x0800023e   0x00000000   Code   RO         4453    .ARM.Collect$$rtentry$$0000000C  c_w.l(__rtentry2.o)
    0x0800023e   0x0800023e   0x00000008   Code   RO         4454    .ARM.Collect$$rtentry$$0000000D  c_w.l(__rtentry2.o)
    0x08000246   0x08000246   0x00000002   Code   RO         4549    .ARM.Collect$$rtexit$$00000000  c_w.l(rtexit.o)
    0x08000248   0x08000248   0x00000000   Code   RO         4602    .ARM.Collect$$rtexit$$00000002  c_w.l(rtexit2.o)
    0x08000248   0x08000248   0x00000004   Code   RO         4603    .ARM.Collect$$rtexit$$00000003  c_w.l(rtexit2.o)
    0x0800024c   0x0800024c   0x00000006   Code   RO         4604    .ARM.Collect$$rtexit$$00000004  c_w.l(rtexit2.o)
    0x08000252   0x08000252   0x00000002   PAD
    0x08000254   0x08000254   0x00000040   Code   RO            4    .text               startup_stm32f10x_md.o
    0x08000294   0x08000294   0x00000024   Code   RO         4189    .text               c_w.l(vsprintf.o)
    0x080002b8   0x080002b8   0x00000080   Code   RO         4191    .text               c_w.l(strcmpv7m.o)
    0x08000338   0x08000338   0x00000006   Code   RO         4193    .text               c_w.l(heapauxi.o)
    0x0800033e   0x0800033e   0x00000016   Code   RO         4288    .text               c_w.l(_rserrno.o)
    0x08000354   0x08000354   0x0000004e   Code   RO         4292    .text               c_w.l(_printf_pad.o)
    0x080003a2   0x080003a2   0x00000024   Code   RO         4294    .text               c_w.l(_printf_truncate.o)
    0x080003c6   0x080003c6   0x00000052   Code   RO         4296    .text               c_w.l(_printf_str.o)
    0x08000418   0x08000418   0x00000078   Code   RO         4298    .text               c_w.l(_printf_dec.o)
    0x08000490   0x08000490   0x00000028   Code   RO         4300    .text               c_w.l(_printf_charcount.o)
    0x080004b8   0x080004b8   0x00000030   Code   RO         4302    .text               c_w.l(_printf_char_common.o)
    0x080004e8   0x080004e8   0x0000000a   Code   RO         4304    .text               c_w.l(_sputc.o)
    0x080004f2   0x080004f2   0x00000002   PAD
    0x080004f4   0x080004f4   0x000000bc   Code   RO         4306    .text               c_w.l(_printf_wctomb.o)
    0x080005b0   0x080005b0   0x0000007c   Code   RO         4309    .text               c_w.l(_printf_longlong_dec.o)
    0x0800062c   0x0800062c   0x00000070   Code   RO         4315    .text               c_w.l(_printf_oct_int_ll.o)
    0x0800069c   0x0800069c   0x00000094   Code   RO         4335    .text               c_w.l(_printf_hex_int_ll_ptr.o)
    0x08000730   0x08000730   0x00000188   Code   RO         4355    .text               c_w.l(__printf_flags_ss_wp.o)
    0x080008b8   0x080008b8   0x00000008   Code   RO         4465    .text               c_w.l(rt_errno_addr_intlibspace.o)
    0x080008c0   0x080008c0   0x0000008a   Code   RO         4467    .text               c_w.l(lludiv10.o)
    0x0800094a   0x0800094a   0x000000b2   Code   RO         4469    .text               c_w.l(_printf_intcommon.o)
    0x080009fc   0x080009fc   0x0000041e   Code   RO         4471    .text               c_w.l(_printf_fp_dec.o)
    0x08000e1a   0x08000e1a   0x00000002   PAD
    0x08000e1c   0x08000e1c   0x000002fc   Code   RO         4473    .text               c_w.l(_printf_fp_hex.o)
    0x08001118   0x08001118   0x0000002c   Code   RO         4478    .text               c_w.l(_printf_char.o)
    0x08001144   0x08001144   0x0000002c   Code   RO         4480    .text               c_w.l(_printf_wchar.o)
    0x08001170   0x08001170   0x00000040   Code   RO         4483    .text               c_w.l(_wcrtomb.o)
    0x080011b0   0x080011b0   0x00000008   Code   RO         4493    .text               c_w.l(libspace.o)
    0x080011b8   0x080011b8   0x0000004a   Code   RO         4496    .text               c_w.l(sys_stackheap_outer.o)
    0x08001202   0x08001202   0x00000002   PAD
    0x08001204   0x08001204   0x00000010   Code   RO         4498    .text               c_w.l(rt_ctype_table.o)
    0x08001214   0x08001214   0x00000008   Code   RO         4503    .text               c_w.l(rt_locale_intlibspace.o)
    0x0800121c   0x0800121c   0x00000080   Code   RO         4505    .text               c_w.l(_printf_fp_infnan.o)
    0x0800129c   0x0800129c   0x000000e4   Code   RO         4507    .text               c_w.l(bigflt0.o)
    0x08001380   0x08001380   0x00000012   Code   RO         4535    .text               c_w.l(exit.o)
    0x08001392   0x08001392   0x00000002   PAD
    0x08001394   0x08001394   0x0000000c   Code   RO         4614    .text               c_w.l(sys_exit.o)
    0x080013a0   0x080013a0   0x00000002   Code   RO         4625    .text               c_w.l(use_no_semi.o)
    0x080013a2   0x080013a2   0x00000000   Code   RO         4627    .text               c_w.l(indicate_semi.o)
    0x080013a2   0x080013a2   0x0000003e   Code   RO         4510    CL$$btod_d2e        c_w.l(btod.o)
    0x080013e0   0x080013e0   0x00000046   Code   RO         4512    CL$$btod_d2e_denorm_low  c_w.l(btod.o)
    0x08001426   0x08001426   0x00000060   Code   RO         4511    CL$$btod_d2e_norm_op1  c_w.l(btod.o)
    0x08001486   0x08001486   0x00000338   Code   RO         4520    CL$$btod_div_common  c_w.l(btod.o)
    0x080017be   0x080017be   0x000000dc   Code   RO         4517    CL$$btod_e2e        c_w.l(btod.o)
    0x0800189a   0x0800189a   0x0000002a   Code   RO         4514    CL$$btod_ediv       c_w.l(btod.o)
    0x080018c4   0x080018c4   0x0000002a   Code   RO         4513    CL$$btod_emul       c_w.l(btod.o)
    0x080018ee   0x080018ee   0x00000244   Code   RO         4519    CL$$btod_mult_common  c_w.l(btod.o)
    0x08001b32   0x08001b32   0x00000002   PAD
    0x08001b34   0x08001b34   0x0000001c   Code   RO         4063    i.Boot_animation    menu.o
    0x08001b50   0x08001b50   0x00000004   Code   RO         3927    i.BusFault_Handler  stm32f10x_it.o
    0x08001b54   0x08001b54   0x00000114   Code   RO         4027    i.Control           pid.o
    0x08001c68   0x08001c68   0x00000002   Code   RO         3928    i.DebugMon_Handler  stm32f10x_it.o
    0x08001c6a   0x08001c6a   0x0000002e   Code   RO         3198    i.Delay_us          delay.o
    0x08001c98   0x08001c98   0x00000024   Code   RO         3731    i.Encoder_Get_L     encoder.o
    0x08001cbc   0x08001cbc   0x00000024   Code   RO         3732    i.Encoder_Get_R     encoder.o
    0x08001ce0   0x08001ce0   0x00000134   Code   RO         3733    i.Encoder_Init      encoder.o
    0x08001e14   0x08001e14   0x000000ec   Code   RO         3734    i.Encoder_Read      encoder.o
    0x08001f00   0x08001f00   0x0000008c   Code   RO         3996    i.Error_Calcaulate  error.o
    0x08001f8c   0x08001f8c   0x00000116   Code   RO         1347    i.GPIO_Init         stm32f10x_gpio.o
    0x080020a2   0x080020a2   0x00000002   PAD
    0x080020a4   0x080020a4   0x00000090   Code   RO         1349    i.GPIO_PinRemapConfig  stm32f10x_gpio.o
    0x08002134   0x08002134   0x00000012   Code   RO         1351    i.GPIO_ReadInputDataBit  stm32f10x_gpio.o
    0x08002146   0x08002146   0x00000004   Code   RO         1354    i.GPIO_ResetBits    stm32f10x_gpio.o
    0x0800214a   0x0800214a   0x00000004   Code   RO         1355    i.GPIO_SetBits      stm32f10x_gpio.o
    0x0800214e   0x0800214e   0x0000000a   Code   RO         1358    i.GPIO_WriteBit     stm32f10x_gpio.o
    0x08002158   0x08002158   0x00000004   Code   RO         3929    i.HardFault_Handler  stm32f10x_it.o
    0x0800215c   0x0800215c   0x00000098   Code   RO         4064    i.Homepage_1        menu.o
    0x080021f4   0x080021f4   0x00000098   Code   RO         4065    i.Homepage_2        menu.o
    0x0800228c   0x0800228c   0x00000098   Code   RO         4066    i.Homepage_3        menu.o
    0x08002324   0x08002324   0x0000008c   Code   RO         4067    i.Homepage_4        menu.o
    0x080023b0   0x080023b0   0x00000020   Code   RO         4068    i.Homepage_5        menu.o
    0x080023d0   0x080023d0   0x0000002c   Code   RO         4166    i.Kalman_Init       suanfa.o
    0x080023fc   0x080023fc   0x00000136   Code   RO         4167    i.Kalman_getAngle   suanfa.o
    0x08002532   0x08002532   0x00000002   PAD
    0x08002534   0x08002534   0x0000001c   Code   RO         3790    i.Key_GetNum        key.o
    0x08002550   0x08002550   0x00000028   Code   RO         3791    i.Key_GetState      key.o
    0x08002578   0x08002578   0x00000028   Code   RO         3792    i.Key_Init          key.o
    0x080025a0   0x080025a0   0x00000050   Code   RO         3793    i.Key_Tick          key.o
    0x080025f0   0x080025f0   0x00000298   Code   RO         3491    i.MPU6050_GetData   mpu6050.o
    0x08002888   0x08002888   0x00000058   Code   RO         3493    i.MPU6050_Init      mpu6050.o
    0x080028e0   0x080028e0   0x0000003e   Code   RO         3494    i.MPU6050_ReadReg   mpu6050.o
    0x0800291e   0x0800291e   0x0000002e   Code   RO         3495    i.MPU6050_WriteReg  mpu6050.o
    0x0800294c   0x0800294c   0x00000004   Code   RO         3930    i.MemManage_Handler  stm32f10x_it.o
    0x08002950   0x08002950   0x00000030   Code   RO         3679    i.Motor_Init        motor.o
    0x08002980   0x08002980   0x00000048   Code   RO         3680    i.Motor_SetPWM_L    motor.o
    0x080029c8   0x080029c8   0x00000048   Code   RO         3681    i.Motor_SetPWM_R    motor.o
    0x08002a10   0x08002a10   0x00000048   Code   RO         3613    i.MyI2C_Init        myi2c.o
    0x08002a58   0x08002a58   0x0000001c   Code   RO         3614    i.MyI2C_R_SDA       myi2c.o
    0x08002a74   0x08002a74   0x0000001e   Code   RO         3615    i.MyI2C_ReceiveAck  myi2c.o
    0x08002a92   0x08002a92   0x00000032   Code   RO         3616    i.MyI2C_ReceiveByte  myi2c.o
    0x08002ac4   0x08002ac4   0x00000018   Code   RO         3617    i.MyI2C_SendAck     myi2c.o
    0x08002adc   0x08002adc   0x00000032   Code   RO         3618    i.MyI2C_SendByte    myi2c.o
    0x08002b0e   0x08002b0e   0x0000001c   Code   RO         3619    i.MyI2C_Start       myi2c.o
    0x08002b2a   0x08002b2a   0x00000016   Code   RO         3620    i.MyI2C_Stop        myi2c.o
    0x08002b40   0x08002b40   0x0000001c   Code   RO         3621    i.MyI2C_W_SCL       myi2c.o
    0x08002b5c   0x08002b5c   0x0000001c   Code   RO         3622    i.MyI2C_W_SDA       myi2c.o
    0x08002b78   0x08002b78   0x00000002   Code   RO         3931    i.NMI_Handler       stm32f10x_it.o
    0x08002b7a   0x08002b7a   0x00000002   PAD
    0x08002b7c   0x08002b7c   0x00000070   Code   RO          137    i.NVIC_Init         misc.o
    0x08002bec   0x08002bec   0x00000014   Code   RO          138    i.NVIC_PriorityGroupConfig  misc.o
    0x08002c00   0x08002c00   0x00000028   Code   RO         3232    i.OLED_Clear        oled.o
    0x08002c28   0x08002c28   0x00000090   Code   RO         3233    i.OLED_ClearArea    oled.o
    0x08002cb8   0x08002cb8   0x00000060   Code   RO         3241    i.OLED_GPIO_Init    oled.o
    0x08002d18   0x08002d18   0x0000003e   Code   RO         3243    i.OLED_I2C_SendByte  oled.o
    0x08002d56   0x08002d56   0x0000001c   Code   RO         3244    i.OLED_I2C_Start    oled.o
    0x08002d72   0x08002d72   0x00000016   Code   RO         3245    i.OLED_I2C_Stop     oled.o
    0x08002d88   0x08002d88   0x0000009a   Code   RO         3246    i.OLED_Init         oled.o
    0x08002e22   0x08002e22   0x00000014   Code   RO         3248    i.OLED_Pow          oled.o
    0x08002e36   0x08002e36   0x00000032   Code   RO         3249    i.OLED_Printf       oled.o
    0x08002e68   0x08002e68   0x00000022   Code   RO         3252    i.OLED_SetCursor    oled.o
    0x08002e8a   0x08002e8a   0x00000002   PAD
    0x08002e8c   0x08002e8c   0x00000054   Code   RO         3254    i.OLED_ShowChar     oled.o
    0x08002ee0   0x08002ee0   0x000000fc   Code   RO         3257    i.OLED_ShowImage    oled.o
    0x08002fdc   0x08002fdc   0x00000070   Code   RO         3259    i.OLED_ShowSignedNum  oled.o
    0x0800304c   0x0800304c   0x000001c4   Code   RO         3260    i.OLED_ShowString   oled.o
    0x08003210   0x08003210   0x00000028   Code   RO         3261    i.OLED_Update       oled.o
    0x08003238   0x08003238   0x00000018   Code   RO         3263    i.OLED_W_SCL        oled.o
    0x08003250   0x08003250   0x00000018   Code   RO         3264    i.OLED_W_SDA        oled.o
    0x08003268   0x08003268   0x00000020   Code   RO         3265    i.OLED_WriteCommand  oled.o
    0x08003288   0x08003288   0x0000002e   Code   RO         3266    i.OLED_WriteData    oled.o
    0x080032b6   0x080032b6   0x00000002   PAD
    0x080032b8   0x080032b8   0x00000084   Code   RO         4029    i.PID_Control       pid.o
    0x0800333c   0x0800333c   0x000000bc   Code   RO         3706    i.PWM_Init          pwm.o
    0x080033f8   0x080033f8   0x00000014   Code   RO         3707    i.PWM_SetCompare1   pwm.o
    0x0800340c   0x0800340c   0x00000014   Code   RO         3708    i.PWM_SetCompare4   pwm.o
    0x08003420   0x08003420   0x00000002   Code   RO         3932    i.PendSV_Handler    stm32f10x_it.o
    0x08003422   0x08003422   0x00000002   PAD
    0x08003424   0x08003424   0x00000050   Code   RO         4030    i.Place_Control     pid.o
    0x08003474   0x08003474   0x00000020   Code   RO         1775    i.RCC_APB1PeriphClockCmd  stm32f10x_rcc.o
    0x08003494   0x08003494   0x00000020   Code   RO         1777    i.RCC_APB2PeriphClockCmd  stm32f10x_rcc.o
    0x080034b4   0x080034b4   0x000000d4   Code   RO         1785    i.RCC_GetClocksFreq  stm32f10x_rcc.o
    0x08003588   0x08003588   0x00000060   Code   RO         3997    i.Right_err         error.o
    0x080035e8   0x080035e8   0x00000040   Code   RO         3769    i.SENSOR_GPIO_Config  sensor.o
    0x08003628   0x08003628   0x00000002   Code   RO         3933    i.SVC_Handler       stm32f10x_it.o
    0x0800362a   0x0800362a   0x00000002   PAD
    0x0800362c   0x0800362c   0x0000006c   Code   RO         3829    i.Serial_Init       serial.o
    0x08003698   0x08003698   0x00000024   Code   RO         3831    i.Serial_Printf     serial.o
    0x080036bc   0x080036bc   0x00000020   Code   RO         3833    i.Serial_SendByte   serial.o
    0x080036dc   0x080036dc   0x0000001a   Code   RO         3835    i.Serial_SendString  serial.o
    0x080036f6   0x080036f6   0x00000008   Code   RO           24    i.SetSysClock       system_stm32f10x.o
    0x080036fe   0x080036fe   0x00000002   PAD
    0x08003700   0x08003700   0x000000e0   Code   RO           25    i.SetSysClockTo72   system_stm32f10x.o
    0x080037e0   0x080037e0   0x00000002   Code   RO         3934    i.SysTick_Handler   stm32f10x_it.o
    0x080037e2   0x080037e2   0x00000002   PAD
    0x080037e4   0x080037e4   0x00000060   Code   RO           27    i.SystemInit        system_stm32f10x.o
    0x08003844   0x08003844   0x00000080   Code   RO         2405    i.TI1_Config        stm32f10x_tim.o
    0x080038c4   0x080038c4   0x00000098   Code   RO         2406    i.TI2_Config        stm32f10x_tim.o
    0x0800395c   0x0800395c   0x00000090   Code   RO         2407    i.TI3_Config        stm32f10x_tim.o
    0x080039ec   0x080039ec   0x00000098   Code   RO         2408    i.TI4_Config        stm32f10x_tim.o
    0x08003a84   0x08003a84   0x0000002c   Code   RO         3906    i.TIM2_IRQHandler   main.o
    0x08003ab0   0x08003ab0   0x00000018   Code   RO         2409    i.TIM_ARRPreloadConfig  stm32f10x_tim.o
    0x08003ac8   0x08003ac8   0x00000006   Code   RO         2415    i.TIM_ClearFlag     stm32f10x_tim.o
    0x08003ace   0x08003ace   0x00000006   Code   RO         2416    i.TIM_ClearITPendingBit  stm32f10x_tim.o
    0x08003ad4   0x08003ad4   0x00000018   Code   RO         2421    i.TIM_Cmd           stm32f10x_tim.o
    0x08003aec   0x08003aec   0x0000001e   Code   RO         2423    i.TIM_CtrlPWMOutputs  stm32f10x_tim.o
    0x08003b0a   0x08003b0a   0x00000042   Code   RO         2430    i.TIM_EncoderInterfaceConfig  stm32f10x_tim.o
    0x08003b4c   0x08003b4c   0x00000006   Code   RO         2440    i.TIM_GetCounter    stm32f10x_tim.o
    0x08003b52   0x08003b52   0x00000022   Code   RO         2442    i.TIM_GetITStatus   stm32f10x_tim.o
    0x08003b74   0x08003b74   0x000000ac   Code   RO         2444    i.TIM_ICInit        stm32f10x_tim.o
    0x08003c20   0x08003c20   0x00000012   Code   RO         2445    i.TIM_ICStructInit  stm32f10x_tim.o
    0x08003c32   0x08003c32   0x00000012   Code   RO         2446    i.TIM_ITConfig      stm32f10x_tim.o
    0x08003c44   0x08003c44   0x0000000c   Code   RO         2448    i.TIM_InternalClockConfig  stm32f10x_tim.o
    0x08003c50   0x08003c50   0x00000098   Code   RO         2450    i.TIM_OC1Init       stm32f10x_tim.o
    0x08003ce8   0x08003ce8   0x00000012   Code   RO         2453    i.TIM_OC1PreloadConfig  stm32f10x_tim.o
    0x08003cfa   0x08003cfa   0x00000002   PAD
    0x08003cfc   0x08003cfc   0x0000007c   Code   RO         2465    i.TIM_OC4Init       stm32f10x_tim.o
    0x08003d78   0x08003d78   0x00000014   Code   RO         2468    i.TIM_OCStructInit  stm32f10x_tim.o
    0x08003d8c   0x08003d8c   0x00000004   Code   RO         2482    i.TIM_SetCompare1   stm32f10x_tim.o
    0x08003d90   0x08003d90   0x00000006   Code   RO         2485    i.TIM_SetCompare4   stm32f10x_tim.o
    0x08003d96   0x08003d96   0x00000004   Code   RO         2486    i.TIM_SetCounter    stm32f10x_tim.o
    0x08003d9a   0x08003d9a   0x00000012   Code   RO         2487    i.TIM_SetIC1Prescaler  stm32f10x_tim.o
    0x08003dac   0x08003dac   0x0000001a   Code   RO         2488    i.TIM_SetIC2Prescaler  stm32f10x_tim.o
    0x08003dc6   0x08003dc6   0x00000012   Code   RO         2489    i.TIM_SetIC3Prescaler  stm32f10x_tim.o
    0x08003dd8   0x08003dd8   0x0000001a   Code   RO         2490    i.TIM_SetIC4Prescaler  stm32f10x_tim.o
    0x08003df2   0x08003df2   0x00000002   PAD
    0x08003df4   0x08003df4   0x000000a4   Code   RO         2492    i.TIM_TimeBaseInit  stm32f10x_tim.o
    0x08003e98   0x08003e98   0x0000007c   Code   RO         3220    i.Timer_Init        timer.o
    0x08003f14   0x08003f14   0x00000038   Code   RO         3836    i.USART3_IRQHandler  serial.o
    0x08003f4c   0x08003f4c   0x0000001e   Code   RO         2957    i.USART_ClearITPendingBit  stm32f10x_usart.o
    0x08003f6a   0x08003f6a   0x00000018   Code   RO         2960    i.USART_Cmd         stm32f10x_usart.o
    0x08003f82   0x08003f82   0x0000001a   Code   RO         2963    i.USART_GetFlagStatus  stm32f10x_usart.o
    0x08003f9c   0x08003f9c   0x00000054   Code   RO         2964    i.USART_GetITStatus  stm32f10x_usart.o
    0x08003ff0   0x08003ff0   0x000000d8   Code   RO         2967    i.USART_Init        stm32f10x_usart.o
    0x080040c8   0x080040c8   0x0000000a   Code   RO         2974    i.USART_ReceiveData  stm32f10x_usart.o
    0x080040d2   0x080040d2   0x00000008   Code   RO         2977    i.USART_SendData    stm32f10x_usart.o
    0x080040da   0x080040da   0x00000004   Code   RO         3935    i.UsageFault_Handler  stm32f10x_it.o
    0x080040de   0x080040de   0x00000028   Code   RO         4489    i.__ARM_fpclassify  m_ws.l(fpclassify.o)
    0x08004106   0x08004106   0x00000026   Code   RO         4430    i.__ARM_fpclassifyf  m_ws.l(fpclassifyf.o)
    0x0800412c   0x0800412c   0x00000004   Code   RO         4434    i.__mathlib_flt_infnan2  m_ws.l(funder.o)
    0x08004130   0x08004130   0x0000000a   Code   RO         4438    i.__mathlib_flt_underflow  m_ws.l(funder.o)
    0x0800413a   0x0800413a   0x0000000e   Code   RO         4348    i._is_digit         c_w.l(__printf_wp.o)
    0x08004148   0x08004148   0x0000025c   Code   RO         4270    i.atan2f            m_ws.l(atan2f.o)
    0x080043a4   0x080043a4   0x00000074   Code   RO         3770    i.digital           sensor.o
    0x08004418   0x08004418   0x000000d0   Code   RO         3998    i.get_fused_error   error.o
    0x080044e8   0x080044e8   0x00000110   Code   RO         3907    i.main              main.o
    0x080045f8   0x080045f8   0x00000064   Code   RO         4069    i.menu_operation    menu.o
    0x0800465c   0x0800465c   0x0000002c   Code   RO         4280    i.sqrtf             m_ws.l(sqrtf.o)
    0x08004688   0x08004688   0x0000002c   Code   RO         4533    locale$$code        c_w.l(lc_numeric_c.o)
    0x080046b4   0x080046b4   0x0000002c   Code   RO         4552    locale$$code        c_w.l(lc_ctype_c.o)
    0x080046e0   0x080046e0   0x000002b0   Code   RO         4206    x$fpl$ddiv          fz_ws.l(ddiv.o)
    0x08004990   0x08004990   0x0000005e   Code   RO         4209    x$fpl$dfix          fz_ws.l(dfix.o)
    0x080049ee   0x080049ee   0x0000002e   Code   RO         4218    x$fpl$dflt          fz_ws.l(dflt_clz.o)
    0x08004a1c   0x08004a1c   0x0000009c   Code   RO         4383    x$fpl$dnaninf       fz_ws.l(dnaninf.o)
    0x08004ab8   0x08004ab8   0x0000000c   Code   RO         4385    x$fpl$dretinf       fz_ws.l(dretinf.o)
    0x08004ac4   0x08004ac4   0x00000056   Code   RO         4229    x$fpl$f2d           fz_ws.l(f2d.o)
    0x08004b1a   0x08004b1a   0x00000002   PAD
    0x08004b1c   0x08004b1c   0x000000c4   Code   RO         4231    x$fpl$fadd          fz_ws.l(faddsub_clz.o)
    0x08004be0   0x08004be0   0x0000000c   Code   RO         4545    x$fpl$fcheck1       fz_ws.l(fcheck1.o)
    0x08004bec   0x08004bec   0x00000184   Code   RO         4238    x$fpl$fdiv          fz_ws.l(fdiv.o)
    0x08004d70   0x08004d70   0x00000036   Code   RO         4241    x$fpl$ffix          fz_ws.l(ffix.o)
    0x08004da6   0x08004da6   0x00000002   PAD
    0x08004da8   0x08004da8   0x0000003e   Code   RO         4245    x$fpl$ffixu         fz_ws.l(ffixu.o)
    0x08004de6   0x08004de6   0x00000002   PAD
    0x08004de8   0x08004de8   0x00000030   Code   RO         4250    x$fpl$fflt          fz_ws.l(fflt_clz.o)
    0x08004e18   0x08004e18   0x00000102   Code   RO         4257    x$fpl$fmul          fz_ws.l(fmul.o)
    0x08004f1a   0x08004f1a   0x0000008c   Code   RO         4391    x$fpl$fnaninf       fz_ws.l(fnaninf.o)
    0x08004fa6   0x08004fa6   0x0000000a   Code   RO         4393    x$fpl$fretinf       fz_ws.l(fretinf.o)
    0x08004fb0   0x08004fb0   0x00000014   Code   RO         4232    x$fpl$frsb          fz_ws.l(faddsub_clz.o)
    0x08004fc4   0x08004fc4   0x00000110   Code   RO         4395    x$fpl$fsqrt         fz_ws.l(fsqrt.o)
    0x080050d4   0x080050d4   0x000000ea   Code   RO         4233    x$fpl$fsub          fz_ws.l(faddsub_clz.o)
    0x080051be   0x080051be   0x00000004   Code   RO         4397    x$fpl$printf1       fz_ws.l(printf1.o)
    0x080051c2   0x080051c2   0x00000004   Code   RO         4399    x$fpl$printf2       fz_ws.l(printf2.o)
    0x080051c6   0x080051c6   0x00000064   Code   RO         4599    x$fpl$retnan        fz_ws.l(retnan.o)
    0x0800522a   0x0800522a   0x0000004c   Code   RO         4487    x$fpl$scalbnf       fz_ws.l(scalbnf.o)
    0x08005276   0x08005276   0x00000030   Code   RO         4612    x$fpl$trapveneer    fz_ws.l(trapv.o)
    0x080052a6   0x080052a6   0x00000000   Code   RO         4405    x$fpl$usenofp       fz_ws.l(usenofp.o)
    0x080052a6   0x080052a6   0x0000094d   Data   RO         3478    .constdata          oled_data.o
    0x08005bf3   0x08005bf3   0x00000001   PAD
    0x08005bf4   0x08005bf4   0x00000028   Data   RO         3999    .constdata          error.o
    0x08005c1c   0x08005c1c   0x00000008   Data   RO         4307    .constdata          c_w.l(_printf_wctomb.o)
    0x08005c24   0x08005c24   0x00000028   Data   RO         4336    .constdata          c_w.l(_printf_hex_int_ll_ptr.o)
    0x08005c4c   0x08005c4c   0x00000011   Data   RO         4356    .constdata          c_w.l(__printf_flags_ss_wp.o)
    0x08005c5d   0x08005c5d   0x00000026   Data   RO         4474    .constdata          c_w.l(_printf_fp_hex.o)
    0x08005c83   0x08005c83   0x00000001   PAD
    0x08005c84   0x08005c84   0x00000094   Data   RO         4508    .constdata          c_w.l(bigflt0.o)
    0x08005d18   0x08005d18   0x00000020   Data   RO         4680    Region$$Table       anon$$obj.o
    0x08005d38   0x08005d38   0x0000001c   Data   RO         4532    locale$$data        c_w.l(lc_numeric_c.o)
    0x08005d54   0x08005d54   0x00000110   Data   RO         4551    locale$$data        c_w.l(lc_ctype_c.o)


    Execution Region RW_IRAM1 (Exec base: 0x20000000, Load base: 0x08005e64, Size: 0x00000ed0, Max: 0x00005000, ABSOLUTE, COMPRESSED[0x00000078])

    Exec Addr    Load Addr    Size         Type   Attr      Idx    E Section Name        Object

    0x20000000   COMPRESSED   0x00000014   Data   RW         1805    .data               stm32f10x_rcc.o
    0x20000014   COMPRESSED   0x0000001c   Data   RW         3497    .data               mpu6050.o
    0x20000030   COMPRESSED   0x0000001c   Data   RW         3735    .data               encoder.o
    0x2000004c   COMPRESSED   0x00000004   Data   RW         3794    .data               key.o
    0x20000050   COMPRESSED   0x00000002   Data   RW         3838    .data               serial.o
    0x20000052   COMPRESSED   0x00000001   Data   RW         3908    .data               main.o
    0x20000053   COMPRESSED   0x00000001   PAD
    0x20000054   COMPRESSED   0x00000020   Data   RW         4000    .data               error.o
    0x20000074   COMPRESSED   0x0000004c   Data   RW         4031    .data               pid.o
    0x200000c0   COMPRESSED   0x0000032c   Data   RW         4070    .data               menu.o
    0x200003ec   COMPRESSED   0x00000014   Data   RW         4123    .data               element.o
    0x20000400        -       0x00000400   Zero   RW         3268    .bss                oled.o
    0x20000800        -       0x0000006c   Zero   RW         3496    .bss                mpu6050.o
    0x2000086c        -       0x00000060   Zero   RW         4494    .bss                c_w.l(libspace.o)
    0x200008cc   COMPRESSED   0x00000004   PAD
    0x200008d0        -       0x00000200   Zero   RW            2    HEAP                startup_stm32f10x_md.o
    0x20000ad0        -       0x00000400   Zero   RW            1    STACK               startup_stm32f10x_md.o


==============================================================================

Image component sizes


      Code (inc. data)   RO Data    RW Data    ZI Data      Debug   Object Name

         0          0          0          0          0       4508   core_cm3.o
        46          0          0          0          0        443   delay.o
         0          0          0         20          0        707   element.o
       616         66          0         28          0       2574   encoder.o
       444         44         40         32          0       2774   error.o
       188         32          0          4          0       2147   key.o
       316         74          0          1          0       1414   main.o
       756        312          0        812          0       3822   menu.o
       132         22          0          0          0     204723   misc.o
       192         16          0          0          0       1479   motor.o
       860         58          0         28        108       3896   mpu6050.o
       360         28          0          0          0       4794   myi2c.o
      1716         52          0          0       1024      12405   oled.o
         0          0       2381          0          0       1066   oled_data.o
       488         78          0         76          0       2940   pid.o
       228         20          0          0          0       1591   pwm.o
       180         24          0          0          0       1079   sensor.o
       258         26          0          2          0       2858   serial.o
        64         26        236          0       1536        808   startup_stm32f10x_md.o
         0          0          0          0          0       1652   stm32f10x_adc.o
       458          6          0          0          0      13086   stm32f10x_gpio.o
        26          0          0          0          0       3686   stm32f10x_it.o
       276         32          0         20          0      12926   stm32f10x_rcc.o
      1572        180          0          0          0      36789   stm32f10x_tim.o
       398          6          0          0          0      11618   stm32f10x_usart.o
       354         14          0          0          0       1944   suanfa.o
       328         28          0          0          0      45169   system_stm32f10x.o
       124          0          0          0          0        541   timer.o

    ----------------------------------------------------------------------
     10402       1144       2690       1024       2668     383439   Object Totals
         0          0         32          0          0          0   (incl. Generated)
        22          0          1          1          0          0   (incl. Padding)

    ----------------------------------------------------------------------

      Code (inc. data)   RO Data    RW Data    ZI Data      Debug   Library Member Name

        58          0          0          0          0          0   __dczerorl.o
         8          0          0          0          0         68   __main.o
       392          4         17          0          0         92   __printf_flags_ss_wp.o
        14          0          0          0          0         68   __printf_wp.o
         0          0          0          0          0          0   __rtentry.o
        12          0          0          0          0          0   __rtentry2.o
         6          0          0          0          0          0   __rtentry4.o
        52          8          0          0          0          0   __scatter.o
        28          0          0          0          0          0   __scatter_zi.o
         6          0          0          0          0          0   _printf_a.o
         6          0          0          0          0          0   _printf_c.o
        44          0          0          0          0        108   _printf_char.o
        48          6          0          0          0         96   _printf_char_common.o
        40          0          0          0          0         68   _printf_charcount.o
         6          0          0          0          0          0   _printf_d.o
       120         16          0          0          0         92   _printf_dec.o
         6          0          0          0          0          0   _printf_e.o
         6          0          0          0          0          0   _printf_f.o
      1054          0          0          0          0        216   _printf_fp_dec.o
       764          8         38          0          0        100   _printf_fp_hex.o
       128         16          0          0          0         84   _printf_fp_infnan.o
         6          0          0          0          0          0   _printf_g.o
       148          4         40          0          0        160   _printf_hex_int_ll_ptr.o
         6          0          0          0          0          0   _printf_i.o
       178          0          0          0          0         88   _printf_intcommon.o
        10          0          0          0          0          0   _printf_l.o
         6          0          0          0          0          0   _printf_lc.o
        10          0          0          0          0          0   _printf_ll.o
         6          0          0          0          0          0   _printf_lld.o
         6          0          0          0          0          0   _printf_lli.o
         6          0          0          0          0          0   _printf_llo.o
         6          0          0          0          0          0   _printf_llu.o
         6          0          0          0          0          0   _printf_llx.o
       124         16          0          0          0         92   _printf_longlong_dec.o
         6          0          0          0          0          0   _printf_ls.o
         6          0          0          0          0          0   _printf_n.o
         6          0          0          0          0          0   _printf_o.o
       112         10          0          0          0        124   _printf_oct_int_ll.o
         6          0          0          0          0          0   _printf_p.o
        78          0          0          0          0        108   _printf_pad.o
         0          0          0          0          0          0   _printf_percent.o
         4          0          0          0          0          0   _printf_percent_end.o
         6          0          0          0          0          0   _printf_s.o
        82          0          0          0          0         80   _printf_str.o
        36          0          0          0          0         84   _printf_truncate.o
         6          0          0          0          0          0   _printf_u.o
        44          0          0          0          0        108   _printf_wchar.o
       188          6          8          0          0         92   _printf_wctomb.o
         6          0          0          0          0          0   _printf_x.o
        22          0          0          0          0        100   _rserrno.o
        10          0          0          0          0         68   _sputc.o
        64          0          0          0          0         92   _wcrtomb.o
       228          4        148          0          0         96   bigflt0.o
      1936        128          0          0          0        672   btod.o
        18          0          0          0          0         80   exit.o
         6          0          0          0          0        152   heapauxi.o
         0          0          0          0          0          0   indicate_semi.o
        44         10        272          0          0         76   lc_ctype_c.o
        44         10         28          0          0         76   lc_numeric_c.o
         2          0          0          0          0          0   libinit.o
        30          0          0          0          0          0   libinit2.o
         2          0          0          0          0          0   libshutdown.o
         2          0          0          0          0          0   libshutdown2.o
         8          4          0          0         96         68   libspace.o
       138          0          0          0          0         80   lludiv10.o
        16          4          0          0          0         76   rt_ctype_table.o
         8          4          0          0          0         68   rt_errno_addr_intlibspace.o
         8          4          0          0          0         68   rt_locale_intlibspace.o
         2          0          0          0          0          0   rtexit.o
        10          0          0          0          0          0   rtexit2.o
       128          0          0          0          0         68   strcmpv7m.o
        12          4          0          0          0         68   sys_exit.o
        74          0          0          0          0         80   sys_stackheap_outer.o
         2          0          0          0          0         68   use_no_semi.o
        36          4          0          0          0         76   vsprintf.o
       688        140          0          0          0        208   ddiv.o
        94          4          0          0          0         92   dfix.o
        46          0          0          0          0         68   dflt_clz.o
       156          4          0          0          0         92   dnaninf.o
        12          0          0          0          0         68   dretinf.o
        86          4          0          0          0         84   f2d.o
       450          8          0          0          0        236   faddsub_clz.o
        12          4          0          0          0         68   fcheck1.o
       388         76          0          0          0         96   fdiv.o
        54          4          0          0          0         84   ffix.o
        62          4          0          0          0         84   ffixu.o
        48          0          0          0          0         68   fflt_clz.o
       258          4          0          0          0         84   fmul.o
       140          4          0          0          0         84   fnaninf.o
        10          0          0          0          0         68   fretinf.o
       272        100          0          0          0         88   fsqrt.o
         4          0          0          0          0         68   printf1.o
         4          0          0          0          0         68   printf2.o
       100          0          0          0          0         68   retnan.o
        76          0          0          0          0         68   scalbnf.o
        48          0          0          0          0         68   trapv.o
         0          0          0          0          0          0   usenofp.o
       604         76          0          0          0        116   atan2f.o
        40          0          0          0          0         68   fpclassify.o
        38          0          0          0          0         68   fpclassifyf.o
        14          0          0          0          0        136   funder.o
        44          0          0          0          0         80   sqrtf.o

    ----------------------------------------------------------------------
     10520        702        552          0        100       6440   Library Totals
        20          0          1          0          4          0   (incl. Padding)

    ----------------------------------------------------------------------

      Code (inc. data)   RO Data    RW Data    ZI Data      Debug   Library Name

      6752        270        551          0         96       4060   c_w.l
      3008        356          0          0          0       1912   fz_ws.l
       740         76          0          0          0        468   m_ws.l

    ----------------------------------------------------------------------
     10520        702        552          0        100       6440   Library Totals

    ----------------------------------------------------------------------

==============================================================================


      Code (inc. data)   RO Data    RW Data    ZI Data      Debug   

     20922       1846       3242       1024       2768     379579   Grand Totals
     20922       1846       3242        120       2768     379579   ELF Image Totals (compressed)
     20922       1846       3242        120          0          0   ROM Totals

==============================================================================

    Total RO  Size (Code + RO Data)                24164 (  23.60kB)
    Total RW  Size (RW Data + ZI Data)              3792 (   3.70kB)
    Total ROM Size (Code + RO Data + RW Data)      24284 (  23.71kB)

==============================================================================

