Component: ARM Compiler 5.06 update 5 (build 528) Tool: armlink [4d35e2]

==============================================================================

Section Cross References

    startup_stm32f10x_md.o(STACK) refers (Special) to heapauxi.o(.text) for __use_two_region_memory
    startup_stm32f10x_md.o(HEAP) refers (Special) to heapauxi.o(.text) for __use_two_region_memory
    startup_stm32f10x_md.o(RESET) refers (Special) to heapauxi.o(.text) for __use_two_region_memory
    startup_stm32f10x_md.o(RESET) refers to startup_stm32f10x_md.o(STACK) for __initial_sp
    startup_stm32f10x_md.o(RESET) refers to startup_stm32f10x_md.o(.text) for Reset_Handler
    startup_stm32f10x_md.o(RESET) refers to stm32f10x_it.o(i.NMI_Handler) for NMI_Handler
    startup_stm32f10x_md.o(RESET) refers to stm32f10x_it.o(i.HardFault_Handler) for HardFault_Handler
    startup_stm32f10x_md.o(RESET) refers to stm32f10x_it.o(i.MemManage_Handler) for MemManage_Handler
    startup_stm32f10x_md.o(RESET) refers to stm32f10x_it.o(i.BusFault_Handler) for BusFault_Handler
    startup_stm32f10x_md.o(RESET) refers to stm32f10x_it.o(i.UsageFault_Handler) for UsageFault_Handler
    startup_stm32f10x_md.o(RESET) refers to stm32f10x_it.o(i.SVC_Handler) for SVC_Handler
    startup_stm32f10x_md.o(RESET) refers to stm32f10x_it.o(i.DebugMon_Handler) for DebugMon_Handler
    startup_stm32f10x_md.o(RESET) refers to stm32f10x_it.o(i.PendSV_Handler) for PendSV_Handler
    startup_stm32f10x_md.o(RESET) refers to stm32f10x_it.o(i.SysTick_Handler) for SysTick_Handler
    startup_stm32f10x_md.o(RESET) refers to main.o(i.TIM2_IRQHandler) for TIM2_IRQHandler
    startup_stm32f10x_md.o(RESET) refers to serial.o(i.USART3_IRQHandler) for USART3_IRQHandler
    startup_stm32f10x_md.o(.text) refers (Special) to heapauxi.o(.text) for __use_two_region_memory
    startup_stm32f10x_md.o(.text) refers to system_stm32f10x.o(i.SystemInit) for SystemInit
    startup_stm32f10x_md.o(.text) refers to __main.o(!!!main) for __main
    startup_stm32f10x_md.o(.text) refers to startup_stm32f10x_md.o(HEAP) for Heap_Mem
    startup_stm32f10x_md.o(.text) refers to startup_stm32f10x_md.o(STACK) for Stack_Mem
    system_stm32f10x.o(i.SetSysClock) refers to system_stm32f10x.o(i.SetSysClockTo72) for SetSysClockTo72
    system_stm32f10x.o(i.SystemCoreClockUpdate) refers to system_stm32f10x.o(.data) for SystemCoreClock
    system_stm32f10x.o(i.SystemInit) refers to system_stm32f10x.o(i.SetSysClock) for SetSysClock
    stm32f10x_adc.o(i.ADC_DeInit) refers to stm32f10x_rcc.o(i.RCC_APB2PeriphResetCmd) for RCC_APB2PeriphResetCmd
    stm32f10x_bkp.o(i.BKP_DeInit) refers to stm32f10x_rcc.o(i.RCC_BackupResetCmd) for RCC_BackupResetCmd
    stm32f10x_can.o(i.CAN_DeInit) refers to stm32f10x_rcc.o(i.RCC_APB1PeriphResetCmd) for RCC_APB1PeriphResetCmd
    stm32f10x_can.o(i.CAN_GetITStatus) refers to stm32f10x_can.o(i.CheckITStatus) for CheckITStatus
    stm32f10x_cec.o(i.CEC_DeInit) refers to stm32f10x_rcc.o(i.RCC_APB1PeriphResetCmd) for RCC_APB1PeriphResetCmd
    stm32f10x_dac.o(i.DAC_DeInit) refers to stm32f10x_rcc.o(i.RCC_APB1PeriphResetCmd) for RCC_APB1PeriphResetCmd
    stm32f10x_flash.o(i.FLASH_EnableWriteProtection) refers to stm32f10x_flash.o(i.FLASH_WaitForLastOperation) for FLASH_WaitForLastOperation
    stm32f10x_flash.o(i.FLASH_EraseAllBank1Pages) refers to stm32f10x_flash.o(i.FLASH_WaitForLastBank1Operation) for FLASH_WaitForLastBank1Operation
    stm32f10x_flash.o(i.FLASH_EraseAllPages) refers to stm32f10x_flash.o(i.FLASH_WaitForLastOperation) for FLASH_WaitForLastOperation
    stm32f10x_flash.o(i.FLASH_EraseOptionBytes) refers to stm32f10x_flash.o(i.FLASH_GetReadOutProtectionStatus) for FLASH_GetReadOutProtectionStatus
    stm32f10x_flash.o(i.FLASH_EraseOptionBytes) refers to stm32f10x_flash.o(i.FLASH_WaitForLastOperation) for FLASH_WaitForLastOperation
    stm32f10x_flash.o(i.FLASH_ErasePage) refers to stm32f10x_flash.o(i.FLASH_WaitForLastOperation) for FLASH_WaitForLastOperation
    stm32f10x_flash.o(i.FLASH_ProgramHalfWord) refers to stm32f10x_flash.o(i.FLASH_WaitForLastOperation) for FLASH_WaitForLastOperation
    stm32f10x_flash.o(i.FLASH_ProgramOptionByteData) refers to stm32f10x_flash.o(i.FLASH_WaitForLastOperation) for FLASH_WaitForLastOperation
    stm32f10x_flash.o(i.FLASH_ProgramWord) refers to stm32f10x_flash.o(i.FLASH_WaitForLastOperation) for FLASH_WaitForLastOperation
    stm32f10x_flash.o(i.FLASH_ReadOutProtection) refers to stm32f10x_flash.o(i.FLASH_WaitForLastOperation) for FLASH_WaitForLastOperation
    stm32f10x_flash.o(i.FLASH_UserOptionByteConfig) refers to stm32f10x_flash.o(i.FLASH_WaitForLastOperation) for FLASH_WaitForLastOperation
    stm32f10x_flash.o(i.FLASH_WaitForLastBank1Operation) refers to stm32f10x_flash.o(i.FLASH_GetBank1Status) for FLASH_GetBank1Status
    stm32f10x_flash.o(i.FLASH_WaitForLastOperation) refers to stm32f10x_flash.o(i.FLASH_GetBank1Status) for FLASH_GetBank1Status
[...]
    __ARM_use_no_argv                        0x00000000   Number         0  main.o ABSOLUTE
    _printf_flags                            0x00000000   Number         0  printf_stubs.o ABSOLUTE
    _printf_return_value                     0x00000000   Number         0  printf_stubs.o ABSOLUTE
    _printf_sizespec                         0x00000000   Number         0  printf_stubs.o ABSOLUTE
    _printf_widthprec                        0x00000000   Number         0  printf_stubs.o ABSOLUTE
    __ARM_exceptions_init                     - Undefined Weak Reference
    __alloca_initialize                       - Undefined Weak Reference
    __arm_preinit_                            - Undefined Weak Reference
    __cpp_initialize__aeabi_                  - Undefined Weak Reference
    __cxa_finalize                            - Undefined Weak Reference
    __sigvec_lookup                           - Undefined Weak Reference
    _atexit_init                              - Undefined Weak Reference
    _call_atexit_fns                          - Undefined Weak Reference
    _clock_init                               - Undefined Weak Reference
    _fp_trap_init                             - Undefined Weak Reference
    _fp_trap_shutdown                         - Undefined Weak Reference
    _get_lc_collate                           - Undefined Weak Reference
    _get_lc_monetary                          - Undefined Weak Reference
    _get_lc_time                              - Undefined Weak Reference
    _getenv_init                              - Undefined Weak Reference
    _handle_redirection                       - Undefined Weak Reference
    _init_alloc                               - Undefined Weak Reference
    _init_user_alloc                          - Undefined Weak Reference
    _initio                                   - Undefined Weak Reference
    _printf_mbtowc                            - Undefined Weak Reference
    _printf_wc                                - Undefined Weak Reference
    _rand_init                                - Undefined Weak Reference
    _signal_finish                            - Undefined Weak Reference
    _signal_init                              - Undefined Weak Reference
    _terminate_alloc                          - Undefined Weak Reference
    _terminate_user_alloc                     - Undefined Weak Reference
    _terminateio                              - Undefined Weak Reference
    __Vectors_Size                           0x000000ec   Number         0  startup_stm32f10x_md.o ABSOLUTE
    __Vectors                                0x08000000   Data           4  startup_stm32f10x_md.o(RESET)
    __Vectors_End                            0x080000ec   Data           0  startup_stm32f10x_md.o(RESET)
    __main                                   0x080000ed   Thumb Code     8  __main.o(!!!main)
    __scatterload                            0x080000f5   Thumb Code     0  __scatter.o(!!!scatter)
    __scatterload_rt2                        0x080000f5   Thumb Code    44  __scatter.o(!!!scatter)
    __scatterload_rt2_thumb_only             0x080000f5   Thumb Code     0  __scatter.o(!!!scatter)
    __scatterload_null                       0x08000103   Thumb Code     0  __scatter.o(!!!scatter)
    __decompress                             0x08000129   Thumb Code    90  __dczerorl2.o(!!dczerorl2)
    __decompress1                            0x08000129   Thumb Code     0  __dczerorl2.o(!!dczerorl2)
    __scatterload_zeroinit                   0x08000185   Thumb Code    28  __scatter_zi.o(!!handler_zi)
    _printf_n                                0x080001a1   Thumb Code     0  _printf_n.o(.ARM.Collect$$_printf_percent$$00000001)
    _printf_percent                          0x080001a1   Thumb Code     0  _printf_percent.o(.ARM.Collect$$_printf_percent$$00000000)
    _printf_p                                0x080001a7   Thumb Code     0  _printf_p.o(.ARM.Collect$$_printf_percent$$00000002)
    _printf_f                                0x080001ad   Thumb Code     0  _printf_f.o(.ARM.Collect$$_printf_percent$$00000003)
    _printf_e                                0x080001b3   Thumb Code     0  _printf_e.o(.ARM.Collect$$_printf_percent$$00000004)
    _printf_g                                0x080001b9   Thumb Code     0  _printf_g.o(.ARM.Collect$$_printf_percent$$00000005)
    _printf_a                                0x080001bf   Thumb Code     0  _printf_a.o(.ARM.Collect$$_printf_percent$$00000006)
    _printf_ll                               0x080001c5   Thumb Code     0  _printf_ll.o(.ARM.Collect$$_printf_percent$$00000007)
    _printf_i                                0x080001cf   Thumb Code     0  _printf_i.o(.ARM.Collect$$_printf_percent$$00000008)
    _printf_d                                0x080001d5   Thumb Code     0  _printf_d.o(.ARM.Collect$$_printf_percent$$00000009)
    _printf_u                                0x080001db   Thumb Code     0  _printf_u.o(.ARM.Collect$$_printf_percent$$0000000A)
    _printf_o                                0x080001e1   Thumb Code     0  _printf_o.o(.ARM.Collect$$_printf_percent$$0000000B)
    _printf_x                                0x080001e7   Thumb Code     0  _printf_x.o(.ARM.Collect$$_printf_percent$$0000000C)
    _printf_lli                              0x080001ed   Thumb Code     0  _printf_lli.o(.ARM.Collect$$_printf_percent$$0000000D)
    _printf_lld                              0x080001f3   Thumb Code     0  _printf_lld.o(.ARM.Collect$$_printf_percent$$0000000E)
    _printf_llu                              0x080001f9   Thumb Code     0  _printf_llu.o(.ARM.Collect$$_printf_percent$$0000000F)
    _printf_llo                              0x080001ff   Thumb Code     0  _printf_llo.o(.ARM.Collect$$_printf_percent$$00000010)
    _printf_llx                              0x08000205   Thumb Code     0  _printf_llx.o(.ARM.Collect$$_printf_percent$$00000011)
    _printf_l                                0x0800020b   Thumb Code     0  _printf_l.o(.ARM.Collect$$_printf_percent$$00000012)
    _printf_c                                0x08000215   Thumb Code     0  _printf_c.o(.ARM.Collect$$_printf_percent$$00000013)
    _printf_s                                0x0800021b   Thumb Code     0  _printf_s.o(.ARM.Collect$$_printf_percent$$00000014)
    _printf_lc                               0x08000221   Thumb Code     0  _printf_lc.o(.ARM.Collect$$_printf_percent$$00000015)
    _printf_ls                               0x08000227   Thumb Code     0  _printf_ls.o(.ARM.Collect$$_printf_percent$$00000016)
    _printf_percent_end                      0x0800022d   Thumb Code     0  _printf_percent_end.o(.ARM.Collect$$_printf_percent$$00000017)
    __rt_lib_init                            0x08000231   Thumb Code     0  libinit.o(.ARM.Collect$$libinit$$00000000)
    __rt_lib_init_fp_1                       0x08000233   Thumb Code     0  libinit2.o(.ARM.Collect$$libinit$$00000002)
    __rt_lib_init_heap_1                     0x08000233   Thumb Code     0  libinit2.o(.ARM.Collect$$libinit$$0000000A)
    __rt_lib_init_lc_common                  0x08000233   Thumb Code     0  libinit2.o(.ARM.Collect$$libinit$$0000000F)
    __rt_lib_init_preinit_1                  0x08000233   Thumb Code     0  libinit2.o(.ARM.Collect$$libinit$$00000004)
    __rt_lib_init_rand_1                     0x08000233   Thumb Code     0  libinit2.o(.ARM.Collect$$libinit$$0000000E)
    __rt_lib_init_user_alloc_1               0x08000233   Thumb Code     0  libinit2.o(.ARM.Collect$$libinit$$0000000C)
    __rt_lib_init_lc_collate_1               0x08000239   Thumb Code     0  libinit2.o(.ARM.Collect$$libinit$$00000011)
    __rt_lib_init_lc_ctype_2                 0x08000239   Thumb Code     0  libinit2.o(.ARM.Collect$$libinit$$00000012)
    __rt_lib_init_lc_ctype_1                 0x08000245   Thumb Code     0  libinit2.o(.ARM.Collect$$libinit$$00000013)
    __rt_lib_init_lc_monetary_1              0x08000245   Thumb Code     0  libinit2.o(.ARM.Collect$$libinit$$00000015)
    __rt_lib_init_lc_numeric_2               0x08000245   Thumb Code     0  libinit2.o(.ARM.Collect$$libinit$$00000016)
    __rt_lib_init_alloca_1                   0x0800024f   Thumb Code     0  libinit2.o(.ARM.Collect$$libinit$$0000002E)
    __rt_lib_init_argv_1                     0x0800024f   Thumb Code     0  libinit2.o(.ARM.Collect$$libinit$$0000002C)
    __rt_lib_init_atexit_1                   0x0800024f   Thumb Code     0  libinit2.o(.ARM.Collect$$libinit$$0000001B)
    __rt_lib_init_clock_1                    0x0800024f   Thumb Code     0  libinit2.o(.ARM.Collect$$libinit$$00000021)
    __rt_lib_init_cpp_1                      0x0800024f   Thumb Code     0  libinit2.o(.ARM.Collect$$libinit$$00000032)
    __rt_lib_init_exceptions_1               0x0800024f   Thumb Code     0  libinit2.o(.ARM.Collect$$libinit$$00000030)
    __rt_lib_init_fp_trap_1                  0x0800024f   Thumb Code     0  libinit2.o(.ARM.Collect$$libinit$$0000001F)
    __rt_lib_init_getenv_1                   0x0800024f   Thumb Code     0  libinit2.o(.ARM.Collect$$libinit$$00000023)
    __rt_lib_init_lc_numeric_1               0x0800024f   Thumb Code     0  libinit2.o(.ARM.Collect$$libinit$$00000017)
    __rt_lib_init_lc_time_1                  0x0800024f   Thumb Code     0  libinit2.o(.ARM.Collect$$libinit$$00000019)
    __rt_lib_init_return                     0x0800024f   Thumb Code     0  libinit2.o(.ARM.Collect$$libinit$$00000033)
    __rt_lib_init_signal_1                   0x0800024f   Thumb Code     0  libinit2.o(.ARM.Collect$$libinit$$0000001D)
    __rt_lib_init_stdio_1                    0x0800024f   Thumb Code     0  libinit2.o(.ARM.Collect$$libinit$$00000025)
    __rt_lib_shutdown                        0x08000251   Thumb Code     0  libshutdown.o(.ARM.Collect$$libshutdown$$00000000)
    __rt_lib_shutdown_cpp_1                  0x08000253   Thumb Code     0  libshutdown2.o(.ARM.Collect$$libshutdown$$00000002)
    __rt_lib_shutdown_fp_trap_1              0x08000253   Thumb Code     0  libshutdown2.o(.ARM.Collect$$libshutdown$$00000007)
    __rt_lib_shutdown_heap_1                 0x08000253   Thumb Code     0  libshutdown2.o(.ARM.Collect$$libshutdown$$0000000F)
    __rt_lib_shutdown_return                 0x08000253   Thumb Code     0  libshutdown2.o(.ARM.Collect$$libshutdown$$00000010)
    __rt_lib_shutdown_signal_1               0x08000253   Thumb Code     0  libshutdown2.o(.ARM.Collect$$libshutdown$$0000000A)
    __rt_lib_shutdown_stdio_1                0x08000253   Thumb Code     0  libshutdown2.o(.ARM.Collect$$libshutdown$$00000004)
    __rt_lib_shutdown_user_alloc_1           0x08000253   Thumb Code     0  libshutdown2.o(.ARM.Collect$$libshutdown$$0000000C)
    __rt_entry                               0x08000255   Thumb Code     0  __rtentry.o(.ARM.Collect$$rtentry$$00000000)
    __rt_entry_presh_1                       0x08000255   Thumb Code     0  __rtentry2.o(.ARM.Collect$$rtentry$$00000002)
    __rt_entry_sh                            0x08000255   Thumb Code     0  __rtentry4.o(.ARM.Collect$$rtentry$$00000004)
    __rt_entry_li                            0x0800025b   Thumb Code     0  __rtentry2.o(.ARM.Collect$$rtentry$$0000000A)
    __rt_entry_postsh_1                      0x0800025b   Thumb Code     0  __rtentry2.o(.ARM.Collect$$rtentry$$00000009)
    __rt_entry_main                          0x0800025f   Thumb Code     0  __rtentry2.o(.ARM.Collect$$rtentry$$0000000D)
    __rt_entry_postli_1                      0x0800025f   Thumb Code     0  __rtentry2.o(.ARM.Collect$$rtentry$$0000000C)
    __rt_exit                                0x08000267   Thumb Code     0  rtexit.o(.ARM.Collect$$rtexit$$00000000)
    __rt_exit_ls                             0x08000269   Thumb Code     0  rtexit2.o(.ARM.Collect$$rtexit$$00000003)
    __rt_exit_prels_1                        0x08000269   Thumb Code     0  rtexit2.o(.ARM.Collect$$rtexit$$00000002)
    __rt_exit_exit                           0x0800026d   Thumb Code     0  rtexit2.o(.ARM.Collect$$rtexit$$00000004)
    Reset_Handler                            0x08000275   Thumb Code     8  startup_stm32f10x_md.o(.text)
    ADC1_2_IRQHandler                        0x0800028f   Thumb Code     0  startup_stm32f10x_md.o(.text)
    CAN1_RX1_IRQHandler                      0x0800028f   Thumb Code     0  startup_stm32f10x_md.o(.text)
    CAN1_SCE_IRQHandler                      0x0800028f   Thumb Code     0  startup_stm32f10x_md.o(.text)
    DMA1_Channel1_IRQHandler                 0x0800028f   Thumb Code     0  startup_stm32f10x_md.o(.text)
    DMA1_Channel2_IRQHandler                 0x0800028f   Thumb Code     0  startup_stm32f10x_md.o(.text)
    DMA1_Channel3_IRQHandler                 0x0800028f   Thumb Code     0  startup_stm32f10x_md.o(.text)
    DMA1_Channel4_IRQHandler                 0x0800028f   Thumb Code     0  startup_stm32f10x_md.o(.text)
    DMA1_Channel5_IRQHandler                 0x0800028f   Thumb Code     0  startup_stm32f10x_md.o(.text)
    DMA1_Channel6_IRQHandler                 0x0800028f   Thumb Code     0  startup_stm32f10x_md.o(.text)
    DMA1_Channel7_IRQHandler                 0x0800028f   Thumb Code     0  startup_stm32f10x_md.o(.text)
    EXTI0_IRQHandler                         0x0800028f   Thumb Code     0  startup_stm32f10x_md.o(.text)
    EXTI15_10_IRQHandler                     0x0800028f   Thumb Code     0  startup_stm32f10x_md.o(.text)
    EXTI1_IRQHandler                         0x0800028f   Thumb Code     0  startup_stm32f10x_md.o(.text)
    EXTI2_IRQHandler                         0x0800028f   Thumb Code     0  startup_stm32f10x_md.o(.text)
    EXTI3_IRQHandler                         0x0800028f   Thumb Code     0  startup_stm32f10x_md.o(.text)
    EXTI4_IRQHandler                         0x0800028f   Thumb Code     0  startup_stm32f10x_md.o(.text)
    EXTI9_5_IRQHandler                       0x0800028f   Thumb Code     0  startup_stm32f10x_md.o(.text)
    FLASH_IRQHandler                         0x0800028f   Thumb Code     0  startup_stm32f10x_md.o(.text)
    I2C1_ER_IRQHandler                       0x0800028f   Thumb Code     0  startup_stm32f10x_md.o(.text)
    I2C1_EV_IRQHandler                       0x0800028f   Thumb Code     0  startup_stm32f10x_md.o(.text)
    I2C2_ER_IRQHandler                       0x0800028f   Thumb Code     0  startup_stm32f10x_md.o(.text)
    I2C2_EV_IRQHandler                       0x0800028f   Thumb Code     0  startup_stm32f10x_md.o(.text)
    PVD_IRQHandler                           0x0800028f   Thumb Code     0  startup_stm32f10x_md.o(.text)
    RCC_IRQHandler                           0x0800028f   Thumb Code     0  startup_stm32f10x_md.o(.text)
    RTCAlarm_IRQHandler                      0x0800028f   Thumb Code     0  startup_stm32f10x_md.o(.text)
    RTC_IRQHandler                           0x0800028f   Thumb Code     0  startup_stm32f10x_md.o(.text)
    SPI1_IRQHandler                          0x0800028f   Thumb Code     0  startup_stm32f10x_md.o(.text)
    SPI2_IRQHandler                          0x0800028f   Thumb Code     0  startup_stm32f10x_md.o(.text)
    TAMPER_IRQHandler                        0x0800028f   Thumb Code     0  startup_stm32f10x_md.o(.text)
    TIM1_BRK_IRQHandler                      0x0800028f   Thumb Code     0  startup_stm32f10x_md.o(.text)
    TIM1_CC_IRQHandler                       0x0800028f   Thumb Code     0  startup_stm32f10x_md.o(.text)
    TIM1_TRG_COM_IRQHandler                  0x0800028f   Thumb Code     0  startup_stm32f10x_md.o(.text)
    TIM1_UP_IRQHandler                       0x0800028f   Thumb Code     0  startup_stm32f10x_md.o(.text)
    TIM3_IRQHandler                          0x0800028f   Thumb Code     0  startup_stm32f10x_md.o(.text)
    TIM4_IRQHandler                          0x0800028f   Thumb Code     0  startup_stm32f10x_md.o(.text)
    USART1_IRQHandler                        0x0800028f   Thumb Code     0  startup_stm32f10x_md.o(.text)
    USART2_IRQHandler                        0x0800028f   Thumb Code     0  startup_stm32f10x_md.o(.text)
    USBWakeUp_IRQHandler                     0x0800028f   Thumb Code     0  startup_stm32f10x_md.o(.text)
    USB_HP_CAN1_TX_IRQHandler                0x0800028f   Thumb Code     0  startup_stm32f10x_md.o(.text)
    USB_LP_CAN1_RX0_IRQHandler               0x0800028f   Thumb Code     0  startup_stm32f10x_md.o(.text)
    WWDG_IRQHandler                          0x0800028f   Thumb Code     0  startup_stm32f10x_md.o(.text)
    __user_initial_stackheap                 0x08000291   Thumb Code     0  startup_stm32f10x_md.o(.text)
    vsprintf                                 0x080002b5   Thumb Code    32  vsprintf.o(.text)
    strcmp                                   0x080002d9   Thumb Code   128  strcmpv7m.o(.text)
    __use_two_region_memory                  0x08000359   Thumb Code     2  heapauxi.o(.text)
    __rt_heap_escrow$2region                 0x0800035b   Thumb Code     2  heapauxi.o(.text)
    __rt_heap_expand$2region                 0x0800035d   Thumb Code     2  heapauxi.o(.text)
    __read_errno                             0x0800035f   Thumb Code    10  _rserrno.o(.text)
    __set_errno                              0x08000369   Thumb Code    12  _rserrno.o(.text)
    _printf_pre_padding                      0x08000375   Thumb Code    44  _printf_pad.o(.text)
    _printf_post_padding                     0x080003a1   Thumb Code    34  _printf_pad.o(.text)
    _printf_truncate_signed                  0x080003c3   Thumb Code    18  _printf_truncate.o(.text)
    _printf_truncate_unsigned                0x080003d5   Thumb Code    18  _printf_truncate.o(.text)
    _printf_str                              0x080003e7   Thumb Code    82  _printf_str.o(.text)
    _printf_int_dec                          0x08000439   Thumb Code   104  _printf_dec.o(.text)
    _printf_charcount                        0x080004b1   Thumb Code    40  _printf_charcount.o(.text)
    _printf_char_common                      0x080004e3   Thumb Code    32  _printf_char_common.o(.text)
    _sputc                                   0x08000509   Thumb Code    10  _sputc.o(.text)
    _printf_wctomb                           0x08000515   Thumb Code   182  _printf_wctomb.o(.text)
    _printf_longlong_dec                     0x080005d1   Thumb Code   108  _printf_longlong_dec.o(.text)
    _printf_longlong_oct                     0x0800064d   Thumb Code    66  _printf_oct_int_ll.o(.text)
    _printf_int_oct                          0x0800068f   Thumb Code    24  _printf_oct_int_ll.o(.text)
    _printf_ll_oct                           0x080006a7   Thumb Code    12  _printf_oct_int_ll.o(.text)
    _printf_longlong_hex                     0x080006bd   Thumb Code    86  _printf_hex_int_ll_ptr.o(.text)
    _printf_int_hex                          0x08000713   Thumb Code    28  _printf_hex_int_ll_ptr.o(.text)
    _printf_ll_hex                           0x0800072f   Thumb Code    12  _printf_hex_int_ll_ptr.o(.text)
    _printf_hex_ptr                          0x0800073b   Thumb Code    18  _printf_hex_int_ll_ptr.o(.text)
    __printf                                 0x08000751   Thumb Code   388  __printf_flags_ss_wp.o(.text)
    __aeabi_errno_addr                       0x080008d9   Thumb Code     8  rt_errno_addr_intlibspace.o(.text)
    __errno$intlibspace                      0x080008d9   Thumb Code     0  rt_errno_addr_intlibspace.o(.text)
    __rt_errno_addr$intlibspace              0x080008d9   Thumb Code     0  rt_errno_addr_intlibspace.o(.text)
    _ll_udiv10                               0x080008e1   Thumb Code   138  lludiv10.o(.text)
    _printf_int_common                       0x0800096b   Thumb Code   178  _printf_intcommon.o(.text)
    __lib_sel_fp_printf                      0x08000a1d   Thumb Code     2  _printf_fp_dec.o(.text)
    _printf_fp_dec_real                      0x08000bcf   Thumb Code   620  _printf_fp_dec.o(.text)
    _printf_fp_hex_real                      0x08000e3d   Thumb Code   756  _printf_fp_hex.o(.text)
    _printf_cs_common                        0x08001139   Thumb Code    20  _printf_char.o(.text)
    _printf_char                             0x0800114d   Thumb Code    16  _printf_char.o(.text)
    _printf_string                           0x0800115d   Thumb Code     8  _printf_char.o(.text)
    _printf_lcs_common                       0x08001165   Thumb Code    20  _printf_wchar.o(.text)
    _printf_wchar                            0x08001179   Thumb Code    16  _printf_wchar.o(.text)
    _printf_wstring                          0x08001189   Thumb Code     8  _printf_wchar.o(.text)
    _wcrtomb                                 0x08001191   Thumb Code    64  _wcrtomb.o(.text)
    __user_libspace                          0x080011d1   Thumb Code     8  libspace.o(.text)
    __user_perproc_libspace                  0x080011d1   Thumb Code     0  libspace.o(.text)
    __user_perthread_libspace                0x080011d1   Thumb Code     0  libspace.o(.text)
    __user_setup_stackheap                   0x080011d9   Thumb Code    74  sys_stackheap_outer.o(.text)
    __rt_ctype_table                         0x08001225   Thumb Code    16  rt_ctype_table.o(.text)
    __rt_locale                              0x08001235   Thumb Code     8  rt_locale_intlibspace.o(.text)
    _printf_fp_infnan                        0x0800123d   Thumb Code   112  _printf_fp_infnan.o(.text)
    _btod_etento                             0x080012bd   Thumb Code   224  bigflt0.o(.text)
    exit                                     0x080013a1   Thumb Code    18  exit.o(.text)
    _sys_exit                                0x080013b5   Thumb Code     8  sys_exit.o(.text)
    __I$use$semihosting                      0x080013c1   Thumb Code     0  use_no_semi.o(.text)
    __use_no_semihosting_swi                 0x080013c1   Thumb Code     2  use_no_semi.o(.text)
    __semihosting_library_function           0x080013c3   Thumb Code     0  indicate_semi.o(.text)
    _btod_d2e                                0x080013c3   Thumb Code    62  btod.o(CL$$btod_d2e)
    _d2e_denorm_low                          0x08001401   Thumb Code    70  btod.o(CL$$btod_d2e_denorm_low)
    _d2e_norm_op1                            0x08001447   Thumb Code    96  btod.o(CL$$btod_d2e_norm_op1)
    __btod_div_common                        0x080014a7   Thumb Code   696  btod.o(CL$$btod_div_common)
    _e2e                                     0x080017df   Thumb Code   220  btod.o(CL$$btod_e2e)
    _btod_ediv                               0x080018bb   Thumb Code    42  btod.o(CL$$btod_ediv)
    _btod_emul                               0x080018e5   Thumb Code    42  btod.o(CL$$btod_emul)
    __btod_mult_common                       0x0800190f   Thumb Code   580  btod.o(CL$$btod_mult_common)
    Boot_animation                           0x08001b55   Thumb Code    16  menu.o(i.Boot_animation)
    BusFault_Handler                         0x08001b69   Thumb Code     4  stm32f10x_it.o(i.BusFault_Handler)
    Control                                  0x08001b6d   Thumb Code   336  pid.o(i.Control)
    DebugMon_Handler                         0x08001cfd   Thumb Code     2  stm32f10x_it.o(i.DebugMon_Handler)
    Delay_us                                 0x08001cff   Thumb Code    46  delay.o(i.Delay_us)
    Encoder_Get_L                            0x08001d2d   Thumb Code    28  encoder.o(i.Encoder_Get_L)
    Encoder_Get_R                            0x08001d51   Thumb Code    26  encoder.o(i.Encoder_Get_R)
    Encoder_Init                             0x08001d75   Thumb Code   290  encoder.o(i.Encoder_Init)
    Encoder_Read                             0x08001ea9   Thumb Code   194  encoder.o(i.Encoder_Read)
    GPIO_Init                                0x08001f85   Thumb Code   278  stm32f10x_gpio.o(i.GPIO_Init)
    GPIO_PinRemapConfig                      0x0800209d   Thumb Code   138  stm32f10x_gpio.o(i.GPIO_PinRemapConfig)
    GPIO_ReadInputDataBit                    0x0800212d   Thumb Code    18  stm32f10x_gpio.o(i.GPIO_ReadInputDataBit)
    GPIO_ResetBits                           0x0800213f   Thumb Code     4  stm32f10x_gpio.o(i.GPIO_ResetBits)
    GPIO_SetBits                             0x08002143   Thumb Code     4  stm32f10x_gpio.o(i.GPIO_SetBits)
    GPIO_WriteBit                            0x08002147   Thumb Code    10  stm32f10x_gpio.o(i.GPIO_WriteBit)
    HardFault_Handler                        0x08002151   Thumb Code     4  stm32f10x_it.o(i.HardFault_Handler)
    Homepage_1                               0x08002155   Thumb Code    80  menu.o(i.Homepage_1)
    Homepage_2                               0x080021ed   Thumb Code    82  menu.o(i.Homepage_2)
    Homepage_3                               0x08002281   Thumb Code    88  menu.o(i.Homepage_3)
    Homepage_4                               0x08002319   Thumb Code    76  menu.o(i.Homepage_4)
    Homepage_5                               0x080023a5   Thumb Code    20  menu.o(i.Homepage_5)
    Kalman_Init                              0x080023c1   Thumb Code    30  suanfa.o(i.Kalman_Init)
    Kalman_getAngle                          0x080023ed   Thumb Code   310  suanfa.o(i.Kalman_getAngle)
    Key_GetNum                               0x08002525   Thumb Code    24  key.o(i.Key_GetNum)
    Key_GetState                             0x08002541   Thumb Code    34  key.o(i.Key_GetState)
    Key_Init                                 0x08002569   Thumb Code    36  key.o(i.Key_Init)
    Key_Tick                                 0x08002591   Thumb Code    62  key.o(i.Key_Tick)
    MPU6050_GetData                          0x080025e1   Thumb Code   534  mpu6050.o(i.MPU6050_GetData)
    MPU6050_Init                             0x08002825   Thumb Code    74  mpu6050.o(i.MPU6050_Init)
    MPU6050_ReadReg                          0x0800287d   Thumb Code    62  mpu6050.o(i.MPU6050_ReadReg)
    MPU6050_WriteReg                         0x080028bb   Thumb Code    46  mpu6050.o(i.MPU6050_WriteReg)
    MemManage_Handler                        0x080028e9   Thumb Code     4  stm32f10x_it.o(i.MemManage_Handler)
    Motor_Init                               0x080028ed   Thumb Code    44  motor.o(i.Motor_Init)
    Motor_SetPWM_L                           0x0800291d   Thumb Code    66  motor.o(i.Motor_SetPWM_L)
    Motor_SetPWM_R                           0x08002965   Thumb Code    66  motor.o(i.Motor_SetPWM_R)
    MyI2C_Init                               0x080029ad   Thumb Code    62  myi2c.o(i.MyI2C_Init)
    MyI2C_R_SDA                              0x080029f5   Thumb Code    22  myi2c.o(i.MyI2C_R_SDA)
    MyI2C_ReceiveAck                         0x08002a11   Thumb Code    30  myi2c.o(i.MyI2C_ReceiveAck)
    MyI2C_ReceiveByte                        0x08002a2f   Thumb Code    50  myi2c.o(i.MyI2C_ReceiveByte)
    MyI2C_SendAck                            0x08002a61   Thumb Code    24  myi2c.o(i.MyI2C_SendAck)
    MyI2C_SendByte                           0x08002a79   Thumb Code    50  myi2c.o(i.MyI2C_SendByte)
    MyI2C_Start                              0x08002aab   Thumb Code    28  myi2c.o(i.MyI2C_Start)
    MyI2C_Stop                               0x08002ac7   Thumb Code    22  myi2c.o(i.MyI2C_Stop)
    MyI2C_W_SCL                              0x08002add   Thumb Code    22  myi2c.o(i.MyI2C_W_SCL)
    MyI2C_W_SDA                              0x08002af9   Thumb Code    22  myi2c.o(i.MyI2C_W_SDA)
    NMI_Handler                              0x08002b15   Thumb Code     2  stm32f10x_it.o(i.NMI_Handler)
    NVIC_Init                                0x08002b19   Thumb Code   100  misc.o(i.NVIC_Init)
    NVIC_PriorityGroupConfig                 0x08002b89   Thumb Code    10  misc.o(i.NVIC_PriorityGroupConfig)
    OLED_Clear                               0x08002b9d   Thumb Code    36  oled.o(i.OLED_Clear)
    OLED_ClearArea                           0x08002bc5   Thumb Code   140  oled.o(i.OLED_ClearArea)
    OLED_GPIO_Init                           0x08002c55   Thumb Code    92  oled.o(i.OLED_GPIO_Init)
    OLED_I2C_SendByte                        0x08002cb5   Thumb Code    62  oled.o(i.OLED_I2C_SendByte)
    OLED_I2C_Start                           0x08002cf3   Thumb Code    28  oled.o(i.OLED_I2C_Start)
    OLED_I2C_Stop                            0x08002d0f   Thumb Code    22  oled.o(i.OLED_I2C_Stop)
    OLED_Init                                0x08002d25   Thumb Code   154  oled.o(i.OLED_Init)
    OLED_Pow                                 0x08002dbf   Thumb Code    20  oled.o(i.OLED_Pow)
    OLED_Printf                              0x08002dd3   Thumb Code    50  oled.o(i.OLED_Printf)
    OLED_SetCursor                           0x08002e05   Thumb Code    34  oled.o(i.OLED_SetCursor)
    OLED_ShowChar                            0x08002e29   Thumb Code    74  oled.o(i.OLED_ShowChar)
    OLED_ShowImage                           0x08002e7d   Thumb Code   248  oled.o(i.OLED_ShowImage)
    OLED_ShowSignedNum                       0x08002f79   Thumb Code   112  oled.o(i.OLED_ShowSignedNum)
    OLED_ShowString                          0x08002fe9   Thumb Code   442  oled.o(i.OLED_ShowString)
    OLED_Update                              0x080031ad   Thumb Code    36  oled.o(i.OLED_Update)
    OLED_W_SCL                               0x080031d5   Thumb Code    18  oled.o(i.OLED_W_SCL)
    OLED_W_SDA                               0x080031ed   Thumb Code    18  oled.o(i.OLED_W_SDA)
    OLED_WriteCommand                        0x08003205   Thumb Code    32  oled.o(i.OLED_WriteCommand)
    OLED_WriteData                           0x08003225   Thumb Code    46  oled.o(i.OLED_WriteData)
    PID_Control                              0x08003255   Thumb Code   120  pid.o(i.PID_Control)
    PWM_Init                                 0x080032d9   Thumb Code   180  pwm.o(i.PWM_Init)
    PWM_SetCompare1                          0x08003395   Thumb Code    14  pwm.o(i.PWM_SetCompare1)
    PWM_SetCompare4                          0x080033a9   Thumb Code    14  pwm.o(i.PWM_SetCompare4)
    PendSV_Handler                           0x080033bd   Thumb Code     2  stm32f10x_it.o(i.PendSV_Handler)
    Place_Control                            0x080033c1   Thumb Code   130  pid.o(i.Place_Control)
    RCC_APB1PeriphClockCmd                   0x08003455   Thumb Code    26  stm32f10x_rcc.o(i.RCC_APB1PeriphClockCmd)
    RCC_APB2PeriphClockCmd                   0x08003475   Thumb Code    26  stm32f10x_rcc.o(i.RCC_APB2PeriphClockCmd)
    RCC_GetClocksFreq                        0x08003495   Thumb Code   192  stm32f10x_rcc.o(i.RCC_GetClocksFreq)
    SENSOR_GPIO_Config                       0x08003569   Thumb Code    54  sensor.o(i.SENSOR_GPIO_Config)
    SVC_Handler                              0x080035a9   Thumb Code     2  stm32f10x_it.o(i.SVC_Handler)
    Serial_Init                              0x080035ad   Thumb Code    98  serial.o(i.Serial_Init)
    Serial_Printf                            0x08003619   Thumb Code    36  serial.o(i.Serial_Printf)
    Serial_SendByte                          0x0800363d   Thumb Code    28  serial.o(i.Serial_SendByte)
    Serial_SendString                        0x0800365d   Thumb Code    26  serial.o(i.Serial_SendString)
    SysTick_Handler                          0x08003761   Thumb Code     2  stm32f10x_it.o(i.SysTick_Handler)
    SystemInit                               0x08003765   Thumb Code    78  system_stm32f10x.o(i.SystemInit)
    TIM2_IRQHandler                          0x08003a05   Thumb Code    38  main.o(i.TIM2_IRQHandler)
    TIM_ARRPreloadConfig                     0x08003a31   Thumb Code    24  stm32f10x_tim.o(i.TIM_ARRPreloadConfig)
    TIM_ClearFlag                            0x08003a49   Thumb Code     6  stm32f10x_tim.o(i.TIM_ClearFlag)
    TIM_ClearITPendingBit                    0x08003a4f   Thumb Code     6  stm32f10x_tim.o(i.TIM_ClearITPendingBit)
    TIM_Cmd                                  0x08003a55   Thumb Code    24  stm32f10x_tim.o(i.TIM_Cmd)
    TIM_CtrlPWMOutputs                       0x08003a6d   Thumb Code    30  stm32f10x_tim.o(i.TIM_CtrlPWMOutputs)
    TIM_EncoderInterfaceConfig               0x08003a8b   Thumb Code    66  stm32f10x_tim.o(i.TIM_EncoderInterfaceConfig)
    TIM_GetCounter                           0x08003acd   Thumb Code     6  stm32f10x_tim.o(i.TIM_GetCounter)
    TIM_GetITStatus                          0x08003ad3   Thumb Code    34  stm32f10x_tim.o(i.TIM_GetITStatus)
    TIM_ICInit                               0x08003af5   Thumb Code   150  stm32f10x_tim.o(i.TIM_ICInit)
    TIM_ICStructInit                         0x08003ba1   Thumb Code    18  stm32f10x_tim.o(i.TIM_ICStructInit)
    TIM_ITConfig                             0x08003bb3   Thumb Code    18  stm32f10x_tim.o(i.TIM_ITConfig)
    TIM_InternalClockConfig                  0x08003bc5   Thumb Code    12  stm32f10x_tim.o(i.TIM_InternalClockConfig)
    TIM_OC1Init                              0x08003bd1   Thumb Code   132  stm32f10x_tim.o(i.TIM_OC1Init)
    TIM_OC1PreloadConfig                     0x08003c69   Thumb Code    18  stm32f10x_tim.o(i.TIM_OC1PreloadConfig)
    TIM_OC4Init                              0x08003c7d   Thumb Code   114  stm32f10x_tim.o(i.TIM_OC4Init)
    TIM_OCStructInit                         0x08003cf9   Thumb Code    20  stm32f10x_tim.o(i.TIM_OCStructInit)
    TIM_SetCompare1                          0x08003d0d   Thumb Code     4  stm32f10x_tim.o(i.TIM_SetCompare1)
    TIM_SetCompare4                          0x08003d11   Thumb Code     6  stm32f10x_tim.o(i.TIM_SetCompare4)
    TIM_SetCounter                           0x08003d17   Thumb Code     4  stm32f10x_tim.o(i.TIM_SetCounter)
    TIM_SetIC1Prescaler                      0x08003d1b   Thumb Code    18  stm32f10x_tim.o(i.TIM_SetIC1Prescaler)
    TIM_SetIC2Prescaler                      0x08003d2d   Thumb Code    26  stm32f10x_tim.o(i.TIM_SetIC2Prescaler)
    TIM_SetIC3Prescaler                      0x08003d47   Thumb Code    18  stm32f10x_tim.o(i.TIM_SetIC3Prescaler)
    TIM_SetIC4Prescaler                      0x08003d59   Thumb Code    26  stm32f10x_tim.o(i.TIM_SetIC4Prescaler)
    TIM_TimeBaseInit                         0x08003d75   Thumb Code   122  stm32f10x_tim.o(i.TIM_TimeBaseInit)
    Timer_Init                               0x08003e19   Thumb Code   124  timer.o(i.Timer_Init)
    USART3_IRQHandler                        0x08003e95   Thumb Code    44  serial.o(i.USART3_IRQHandler)
    USART_ClearITPendingBit                  0x08003ecd   Thumb Code    30  stm32f10x_usart.o(i.USART_ClearITPendingBit)
    USART_Cmd                                0x08003eeb   Thumb Code    24  stm32f10x_usart.o(i.USART_Cmd)
    USART_GetFlagStatus                      0x08003f03   Thumb Code    26  stm32f10x_usart.o(i.USART_GetFlagStatus)
    USART_GetITStatus                        0x08003f1d   Thumb Code    84  stm32f10x_usart.o(i.USART_GetITStatus)
    USART_Init                               0x08003f71   Thumb Code   210  stm32f10x_usart.o(i.USART_Init)
    USART_ReceiveData                        0x08004049   Thumb Code    10  stm32f10x_usart.o(i.USART_ReceiveData)
    USART_SendData                           0x08004053   Thumb Code     8  stm32f10x_usart.o(i.USART_SendData)
    UsageFault_Handler                       0x0800405b   Thumb Code     4  stm32f10x_it.o(i.UsageFault_Handler)
    __ARM_fpclassify                         0x0800405f   Thumb Code    40  fpclassify.o(i.__ARM_fpclassify)
    __ARM_fpclassifyf                        0x08004087   Thumb Code    38  fpclassifyf.o(i.__ARM_fpclassifyf)
    __mathlib_flt_infnan2                    0x080040ad   Thumb Code     4  funder.o(i.__mathlib_flt_infnan2)
    __mathlib_flt_underflow                  0x080040b1   Thumb Code    10  funder.o(i.__mathlib_flt_underflow)
    _is_digit                                0x080040bb   Thumb Code    14  __printf_wp.o(i._is_digit)
    atan2f                                   0x080040c9   Thumb Code   528  atan2f.o(i.atan2f)
    main                                     0x08004325   Thumb Code   204  main.o(i.main)
    menu_operation                           0x08004435   Thumb Code    82  menu.o(i.menu_operation)
    sqrtf                                    0x08004499   Thumb Code    44  sqrtf.o(i.sqrtf)
    _get_lc_numeric                          0x080044c5   Thumb Code    44  lc_numeric_c.o(locale$$code)
    _get_lc_ctype                            0x080044f1   Thumb Code    44  lc_ctype_c.o(locale$$code)
    __fpl_dcmp_Inf                           0x0800451d   Thumb Code    24  dcmpi.o(x$fpl$dcmpinf)
    __aeabi_ddiv                             0x08004535   Thumb Code     0  ddiv.o(x$fpl$ddiv)
    _ddiv                                    0x08004535   Thumb Code   552  ddiv.o(x$fpl$ddiv)
    __aeabi_d2iz                             0x080047e5   Thumb Code     0  dfix.o(x$fpl$dfix)
    _dfix                                    0x080047e5   Thumb Code    94  dfix.o(x$fpl$dfix)
    __aeabi_i2d                              0x08004843   Thumb Code     0  dflt_clz.o(x$fpl$dflt)
    _dflt                                    0x08004843   Thumb Code    46  dflt_clz.o(x$fpl$dflt)
    __aeabi_cdcmple                          0x08004871   Thumb Code     0  dleqf.o(x$fpl$dleqf)
    _dcmple                                  0x08004871   Thumb Code   120  dleqf.o(x$fpl$dleqf)
    __fpl_dcmple_InfNaN                      0x080048d3   Thumb Code     0  dleqf.o(x$fpl$dleqf)
    __fpl_dnaninf                            0x080048e9   Thumb Code   156  dnaninf.o(x$fpl$dnaninf)
    __fpl_dretinf                            0x08004985   Thumb Code    12  dretinf.o(x$fpl$dretinf)
    __aeabi_cdrcmple                         0x08004991   Thumb Code     0  drleqf.o(x$fpl$drleqf)
    _drcmple                                 0x08004991   Thumb Code   108  drleqf.o(x$fpl$drleqf)
    __aeabi_f2d                              0x080049fd   Thumb Code     0  f2d.o(x$fpl$f2d)
    _f2d                                     0x080049fd   Thumb Code    86  f2d.o(x$fpl$f2d)
    __aeabi_fadd                             0x08004a55   Thumb Code     0  faddsub_clz.o(x$fpl$fadd)
    _fadd                                    0x08004a55   Thumb Code   196  faddsub_clz.o(x$fpl$fadd)
    __fpl_fcheck_NaN1                        0x08004b19   Thumb Code     6  fcheck1.o(x$fpl$fcheck1)
    __fpl_fcmp_Inf                           0x08004b25   Thumb Code    24  fcmpi.o(x$fpl$fcmpinf)
    __aeabi_fdiv                             0x08004b3d   Thumb Code     0  fdiv.o(x$fpl$fdiv)
    _fdiv                                    0x08004b3d   Thumb Code   384  fdiv.o(x$fpl$fdiv)
    __aeabi_f2iz                             0x08004cc1   Thumb Code     0  ffix.o(x$fpl$ffix)
    _ffix                                    0x08004cc1   Thumb Code    54  ffix.o(x$fpl$ffix)
    __aeabi_i2f                              0x08004cf9   Thumb Code     0  fflt_clz.o(x$fpl$fflt)
    _fflt                                    0x08004cf9   Thumb Code    48  fflt_clz.o(x$fpl$fflt)
    __aeabi_cfcmple                          0x08004d29   Thumb Code     0  fleqf.o(x$fpl$fleqf)
    _fcmple                                  0x08004d29   Thumb Code   104  fleqf.o(x$fpl$fleqf)
    __fpl_fcmple_InfNaN                      0x08004d7b   Thumb Code     0  fleqf.o(x$fpl$fleqf)
    __aeabi_fmul                             0x08004d91   Thumb Code     0  fmul.o(x$fpl$fmul)
    _fmul                                    0x08004d91   Thumb Code   258  fmul.o(x$fpl$fmul)
    __fpl_fnaninf                            0x08004e93   Thumb Code   140  fnaninf.o(x$fpl$fnaninf)
    __fpl_fretinf                            0x08004f1f   Thumb Code    10  fretinf.o(x$fpl$fretinf)
    __aeabi_cfrcmple                         0x08004f29   Thumb Code     0  frleqf.o(x$fpl$frleqf)
    _frcmple                                 0x08004f29   Thumb Code    98  frleqf.o(x$fpl$frleqf)
    __aeabi_frsub                            0x08004f8b   Thumb Code     0  faddsub_clz.o(x$fpl$frsb)
    _frsb                                    0x08004f8b   Thumb Code    20  faddsub_clz.o(x$fpl$frsb)
    _fsqrt                                   0x08004fa1   Thumb Code   272  fsqrt.o(x$fpl$fsqrt)
    __aeabi_fsub                             0x080050b1   Thumb Code     0  faddsub_clz.o(x$fpl$fsub)
    _fsub                                    0x080050b1   Thumb Code   234  faddsub_clz.o(x$fpl$fsub)
    _printf_fp_dec                           0x0800519b   Thumb Code     4  printf1.o(x$fpl$printf1)
    _printf_fp_hex                           0x0800519f   Thumb Code     4  printf2.o(x$fpl$printf2)
    __fpl_return_NaN                         0x080051a3   Thumb Code   100  retnan.o(x$fpl$retnan)
    __ARM_scalbnf                            0x08005207   Thumb Code    76  scalbnf.o(x$fpl$scalbnf)
    __fpl_cmpreturn                          0x08005253   Thumb Code    48  trapv.o(x$fpl$trapveneer)
    OLED_F8x16                               0x08005282   Data        1520  oled_data.o(.constdata)
    __I$use$fp                               0x08005282   Number         0  usenofp.o(x$fpl$usenofp)
    OLED_F6x8                                0x08005872   Data         570  oled_data.o(.constdata)
    OLED_CF16x16                             0x08005aac   Data         259  oled_data.o(.constdata)
    Diode                                    0x08005baf   Data          32  oled_data.o(.constdata)
    Region$$Table$$Base                      0x08005ccc   Number         0  anon$$obj.o(Region$$Table)
    Region$$Table$$Limit                     0x08005cec   Number         0  anon$$obj.o(Region$$Table)
    __ctype                                  0x08005d15   Data           0  lc_ctype_c.o(locale$$data)
    pitch                                    0x20000014   Data           4  mpu6050.o(.data)
    roll                                     0x20000018   Data           4  mpu6050.o(.data)
    yaw                                      0x2000001c   Data           4  mpu6050.o(.data)
    AX                                       0x20000020   Data           2  mpu6050.o(.data)
    AY                                       0x20000022   Data           2  mpu6050.o(.data)
    AZ                                       0x20000024   Data           2  mpu6050.o(.data)
    GX                                       0x20000026   Data           2  mpu6050.o(.data)
    GY                                       0x20000028   Data           2  mpu6050.o(.data)
    GZ                                       0x2000002a   Data           2  mpu6050.o(.data)
    dt                                       0x2000002c   Data           4  mpu6050.o(.data)
    Speed_L                                  0x20000034   Data           4  encoder.o(.data)
    Speed_R                                  0x20000038   Data           4  encoder.o(.data)
    Speed_L_Temp                             0x2000003c   Data           4  encoder.o(.data)
    Speed_R_Temp                             0x20000040   Data           4  encoder.o(.data)
    Speed_Smooth                             0x20000044   Data           4  encoder.o(.data)
    Location                                 0x20000048   Data           4  encoder.o(.data)
    Real_Distance                            0x2000004c   Data           4  encoder.o(.data)
    KeyNum                                   0x20000050   Data           1  key.o(.data)
    Serial_RxData                            0x20000054   Data           1  serial.o(.data)
    Serial_RxFlag                            0x20000055   Data           1  serial.o(.data)
    data_ready                               0x20000056   Data           1  main.o(.data)
    Place_Enable                             0x20000058   Data           1  pid.o(.data)
    PWM_Enable                               0x20000059   Data           1  pid.o(.data)
    Speed_Out_L                              0x2000005c   Data           4  pid.o(.data)
    Speed_Out_R                              0x20000060   Data           4  pid.o(.data)
    Place_Out                                0x20000064   Data           4  pid.o(.data)
    sensor_err                               0x20000068   Data           4  pid.o(.data)
    final_err                                0x2000006c   Data           4  pid.o(.data)
    straight_err                             0x20000070   Data           4  pid.o(.data)
    Basic_Speed                              0x20000074   Data           4  pid.o(.data)
    Turn_factor                              0x20000078   Data           4  pid.o(.data)
    Left_Speed                               0x2000007c   Data           4  pid.o(.data)
    Right_Speed                              0x20000080   Data           4  pid.o(.data)
    Speed_PID                                0x20000084   Data          12  pid.o(.data)
    Move_St                                  0x20000090   Data           4  pid.o(.data)
    tiaoshi_1                                0x20000094   Data           4  pid.o(.data)
    Place_PD                                 0x20000098   Data          12  pid.o(.data)
    Key_Num                                  0x200000b4   Data           1  menu.o(.data)
    func_index                               0x200000b5   Data           1  menu.o(.data)
    Cursor                                   0x200000b6   Data           1  menu.o(.data)
    Key_Flag                                 0x200000b8   Data           4  menu.o(.data)
    current_operation_index                  0x200000bc   Data           4  menu.o(.data)
    table                                    0x200000c0   Data         800  menu.o(.data)
    Element_Flag                             0x200003e0   Data           1  element.o(.data)
    Ten_Flag                                 0x200003e1   Data           1  element.o(.data)
    Ring_Flag                                0x200003e2   Data           1  element.o(.data)
    Noline_Flag                              0x200003e3   Data           1  element.o(.data)
    Stop_Flag                                0x200003e4   Data           1  element.o(.data)
    K                                        0x200003e5   Data           1  element.o(.data)
    Speed_Choice                             0x200003e8   Data          12  element.o(.data)
    OLED_DisplayBuf                          0x200003f4   Data        1024  oled.o(.bss)
    KalmanX                                  0x200007f4   Data          36  mpu6050.o(.bss)
    KalmanY                                  0x20000818   Data          36  mpu6050.o(.bss)
    KalmanZ                                  0x2000083c   Data          36  mpu6050.o(.bss)
    __libspace_start                         0x20000860   Data          96  libspace.o(.bss)
    __temporary_stack_top$libspace           0x200008c0   Data           0  libspace.o(.bss)



==============================================================================

Memory Map of the image

  Image Entry point : 0x080000ed

  Load Region LR_IROM1 (Base: 0x08000000, Size: 0x0000620c, Max: 0x00010000, ABSOLUTE, COMPRESSED[0x00005e8c])

    Execution Region ER_IROM1 (Exec base: 0x08000000, Load base: 0x08000000, Size: 0x00005e18, Max: 0x00010000, ABSOLUTE)

    Exec Addr    Load Addr    Size         Type   Attr      Idx    E Section Name        Object

    0x08000000   0x08000000   0x000000ec   Data   RO            3    RESET               startup_stm32f10x_md.o
    0x080000ec   0x080000ec   0x00000008   Code   RO         4253  * !!!main             c_w.l(__main.o)
    0x080000f4   0x080000f4   0x00000034   Code   RO         4742    !!!scatter          c_w.l(__scatter.o)
    0x08000128   0x08000128   0x0000005a   Code   RO         4740    !!dczerorl2         c_w.l(__dczerorl2.o)
    0x08000182   0x08000182   0x00000002   PAD
    0x08000184   0x08000184   0x0000001c   Code   RO         4744    !!handler_zi        c_w.l(__scatter_zi.o)
    0x080001a0   0x080001a0   0x00000000   Code   RO         4429    .ARM.Collect$$_printf_percent$$00000000  c_w.l(_printf_percent.o)
    0x080001a0   0x080001a0   0x00000006   Code   RO         4418    .ARM.Collect$$_printf_percent$$00000001  c_w.l(_printf_n.o)
    0x080001a6   0x080001a6   0x00000006   Code   RO         4420    .ARM.Collect$$_printf_percent$$00000002  c_w.l(_printf_p.o)
    0x080001ac   0x080001ac   0x00000006   Code   RO         4425    .ARM.Collect$$_printf_percent$$00000003  c_w.l(_printf_f.o)
    0x080001b2   0x080001b2   0x00000006   Code   RO         4426    .ARM.Collect$$_printf_percent$$00000004  c_w.l(_printf_e.o)
    0x080001b8   0x080001b8   0x00000006   Code   RO         4427    .ARM.Collect$$_printf_percent$$00000005  c_w.l(_printf_g.o)
    0x080001be   0x080001be   0x00000006   Code   RO         4428    .ARM.Collect$$_printf_percent$$00000006  c_w.l(_printf_a.o)
    0x080001c4   0x080001c4   0x0000000a   Code   RO         4433    .ARM.Collect$$_printf_percent$$00000007  c_w.l(_printf_ll.o)
    0x080001ce   0x080001ce   0x00000006   Code   RO         4422    .ARM.Collect$$_printf_percent$$00000008  c_w.l(_printf_i.o)
    0x080001d4   0x080001d4   0x00000006   Code   RO         4423    .ARM.Collect$$_printf_percent$$00000009  c_w.l(_printf_d.o)
    0x080001da   0x080001da   0x00000006   Code   RO         4424    .ARM.Collect$$_printf_percent$$0000000A  c_w.l(_printf_u.o)
    0x080001e0   0x080001e0   0x00000006   Code   RO         4421    .ARM.Collect$$_printf_percent$$0000000B  c_w.l(_printf_o.o)
    0x080001e6   0x080001e6   0x00000006   Code   RO         4419    .ARM.Collect$$_printf_percent$$0000000C  c_w.l(_printf_x.o)
    0x080001ec   0x080001ec   0x00000006   Code   RO         4430    .ARM.Collect$$_printf_percent$$0000000D  c_w.l(_printf_lli.o)
    0x080001f2   0x080001f2   0x00000006   Code   RO         4431    .ARM.Collect$$_printf_percent$$0000000E  c_w.l(_printf_lld.o)
    0x080001f8   0x080001f8   0x00000006   Code   RO         4432    .ARM.Collect$$_printf_percent$$0000000F  c_w.l(_printf_llu.o)
    0x080001fe   0x080001fe   0x00000006   Code   RO         4437    .ARM.Collect$$_printf_percent$$00000010  c_w.l(_printf_llo.o)
    0x08000204   0x08000204   0x00000006   Code   RO         4438    .ARM.Collect$$_printf_percent$$00000011  c_w.l(_printf_llx.o)
    0x0800020a   0x0800020a   0x0000000a   Code   RO         4434    .ARM.Collect$$_printf_percent$$00000012  c_w.l(_printf_l.o)
    0x08000214   0x08000214   0x00000006   Code   RO         4416    .ARM.Collect$$_printf_percent$$00000013  c_w.l(_printf_c.o)
    0x0800021a   0x0800021a   0x00000006   Code   RO         4417    .ARM.Collect$$_printf_percent$$00000014  c_w.l(_printf_s.o)
    0x08000220   0x08000220   0x00000006   Code   RO         4435    .ARM.Collect$$_printf_percent$$00000015  c_w.l(_printf_lc.o)
    0x08000226   0x08000226   0x00000006   Code   RO         4436    .ARM.Collect$$_printf_percent$$00000016  c_w.l(_printf_ls.o)
    0x0800022c   0x0800022c   0x00000004   Code   RO         4540    .ARM.Collect$$_printf_percent$$00000017  c_w.l(_printf_percent_end.o)
    0x08000230   0x08000230   0x00000002   Code   RO         4600    .ARM.Collect$$libinit$$00000000  c_w.l(libinit.o)
    0x08000232   0x08000232   0x00000000   Code   RO         4613    .ARM.Collect$$libinit$$00000002  c_w.l(libinit2.o)
    0x08000232   0x08000232   0x00000000   Code   RO         4615    .ARM.Collect$$libinit$$00000004  c_w.l(libinit2.o)
    0x08000232   0x08000232   0x00000000   Code   RO         4618    .ARM.Collect$$libinit$$0000000A  c_w.l(libinit2.o)
    0x08000232   0x08000232   0x00000000   Code   RO         4620    .ARM.Collect$$libinit$$0000000C  c_w.l(libinit2.o)
    0x08000232   0x08000232   0x00000000   Code   RO         4622    .ARM.Collect$$libinit$$0000000E  c_w.l(libinit2.o)
    0x08000232   0x08000232   0x00000006   Code   RO         4623    .ARM.Collect$$libinit$$0000000F  c_w.l(libinit2.o)
    0x08000238   0x08000238   0x00000000   Code   RO         4625    .ARM.Collect$$libinit$$00000011  c_w.l(libinit2.o)
    0x08000238   0x08000238   0x0000000c   Code   RO         4626    .ARM.Collect$$libinit$$00000012  c_w.l(libinit2.o)
    0x08000244   0x08000244   0x00000000   Code   RO         4627    .ARM.Collect$$libinit$$00000013  c_w.l(libinit2.o)
    0x08000244   0x08000244   0x00000000   Code   RO         4629    .ARM.Collect$$libinit$$00000015  c_w.l(libinit2.o)
    0x08000244   0x08000244   0x0000000a   Code   RO         4630    .ARM.Collect$$libinit$$00000016  c_w.l(libinit2.o)
    0x0800024e   0x0800024e   0x00000000   Code   RO         4631    .ARM.Collect$$libinit$$00000017  c_w.l(libinit2.o)
    0x0800024e   0x0800024e   0x00000000   Code   RO         4633    .ARM.Collect$$libinit$$00000019  c_w.l(libinit2.o)
    0x0800024e   0x0800024e   0x00000000   Code   RO         4635    .ARM.Collect$$libinit$$0000001B  c_w.l(libinit2.o)
    0x0800024e   0x0800024e   0x00000000   Code   RO         4637    .ARM.Collect$$libinit$$0000001D  c_w.l(libinit2.o)
    0x0800024e   0x0800024e   0x00000000   Code   RO         4639    .ARM.Collect$$libinit$$0000001F  c_w.l(libinit2.o)
    0x0800024e   0x0800024e   0x00000000   Code   RO         4641    .ARM.Collect$$libinit$$00000021  c_w.l(libinit2.o)
    0x0800024e   0x0800024e   0x00000000   Code   RO         4643    .ARM.Collect$$libinit$$00000023  c_w.l(libinit2.o)
    0x0800024e   0x0800024e   0x00000000   Code   RO         4645    .ARM.Collect$$libinit$$00000025  c_w.l(libinit2.o)
    0x0800024e   0x0800024e   0x00000000   Code   RO         4649    .ARM.Collect$$libinit$$0000002C  c_w.l(libinit2.o)
    0x0800024e   0x0800024e   0x00000000   Code   RO         4651    .ARM.Collect$$libinit$$0000002E  c_w.l(libinit2.o)
    0x0800024e   0x0800024e   0x00000000   Code   RO         4653    .ARM.Collect$$libinit$$00000030  c_w.l(libinit2.o)
    0x0800024e   0x0800024e   0x00000000   Code   RO         4655    .ARM.Collect$$libinit$$00000032  c_w.l(libinit2.o)
    0x0800024e   0x0800024e   0x00000002   Code   RO         4656    .ARM.Collect$$libinit$$00000033  c_w.l(libinit2.o)
    0x08000250   0x08000250   0x00000002   Code   RO         4680    .ARM.Collect$$libshutdown$$00000000  c_w.l(libshutdown.o)
    0x08000252   0x08000252   0x00000000   Code   RO         4693    .ARM.Collect$$libshutdown$$00000002  c_w.l(libshutdown2.o)
    0x08000252   0x08000252   0x00000000   Code   RO         4695    .ARM.Collect$$libshutdown$$00000004  c_w.l(libshutdown2.o)
    0x08000252   0x08000252   0x00000000   Code   RO         4698    .ARM.Collect$$libshutdown$$00000007  c_w.l(libshutdown2.o)
    0x08000252   0x08000252   0x00000000   Code   RO         4701    .ARM.Collect$$libshutdown$$0000000A  c_w.l(libshutdown2.o)
    0x08000252   0x08000252   0x00000000   Code   RO         4703    .ARM.Collect$$libshutdown$$0000000C  c_w.l(libshutdown2.o)
    0x08000252   0x08000252   0x00000000   Code   RO         4706    .ARM.Collect$$libshutdown$$0000000F  c_w.l(libshutdown2.o)
    0x08000252   0x08000252   0x00000002   Code   RO         4707    .ARM.Collect$$libshutdown$$00000010  c_w.l(libshutdown2.o)
    0x08000254   0x08000254   0x00000000   Code   RO         4345    .ARM.Collect$$rtentry$$00000000  c_w.l(__rtentry.o)
    0x08000254   0x08000254   0x00000000   Code   RO         4506    .ARM.Collect$$rtentry$$00000002  c_w.l(__rtentry2.o)
    0x08000254   0x08000254   0x00000006   Code   RO         4518    .ARM.Collect$$rtentry$$00000004  c_w.l(__rtentry4.o)
    0x0800025a   0x0800025a   0x00000000   Code   RO         4508    .ARM.Collect$$rtentry$$00000009  c_w.l(__rtentry2.o)
    0x0800025a   0x0800025a   0x00000004   Code   RO         4509    .ARM.Collect$$rtentry$$0000000A  c_w.l(__rtentry2.o)
    0x0800025e   0x0800025e   0x00000000   Code   RO         4511    .ARM.Collect$$rtentry$$0000000C  c_w.l(__rtentry2.o)
    0x0800025e   0x0800025e   0x00000008   Code   RO         4512    .ARM.Collect$$rtentry$$0000000D  c_w.l(__rtentry2.o)
    0x08000266   0x08000266   0x00000002   Code   RO         4607    .ARM.Collect$$rtexit$$00000000  c_w.l(rtexit.o)
    0x08000268   0x08000268   0x00000000   Code   RO         4660    .ARM.Collect$$rtexit$$00000002  c_w.l(rtexit2.o)
    0x08000268   0x08000268   0x00000004   Code   RO         4661    .ARM.Collect$$rtexit$$00000003  c_w.l(rtexit2.o)
    0x0800026c   0x0800026c   0x00000006   Code   RO         4662    .ARM.Collect$$rtexit$$00000004  c_w.l(rtexit2.o)
    0x08000272   0x08000272   0x00000002   PAD
    0x08000274   0x08000274   0x00000040   Code   RO            4    .text               startup_stm32f10x_md.o
    0x080002b4   0x080002b4   0x00000024   Code   RO         4247    .text               c_w.l(vsprintf.o)
    0x080002d8   0x080002d8   0x00000080   Code   RO         4249    .text               c_w.l(strcmpv7m.o)
    0x08000358   0x08000358   0x00000006   Code   RO         4251    .text               c_w.l(heapauxi.o)
    0x0800035e   0x0800035e   0x00000016   Code   RO         4346    .text               c_w.l(_rserrno.o)
    0x08000374   0x08000374   0x0000004e   Code   RO         4350    .text               c_w.l(_printf_pad.o)
    0x080003c2   0x080003c2   0x00000024   Code   RO         4352    .text               c_w.l(_printf_truncate.o)
    0x080003e6   0x080003e6   0x00000052   Code   RO         4354    .text               c_w.l(_printf_str.o)
    0x08000438   0x08000438   0x00000078   Code   RO         4356    .text               c_w.l(_printf_dec.o)
    0x080004b0   0x080004b0   0x00000028   Code   RO         4358    .text               c_w.l(_printf_charcount.o)
    0x080004d8   0x080004d8   0x00000030   Code   RO         4360    .text               c_w.l(_printf_char_common.o)
    0x08000508   0x08000508   0x0000000a   Code   RO         4362    .text               c_w.l(_sputc.o)
    0x08000512   0x08000512   0x00000002   PAD
    0x08000514   0x08000514   0x000000bc   Code   RO         4364    .text               c_w.l(_printf_wctomb.o)
    0x080005d0   0x080005d0   0x0000007c   Code   RO         4367    .text               c_w.l(_printf_longlong_dec.o)
    0x0800064c   0x0800064c   0x00000070   Code   RO         4373    .text               c_w.l(_printf_oct_int_ll.o)
    0x080006bc   0x080006bc   0x00000094   Code   RO         4393    .text               c_w.l(_printf_hex_int_ll_ptr.o)
    0x08000750   0x08000750   0x00000188   Code   RO         4413    .text               c_w.l(__printf_flags_ss_wp.o)
    0x080008d8   0x080008d8   0x00000008   Code   RO         4523    .text               c_w.l(rt_errno_addr_intlibspace.o)
    0x080008e0   0x080008e0   0x0000008a   Code   RO         4525    .text               c_w.l(lludiv10.o)
    0x0800096a   0x0800096a   0x000000b2   Code   RO         4527    .text               c_w.l(_printf_intcommon.o)
    0x08000a1c   0x08000a1c   0x0000041e   Code   RO         4529    .text               c_w.l(_printf_fp_dec.o)
    0x08000e3a   0x08000e3a   0x00000002   PAD
    0x08000e3c   0x08000e3c   0x000002fc   Code   RO         4531    .text               c_w.l(_printf_fp_hex.o)
    0x08001138   0x08001138   0x0000002c   Code   RO         4536    .text               c_w.l(_printf_char.o)
    0x08001164   0x08001164   0x0000002c   Code   RO         4538    .text               c_w.l(_printf_wchar.o)
    0x08001190   0x08001190   0x00000040   Code   RO         4541    .text               c_w.l(_wcrtomb.o)
    0x080011d0   0x080011d0   0x00000008   Code   RO         4551    .text               c_w.l(libspace.o)
    0x080011d8   0x080011d8   0x0000004a   Code   RO         4554    .text               c_w.l(sys_stackheap_outer.o)
    0x08001222   0x08001222   0x00000002   PAD
    0x08001224   0x08001224   0x00000010   Code   RO         4556    .text               c_w.l(rt_ctype_table.o)
    0x08001234   0x08001234   0x00000008   Code   RO         4561    .text               c_w.l(rt_locale_intlibspace.o)
    0x0800123c   0x0800123c   0x00000080   Code   RO         4563    .text               c_w.l(_printf_fp_infnan.o)
    0x080012bc   0x080012bc   0x000000e4   Code   RO         4565    .text               c_w.l(bigflt0.o)
    0x080013a0   0x080013a0   0x00000012   Code   RO         4593    .text               c_w.l(exit.o)
    0x080013b2   0x080013b2   0x00000002   PAD
    0x080013b4   0x080013b4   0x0000000c   Code   RO         4672    .text               c_w.l(sys_exit.o)
    0x080013c0   0x080013c0   0x00000002   Code   RO         4683    .text               c_w.l(use_no_semi.o)
    0x080013c2   0x080013c2   0x00000000   Code   RO         4685    .text               c_w.l(indicate_semi.o)
    0x080013c2   0x080013c2   0x0000003e   Code   RO         4568    CL$$btod_d2e        c_w.l(btod.o)
    0x08001400   0x08001400   0x00000046   Code   RO         4570    CL$$btod_d2e_denorm_low  c_w.l(btod.o)
    0x08001446   0x08001446   0x00000060   Code   RO         4569    CL$$btod_d2e_norm_op1  c_w.l(btod.o)
    0x080014a6   0x080014a6   0x00000338   Code   RO         4578    CL$$btod_div_common  c_w.l(btod.o)
    0x080017de   0x080017de   0x000000dc   Code   RO         4575    CL$$btod_e2e        c_w.l(btod.o)
    0x080018ba   0x080018ba   0x0000002a   Code   RO         4572    CL$$btod_ediv       c_w.l(btod.o)
    0x080018e4   0x080018e4   0x0000002a   Code   RO         4571    CL$$btod_emul       c_w.l(btod.o)
    0x0800190e   0x0800190e   0x00000244   Code   RO         4577    CL$$btod_mult_common  c_w.l(btod.o)
    0x08001b52   0x08001b52   0x00000002   PAD
    0x08001b54   0x08001b54   0x00000014   Code   RO         4121    i.Boot_animation    menu.o
    0x08001b68   0x08001b68   0x00000004   Code   RO         3985    i.BusFault_Handler  stm32f10x_it.o
    0x08001b6c   0x08001b6c   0x00000190   Code   RO         4085    i.Control           pid.o
    0x08001cfc   0x08001cfc   0x00000002   Code   RO         3986    i.DebugMon_Handler  stm32f10x_it.o
    0x08001cfe   0x08001cfe   0x0000002e   Code   RO         3198    i.Delay_us          delay.o
    0x08001d2c   0x08001d2c   0x00000024   Code   RO         3735    i.Encoder_Get_L     encoder.o
    0x08001d50   0x08001d50   0x00000024   Code   RO         3736    i.Encoder_Get_R     encoder.o
    0x08001d74   0x08001d74   0x00000134   Code   RO         3737    i.Encoder_Init      encoder.o
    0x08001ea8   0x08001ea8   0x000000dc   Code   RO         3738    i.Encoder_Read      encoder.o
    0x08001f84   0x08001f84   0x00000116   Code   RO         1347    i.GPIO_Init         stm32f10x_gpio.o
    0x0800209a   0x0800209a   0x00000002   PAD
    0x0800209c   0x0800209c   0x00000090   Code   RO         1349    i.GPIO_PinRemapConfig  stm32f10x_gpio.o
    0x0800212c   0x0800212c   0x00000012   Code   RO         1351    i.GPIO_ReadInputDataBit  stm32f10x_gpio.o
    0x0800213e   0x0800213e   0x00000004   Code   RO         1354    i.GPIO_ResetBits    stm32f10x_gpio.o
    0x08002142   0x08002142   0x00000004   Code   RO         1355    i.GPIO_SetBits      stm32f10x_gpio.o
    0x08002146   0x08002146   0x0000000a   Code   RO         1358    i.GPIO_WriteBit     stm32f10x_gpio.o
    0x08002150   0x08002150   0x00000004   Code   RO         3987    i.HardFault_Handler  stm32f10x_it.o
    0x08002154   0x08002154   0x00000098   Code   RO         4122    i.Homepage_1        menu.o
    0x080021ec   0x080021ec   0x00000094   Code   RO         4123    i.Homepage_2        menu.o
    0x08002280   0x08002280   0x00000098   Code   RO         4124    i.Homepage_3        menu.o
    0x08002318   0x08002318   0x0000008c   Code   RO         4125    i.Homepage_4        menu.o
    0x080023a4   0x080023a4   0x0000001c   Code   RO         4126    i.Homepage_5        menu.o
    0x080023c0   0x080023c0   0x0000002c   Code   RO         4224    i.Kalman_Init       suanfa.o
    0x080023ec   0x080023ec   0x00000136   Code   RO         4225    i.Kalman_getAngle   suanfa.o
    0x08002522   0x08002522   0x00000002   PAD
    0x08002524   0x08002524   0x0000001c   Code   RO         3794    i.Key_GetNum        key.o
    0x08002540   0x08002540   0x00000028   Code   RO         3795    i.Key_GetState      key.o
    0x08002568   0x08002568   0x00000028   Code   RO         3796    i.Key_Init          key.o
    0x08002590   0x08002590   0x00000050   Code   RO         3797    i.Key_Tick          key.o
    0x080025e0   0x080025e0   0x00000244   Code   RO         3491    i.MPU6050_GetData   mpu6050.o
    0x08002824   0x08002824   0x00000058   Code   RO         3493    i.MPU6050_Init      mpu6050.o
    0x0800287c   0x0800287c   0x0000003e   Code   RO         3494    i.MPU6050_ReadReg   mpu6050.o
    0x080028ba   0x080028ba   0x0000002e   Code   RO         3495    i.MPU6050_WriteReg  mpu6050.o
    0x080028e8   0x080028e8   0x00000004   Code   RO         3988    i.MemManage_Handler  stm32f10x_it.o
    0x080028ec   0x080028ec   0x00000030   Code   RO         3683    i.Motor_Init        motor.o
    0x0800291c   0x0800291c   0x00000048   Code   RO         3684    i.Motor_SetPWM_L    motor.o
    0x08002964   0x08002964   0x00000048   Code   RO         3685    i.Motor_SetPWM_R    motor.o
    0x080029ac   0x080029ac   0x00000048   Code   RO         3617    i.MyI2C_Init        myi2c.o
    0x080029f4   0x080029f4   0x0000001c   Code   RO         3618    i.MyI2C_R_SDA       myi2c.o
    0x08002a10   0x08002a10   0x0000001e   Code   RO         3619    i.MyI2C_ReceiveAck  myi2c.o
    0x08002a2e   0x08002a2e   0x00000032   Code   RO         3620    i.MyI2C_ReceiveByte  myi2c.o
    0x08002a60   0x08002a60   0x00000018   Code   RO         3621    i.MyI2C_SendAck     myi2c.o
    0x08002a78   0x08002a78   0x00000032   Code   RO         3622    i.MyI2C_SendByte    myi2c.o
    0x08002aaa   0x08002aaa   0x0000001c   Code   RO         3623    i.MyI2C_Start       myi2c.o
    0x08002ac6   0x08002ac6   0x00000016   Code   RO         3624    i.MyI2C_Stop        myi2c.o
    0x08002adc   0x08002adc   0x0000001c   Code   RO         3625    i.MyI2C_W_SCL       myi2c.o
    0x08002af8   0x08002af8   0x0000001c   Code   RO         3626    i.MyI2C_W_SDA       myi2c.o
    0x08002b14   0x08002b14   0x00000002   Code   RO         3989    i.NMI_Handler       stm32f10x_it.o
    0x08002b16   0x08002b16   0x00000002   PAD
    0x08002b18   0x08002b18   0x00000070   Code   RO          137    i.NVIC_Init         misc.o
    0x08002b88   0x08002b88   0x00000014   Code   RO          138    i.NVIC_PriorityGroupConfig  misc.o
    0x08002b9c   0x08002b9c   0x00000028   Code   RO         3232    i.OLED_Clear        oled.o
    0x08002bc4   0x08002bc4   0x00000090   Code   RO         3233    i.OLED_ClearArea    oled.o
    0x08002c54   0x08002c54   0x00000060   Code   RO         3241    i.OLED_GPIO_Init    oled.o
    0x08002cb4   0x08002cb4   0x0000003e   Code   RO         3243    i.OLED_I2C_SendByte  oled.o
    0x08002cf2   0x08002cf2   0x0000001c   Code   RO         3244    i.OLED_I2C_Start    oled.o
    0x08002d0e   0x08002d0e   0x00000016   Code   RO         3245    i.OLED_I2C_Stop     oled.o
    0x08002d24   0x08002d24   0x0000009a   Code   RO         3246    i.OLED_Init         oled.o
    0x08002dbe   0x08002dbe   0x00000014   Code   RO         3248    i.OLED_Pow          oled.o
    0x08002dd2   0x08002dd2   0x00000032   Code   RO         3249    i.OLED_Printf       oled.o
    0x08002e04   0x08002e04   0x00000022   Code   RO         3252    i.OLED_SetCursor    oled.o
    0x08002e26   0x08002e26   0x00000002   PAD
    0x08002e28   0x08002e28   0x00000054   Code   RO         3254    i.OLED_ShowChar     oled.o
    0x08002e7c   0x08002e7c   0x000000fc   Code   RO         3257    i.OLED_ShowImage    oled.o
    0x08002f78   0x08002f78   0x00000070   Code   RO         3259    i.OLED_ShowSignedNum  oled.o
    0x08002fe8   0x08002fe8   0x000001c4   Code   RO         3260    i.OLED_ShowString   oled.o
    0x080031ac   0x080031ac   0x00000028   Code   RO         3261    i.OLED_Update       oled.o
    0x080031d4   0x080031d4   0x00000018   Code   RO         3263    i.OLED_W_SCL        oled.o
    0x080031ec   0x080031ec   0x00000018   Code   RO         3264    i.OLED_W_SDA        oled.o
    0x08003204   0x08003204   0x00000020   Code   RO         3265    i.OLED_WriteCommand  oled.o
    0x08003224   0x08003224   0x0000002e   Code   RO         3266    i.OLED_WriteData    oled.o
    0x08003252   0x08003252   0x00000002   PAD
    0x08003254   0x08003254   0x00000084   Code   RO         4087    i.PID_Control       pid.o
    0x080032d8   0x080032d8   0x000000bc   Code   RO         3710    i.PWM_Init          pwm.o
    0x08003394   0x08003394   0x00000014   Code   RO         3711    i.PWM_SetCompare1   pwm.o
    0x080033a8   0x080033a8   0x00000014   Code   RO         3712    i.PWM_SetCompare4   pwm.o
    0x080033bc   0x080033bc   0x00000002   Code   RO         3990    i.PendSV_Handler    stm32f10x_it.o
    0x080033be   0x080033be   0x00000002   PAD
    0x080033c0   0x080033c0   0x00000094   Code   RO         4088    i.Place_Control     pid.o
    0x08003454   0x08003454   0x00000020   Code   RO         1775    i.RCC_APB1PeriphClockCmd  stm32f10x_rcc.o
    0x08003474   0x08003474   0x00000020   Code   RO         1777    i.RCC_APB2PeriphClockCmd  stm32f10x_rcc.o
    0x08003494   0x08003494   0x000000d4   Code   RO         1785    i.RCC_GetClocksFreq  stm32f10x_rcc.o
    0x08003568   0x08003568   0x00000040   Code   RO         3773    i.SENSOR_GPIO_Config  sensor.o
    0x080035a8   0x080035a8   0x00000002   Code   RO         3991    i.SVC_Handler       stm32f10x_it.o
    0x080035aa   0x080035aa   0x00000002   PAD
    0x080035ac   0x080035ac   0x0000006c   Code   RO         3833    i.Serial_Init       serial.o
    0x08003618   0x08003618   0x00000024   Code   RO         3835    i.Serial_Printf     serial.o
    0x0800363c   0x0800363c   0x00000020   Code   RO         3837    i.Serial_SendByte   serial.o
    0x0800365c   0x0800365c   0x0000001a   Code   RO         3839    i.Serial_SendString  serial.o
    0x08003676   0x08003676   0x00000008   Code   RO           24    i.SetSysClock       system_stm32f10x.o
    0x0800367e   0x0800367e   0x00000002   PAD
    0x08003680   0x08003680   0x000000e0   Code   RO           25    i.SetSysClockTo72   system_stm32f10x.o
    0x08003760   0x08003760   0x00000002   Code   RO         3992    i.SysTick_Handler   stm32f10x_it.o
    0x08003762   0x08003762   0x00000002   PAD
    0x08003764   0x08003764   0x00000060   Code   RO           27    i.SystemInit        system_stm32f10x.o
    0x080037c4   0x080037c4   0x00000080   Code   RO         2405    i.TI1_Config        stm32f10x_tim.o
    0x08003844   0x08003844   0x00000098   Code   RO         2406    i.TI2_Config        stm32f10x_tim.o
    0x080038dc   0x080038dc   0x00000090   Code   RO         2407    i.TI3_Config        stm32f10x_tim.o
    0x0800396c   0x0800396c   0x00000098   Code   RO         2408    i.TI4_Config        stm32f10x_tim.o
    0x08003a04   0x08003a04   0x0000002c   Code   RO         3964    i.TIM2_IRQHandler   main.o
    0x08003a30   0x08003a30   0x00000018   Code   RO         2409    i.TIM_ARRPreloadConfig  stm32f10x_tim.o
    0x08003a48   0x08003a48   0x00000006   Code   RO         2415    i.TIM_ClearFlag     stm32f10x_tim.o
    0x08003a4e   0x08003a4e   0x00000006   Code   RO         2416    i.TIM_ClearITPendingBit  stm32f10x_tim.o
    0x08003a54   0x08003a54   0x00000018   Code   RO         2421    i.TIM_Cmd           stm32f10x_tim.o
    0x08003a6c   0x08003a6c   0x0000001e   Code   RO         2423    i.TIM_CtrlPWMOutputs  stm32f10x_tim.o
    0x08003a8a   0x08003a8a   0x00000042   Code   RO         2430    i.TIM_EncoderInterfaceConfig  stm32f10x_tim.o
    0x08003acc   0x08003acc   0x00000006   Code   RO         2440    i.TIM_GetCounter    stm32f10x_tim.o
    0x08003ad2   0x08003ad2   0x00000022   Code   RO         2442    i.TIM_GetITStatus   stm32f10x_tim.o
    0x08003af4   0x08003af4   0x000000ac   Code   RO         2444    i.TIM_ICInit        stm32f10x_tim.o
    0x08003ba0   0x08003ba0   0x00000012   Code   RO         2445    i.TIM_ICStructInit  stm32f10x_tim.o
    0x08003bb2   0x08003bb2   0x00000012   Code   RO         2446    i.TIM_ITConfig      stm32f10x_tim.o
    0x08003bc4   0x08003bc4   0x0000000c   Code   RO         2448    i.TIM_InternalClockConfig  stm32f10x_tim.o
    0x08003bd0   0x08003bd0   0x00000098   Code   RO         2450    i.TIM_OC1Init       stm32f10x_tim.o
    0x08003c68   0x08003c68   0x00000012   Code   RO         2453    i.TIM_OC1PreloadConfig  stm32f10x_tim.o
    0x08003c7a   0x08003c7a   0x00000002   PAD
    0x08003c7c   0x08003c7c   0x0000007c   Code   RO         2465    i.TIM_OC4Init       stm32f10x_tim.o
    0x08003cf8   0x08003cf8   0x00000014   Code   RO         2468    i.TIM_OCStructInit  stm32f10x_tim.o
    0x08003d0c   0x08003d0c   0x00000004   Code   RO         2482    i.TIM_SetCompare1   stm32f10x_tim.o
    0x08003d10   0x08003d10   0x00000006   Code   RO         2485    i.TIM_SetCompare4   stm32f10x_tim.o
    0x08003d16   0x08003d16   0x00000004   Code   RO         2486    i.TIM_SetCounter    stm32f10x_tim.o
    0x08003d1a   0x08003d1a   0x00000012   Code   RO         2487    i.TIM_SetIC1Prescaler  stm32f10x_tim.o
    0x08003d2c   0x08003d2c   0x0000001a   Code   RO         2488    i.TIM_SetIC2Prescaler  stm32f10x_tim.o
    0x08003d46   0x08003d46   0x00000012   Code   RO         2489    i.TIM_SetIC3Prescaler  stm32f10x_tim.o
    0x08003d58   0x08003d58   0x0000001a   Code   RO         2490    i.TIM_SetIC4Prescaler  stm32f10x_tim.o
    0x08003d72   0x08003d72   0x00000002   PAD
    0x08003d74   0x08003d74   0x000000a4   Code   RO         2492    i.TIM_TimeBaseInit  stm32f10x_tim.o
    0x08003e18   0x08003e18   0x0000007c   Code   RO         3220    i.Timer_Init        timer.o
    0x08003e94   0x08003e94   0x00000038   Code   RO         3840    i.USART3_IRQHandler  serial.o
    0x08003ecc   0x08003ecc   0x0000001e   Code   RO         2957    i.USART_ClearITPendingBit  stm32f10x_usart.o
    0x08003eea   0x08003eea   0x00000018   Code   RO         2960    i.USART_Cmd         stm32f10x_usart.o
    0x08003f02   0x08003f02   0x0000001a   Code   RO         2963    i.USART_GetFlagStatus  stm32f10x_usart.o
    0x08003f1c   0x08003f1c   0x00000054   Code   RO         2964    i.USART_GetITStatus  stm32f10x_usart.o
    0x08003f70   0x08003f70   0x000000d8   Code   RO         2967    i.USART_Init        stm32f10x_usart.o
    0x08004048   0x08004048   0x0000000a   Code   RO         2974    i.USART_ReceiveData  stm32f10x_usart.o
    0x08004052   0x08004052   0x00000008   Code   RO         2977    i.USART_SendData    stm32f10x_usart.o
    0x0800405a   0x0800405a   0x00000004   Code   RO         3993    i.UsageFault_Handler  stm32f10x_it.o
    0x0800405e   0x0800405e   0x00000028   Code   RO         4547    i.__ARM_fpclassify  m_ws.l(fpclassify.o)
    0x08004086   0x08004086   0x00000026   Code   RO         4488    i.__ARM_fpclassifyf  m_ws.l(fpclassifyf.o)
    0x080040ac   0x080040ac   0x00000004   Code   RO         4492    i.__mathlib_flt_infnan2  m_ws.l(funder.o)
    0x080040b0   0x080040b0   0x0000000a   Code   RO         4496    i.__mathlib_flt_underflow  m_ws.l(funder.o)
    0x080040ba   0x080040ba   0x0000000e   Code   RO         4406    i._is_digit         c_w.l(__printf_wp.o)
    0x080040c8   0x080040c8   0x0000025c   Code   RO         4328    i.atan2f            m_ws.l(atan2f.o)
    0x08004324   0x08004324   0x00000110   Code   RO         3965    i.main              main.o
    0x08004434   0x08004434   0x00000064   Code   RO         4127    i.menu_operation    menu.o
    0x08004498   0x08004498   0x0000002c   Code   RO         4338    i.sqrtf             m_ws.l(sqrtf.o)
    0x080044c4   0x080044c4   0x0000002c   Code   RO         4591    locale$$code        c_w.l(lc_numeric_c.o)
    0x080044f0   0x080044f0   0x0000002c   Code   RO         4610    locale$$code        c_w.l(lc_ctype_c.o)
    0x0800451c   0x0800451c   0x00000018   Code   RO         4439    x$fpl$dcmpinf       fz_ws.l(dcmpi.o)
    0x08004534   0x08004534   0x000002b0   Code   RO         4264    x$fpl$ddiv          fz_ws.l(ddiv.o)
    0x080047e4   0x080047e4   0x0000005e   Code   RO         4267    x$fpl$dfix          fz_ws.l(dfix.o)
    0x08004842   0x08004842   0x0000002e   Code   RO         4276    x$fpl$dflt          fz_ws.l(dflt_clz.o)
    0x08004870   0x08004870   0x00000078   Code   RO         4281    x$fpl$dleqf         fz_ws.l(dleqf.o)
    0x080048e8   0x080048e8   0x0000009c   Code   RO         4441    x$fpl$dnaninf       fz_ws.l(dnaninf.o)
    0x08004984   0x08004984   0x0000000c   Code   RO         4443    x$fpl$dretinf       fz_ws.l(dretinf.o)
    0x08004990   0x08004990   0x0000006c   Code   RO         4285    x$fpl$drleqf        fz_ws.l(drleqf.o)
    0x080049fc   0x080049fc   0x00000056   Code   RO         4287    x$fpl$f2d           fz_ws.l(f2d.o)
    0x08004a52   0x08004a52   0x00000002   PAD
    0x08004a54   0x08004a54   0x000000c4   Code   RO         4289    x$fpl$fadd          fz_ws.l(faddsub_clz.o)
    0x08004b18   0x08004b18   0x0000000c   Code   RO         4603    x$fpl$fcheck1       fz_ws.l(fcheck1.o)
    0x08004b24   0x08004b24   0x00000018   Code   RO         4447    x$fpl$fcmpinf       fz_ws.l(fcmpi.o)
    0x08004b3c   0x08004b3c   0x00000184   Code   RO         4296    x$fpl$fdiv          fz_ws.l(fdiv.o)
    0x08004cc0   0x08004cc0   0x00000036   Code   RO         4299    x$fpl$ffix          fz_ws.l(ffix.o)
    0x08004cf6   0x08004cf6   0x00000002   PAD
    0x08004cf8   0x08004cf8   0x00000030   Code   RO         4308    x$fpl$fflt          fz_ws.l(fflt_clz.o)
    0x08004d28   0x08004d28   0x00000068   Code   RO         4313    x$fpl$fleqf         fz_ws.l(fleqf.o)
    0x08004d90   0x08004d90   0x00000102   Code   RO         4315    x$fpl$fmul          fz_ws.l(fmul.o)
    0x08004e92   0x08004e92   0x0000008c   Code   RO         4449    x$fpl$fnaninf       fz_ws.l(fnaninf.o)
    0x08004f1e   0x08004f1e   0x0000000a   Code   RO         4451    x$fpl$fretinf       fz_ws.l(fretinf.o)
    0x08004f28   0x08004f28   0x00000062   Code   RO         4317    x$fpl$frleqf        fz_ws.l(frleqf.o)
    0x08004f8a   0x08004f8a   0x00000014   Code   RO         4290    x$fpl$frsb          fz_ws.l(faddsub_clz.o)
    0x08004f9e   0x08004f9e   0x00000002   PAD
    0x08004fa0   0x08004fa0   0x00000110   Code   RO         4453    x$fpl$fsqrt         fz_ws.l(fsqrt.o)
    0x080050b0   0x080050b0   0x000000ea   Code   RO         4291    x$fpl$fsub          fz_ws.l(faddsub_clz.o)
    0x0800519a   0x0800519a   0x00000004   Code   RO         4455    x$fpl$printf1       fz_ws.l(printf1.o)
    0x0800519e   0x0800519e   0x00000004   Code   RO         4457    x$fpl$printf2       fz_ws.l(printf2.o)
    0x080051a2   0x080051a2   0x00000064   Code   RO         4657    x$fpl$retnan        fz_ws.l(retnan.o)
    0x08005206   0x08005206   0x0000004c   Code   RO         4545    x$fpl$scalbnf       fz_ws.l(scalbnf.o)
    0x08005252   0x08005252   0x00000030   Code   RO         4670    x$fpl$trapveneer    fz_ws.l(trapv.o)
    0x08005282   0x08005282   0x00000000   Code   RO         4463    x$fpl$usenofp       fz_ws.l(usenofp.o)
    0x08005282   0x08005282   0x0000094d   Data   RO         3478    .constdata          oled_data.o
    0x08005bcf   0x08005bcf   0x00000001   PAD
    0x08005bd0   0x08005bd0   0x00000008   Data   RO         4365    .constdata          c_w.l(_printf_wctomb.o)
    0x08005bd8   0x08005bd8   0x00000028   Data   RO         4394    .constdata          c_w.l(_printf_hex_int_ll_ptr.o)
    0x08005c00   0x08005c00   0x00000011   Data   RO         4414    .constdata          c_w.l(__printf_flags_ss_wp.o)
    0x08005c11   0x08005c11   0x00000026   Data   RO         4532    .constdata          c_w.l(_printf_fp_hex.o)
    0x08005c37   0x08005c37   0x00000001   PAD
    0x08005c38   0x08005c38   0x00000094   Data   RO         4566    .constdata          c_w.l(bigflt0.o)
    0x08005ccc   0x08005ccc   0x00000020   Data   RO         4738    Region$$Table       anon$$obj.o
    0x08005cec   0x08005cec   0x0000001c   Data   RO         4590    locale$$data        c_w.l(lc_numeric_c.o)
    0x08005d08   0x08005d08   0x00000110   Data   RO         4609    locale$$data        c_w.l(lc_ctype_c.o)


    Execution Region RW_IRAM1 (Exec base: 0x20000000, Load base: 0x08005e18, Size: 0x00000ec0, Max: 0x00005000, ABSOLUTE, COMPRESSED[0x00000074])

    Exec Addr    Load Addr    Size         Type   Attr      Idx    E Section Name        Object

    0x20000000   COMPRESSED   0x00000014   Data   RW         1805    .data               stm32f10x_rcc.o
    0x20000014   COMPRESSED   0x0000001d   Data   RW         3497    .data               mpu6050.o
    0x20000031   COMPRESSED   0x00000003   PAD
    0x20000034   COMPRESSED   0x0000001c   Data   RW         3739    .data               encoder.o
    0x20000050   COMPRESSED   0x00000004   Data   RW         3798    .data               key.o
    0x20000054   COMPRESSED   0x00000002   Data   RW         3842    .data               serial.o
    0x20000056   COMPRESSED   0x00000001   Data   RW         3966    .data               main.o
    0x20000057   COMPRESSED   0x00000001   PAD
    0x20000058   COMPRESSED   0x0000005c   Data   RW         4089    .data               pid.o
    0x200000b4   COMPRESSED   0x0000032c   Data   RW         4128    .data               menu.o
    0x200003e0   COMPRESSED   0x00000014   Data   RW         4181    .data               element.o
    0x200003f4        -       0x00000400   Zero   RW         3268    .bss                oled.o
    0x200007f4        -       0x0000006c   Zero   RW         3496    .bss                mpu6050.o
    0x20000860        -       0x00000060   Zero   RW         4552    .bss                c_w.l(libspace.o)
    0x200008c0        -       0x00000200   Zero   RW            2    HEAP                startup_stm32f10x_md.o
    0x20000ac0        -       0x00000400   Zero   RW            1    STACK               startup_stm32f10x_md.o


==============================================================================

Image component sizes


      Code (inc. data)   RO Data    RW Data    ZI Data      Debug   Object Name

         0          0          0          0          0       4508   core_cm3.o
        46          0          0          0          0        443   delay.o
         0          0          0         20          0        707   element.o
       600         62          0         28          0       2574   encoder.o
       188         32          0          4          0       2147   key.o
       316         74          0          1          0       1414   main.o
       740        296          0        812          0       3822   menu.o
       132         22          0          0          0     204723   misc.o
       192         16          0          0          0       1479   motor.o
       776         60          0         29        108       3916   mpu6050.o
       360         28          0          0          0       4794   myi2c.o
      1716         52          0          0       1024      12405   oled.o
         0          0       2381          0          0       1066   oled_data.o
       680         94          0         92          0       3166   pid.o
       228         20          0          0          0       1591   pwm.o
        64         10          0          0          0        493   sensor.o
       258         26          0          2          0       2858   serial.o
        64         26        236          0       1536        808   startup_stm32f10x_md.o
         0          0          0          0          0       1652   stm32f10x_adc.o
       458          6          0          0          0      13086   stm32f10x_gpio.o
        26          0          0          0          0       3686   stm32f10x_it.o
       276         32          0         20          0      12926   stm32f10x_rcc.o
      1572        180          0          0          0      36789   stm32f10x_tim.o
       398          6          0          0          0      11618   stm32f10x_usart.o
       354         14          0          0          0       1944   suanfa.o
       328         28          0          0          0      45169   system_stm32f10x.o
       124          0          0          0          0        541   timer.o

    ----------------------------------------------------------------------
      9918       1084       2650       1012       2668     380325   Object Totals
         0          0         32          0          0          0   (incl. Generated)
        22          0          1          4          0          0   (incl. Padding)

    ----------------------------------------------------------------------

      Code (inc. data)   RO Data    RW Data    ZI Data      Debug   Library Member Name

        90          0          0          0          0          0   __dczerorl2.o
         8          0          0          0          0         68   __main.o
       392          4         17          0          0         92   __printf_flags_ss_wp.o
        14          0          0          0          0         68   __printf_wp.o
         0          0          0          0          0          0   __rtentry.o
        12          0          0          0          0          0   __rtentry2.o
         6          0          0          0          0          0   __rtentry4.o
        52          8          0          0          0          0   __scatter.o
        28          0          0          0          0          0   __scatter_zi.o
         6          0          0          0          0          0   _printf_a.o
         6          0          0          0          0          0   _printf_c.o
        44          0          0          0          0        108   _printf_char.o
        48          6          0          0          0         96   _printf_char_common.o
        40          0          0          0          0         68   _printf_charcount.o
         6          0          0          0          0          0   _printf_d.o
       120         16          0          0          0         92   _printf_dec.o
         6          0          0          0          0          0   _printf_e.o
         6          0          0          0          0          0   _printf_f.o
      1054          0          0          0          0        216   _printf_fp_dec.o
       764          8         38          0          0        100   _printf_fp_hex.o
       128         16          0          0          0         84   _printf_fp_infnan.o
         6          0          0          0          0          0   _printf_g.o
       148          4         40          0          0        160   _printf_hex_int_ll_ptr.o
         6          0          0          0          0          0   _printf_i.o
       178          0          0          0          0         88   _printf_intcommon.o
        10          0          0          0          0          0   _printf_l.o
         6          0          0          0          0          0   _printf_lc.o
        10          0          0          0          0          0   _printf_ll.o
         6          0          0          0          0          0   _printf_lld.o
         6          0          0          0          0          0   _printf_lli.o
         6          0          0          0          0          0   _printf_llo.o
         6          0          0          0          0          0   _printf_llu.o
         6          0          0          0          0          0   _printf_llx.o
       124         16          0          0          0         92   _printf_longlong_dec.o
         6          0          0          0          0          0   _printf_ls.o
         6          0          0          0          0          0   _printf_n.o
         6          0          0          0          0          0   _printf_o.o
       112         10          0          0          0        124   _printf_oct_int_ll.o
         6          0          0          0          0          0   _printf_p.o
        78          0          0          0          0        108   _printf_pad.o
         0          0          0          0          0          0   _printf_percent.o
         4          0          0          0          0          0   _printf_percent_end.o
         6          0          0          0          0          0   _printf_s.o
        82          0          0          0          0         80   _printf_str.o
        36          0          0          0          0         84   _printf_truncate.o
         6          0          0          0          0          0   _printf_u.o
        44          0          0          0          0        108   _printf_wchar.o
       188          6          8          0          0         92   _printf_wctomb.o
         6          0          0          0          0          0   _printf_x.o
        22          0          0          0          0        100   _rserrno.o
        10          0          0          0          0         68   _sputc.o
        64          0          0          0          0         92   _wcrtomb.o
       228          4        148          0          0         96   bigflt0.o
      1936        128          0          0          0        672   btod.o
        18          0          0          0          0         80   exit.o
         6          0          0          0          0        152   heapauxi.o
         0          0          0          0          0          0   indicate_semi.o
        44         10        272          0          0         76   lc_ctype_c.o
        44         10         28          0          0         76   lc_numeric_c.o
         2          0          0          0          0          0   libinit.o
        30          0          0          0          0          0   libinit2.o
         2          0          0          0          0          0   libshutdown.o
         2          0          0          0          0          0   libshutdown2.o
         8          4          0          0         96         68   libspace.o
       138          0          0          0          0         80   lludiv10.o
        16          4          0          0          0         76   rt_ctype_table.o
         8          4          0          0          0         68   rt_errno_addr_intlibspace.o
         8          4          0          0          0         68   rt_locale_intlibspace.o
         2          0          0          0          0          0   rtexit.o
        10          0          0          0          0          0   rtexit2.o
       128          0          0          0          0         68   strcmpv7m.o
        12          4          0          0          0         68   sys_exit.o
        74          0          0          0          0         80   sys_stackheap_outer.o
         2          0          0          0          0         68   use_no_semi.o
        36          4          0          0          0         76   vsprintf.o
        24          0          0          0          0         68   dcmpi.o
       688        140          0          0          0        208   ddiv.o
        94          4          0          0          0         92   dfix.o
        46          0          0          0          0         68   dflt_clz.o
       120          4          0          0          0         92   dleqf.o
       156          4          0          0          0         92   dnaninf.o
        12          0          0          0          0         68   dretinf.o
       108          0          0          0          0         80   drleqf.o
        86          4          0          0          0         84   f2d.o
       450          8          0          0          0        236   faddsub_clz.o
        12          4          0          0          0         68   fcheck1.o
        24          0          0          0          0         68   fcmpi.o
       388         76          0          0          0         96   fdiv.o
        54          4          0          0          0         84   ffix.o
        48          0          0          0          0         68   fflt_clz.o
       104          4          0          0          0         84   fleqf.o
       258          4          0          0          0         84   fmul.o
       140          4          0          0          0         84   fnaninf.o
        10          0          0          0          0         68   fretinf.o
        98          0          0          0          0         68   frleqf.o
       272        100          0          0          0         88   fsqrt.o
         4          0          0          0          0         68   printf1.o
         4          0          0          0          0         68   printf2.o
       100          0          0          0          0         68   retnan.o
        76          0          0          0          0         68   scalbnf.o
        48          0          0          0          0         68   trapv.o
         0          0          0          0          0          0   usenofp.o
       604         76          0          0          0        116   atan2f.o
        40          0          0          0          0         68   fpclassify.o
        38          0          0          0          0         68   fpclassifyf.o
        14          0          0          0          0        136   funder.o
        44          0          0          0          0         80   sqrtf.o

    ----------------------------------------------------------------------
     10968        706        552          0         96       6816   Library Totals
        20          0          1          0          0          0   (incl. Padding)

    ----------------------------------------------------------------------

      Code (inc. data)   RO Data    RW Data    ZI Data      Debug   Library Name

      6784        270        551          0         96       4060   c_w.l
      3424        360          0          0          0       2288   fz_ws.l
       740         76          0          0          0        468   m_ws.l

    ----------------------------------------------------------------------
     10968        706        552          0         96       6816   Library Totals

    ----------------------------------------------------------------------

==============================================================================


      Code (inc. data)   RO Data    RW Data    ZI Data      Debug   

     20886       1790       3202       1012       2764     376789   Grand Totals
     20886       1790       3202        116       2764     376789   ELF Image Totals (compressed)
     20886       1790       3202        116          0          0   ROM Totals

==============================================================================

    Total RO  Size (Code + RO Data)                24088 (  23.52kB)
    Total RW  Size (RW Data + ZI Data)              3776 (   3.69kB)
    Total ROM Size (Code + RO Data + RW Data)      24204 (  23.64kB)

==============================================================================

